2026-10-08T14:36:56.3607855Z Current runner version: '2.337.0'
2026-10-08T14:36:56.3636241Z ##[group]Runner Image Provisioner
2026-10-08T14:36:56.3637358Z Hosted Compute Agent
2026-10-08T14:36:56.3638049Z Version: 20260901.588
2026-10-08T14:36:56.3638957Z Commit: f88ec8081b781fac6c440065ac7ff9e710ce3d0b
2026-10-08T14:36:56.3639869Z Build Date: 2026-09-01T19:56:44Z
2026-10-08T14:36:56.3641628Z Worker ID: {aa294ec7-10ef-4e8b-bc5c-bdf461b1161b}
2026-10-08T14:36:56.3642526Z Azure Region: eastus
2026-10-08T14:36:56.3643278Z ##[endgroup]
2026-10-08T14:36:56.3645176Z ##[group]Operating System
2026-10-08T14:36:56.3645916Z Ubuntu
2026-10-08T14:36:56.3646576Z 24.04.5
2026-10-08T14:36:56.3647173Z LTS
2026-10-08T14:36:56.3647859Z ##[endgroup]
2026-10-08T14:36:56.3648559Z ##[group]Runner Image
2026-10-08T14:36:56.3649318Z Image: ubuntu-24.04
2026-10-08T14:36:56.3650007Z Version: 20260927.320.1
2026-10-08T14:36:56.3651661Z Included Software: https://github.com/actions/runner-images/blob/ubuntu24/20260927.320/images/ubuntu/Ubuntu2404-Readme.md
2026-10-08T14:36:56.3653942Z Image Release: https://github.com/actions/runner-images/releases/tag/ubuntu24%2F20260927.320
2026-10-08T14:36:56.3655311Z ##[endgroup]
2026-10-08T14:36:56.3656687Z ##[group]GITHUB_TOKEN Permissions
2026-10-08T14:36:56.3658846Z Contents: read
2026-10-08T14:36:56.3659548Z Metadata: read
2026-10-08T14:36:56.3660362Z ##[endgroup]
2026-10-08T14:36:56.3662912Z Secret source: Actions
2026-10-08T14:36:56.3664341Z Cache mode: write
2026-10-08T14:36:56.3665193Z Prepare workflow directory
2026-10-08T14:36:56.4040482Z Prepare all required actions
2026-10-08T14:36:56.4098064Z Getting action download info
2026-10-08T14:36:56.5408515Z Download action repository 'actions/checkout@v4' (SHA:11d5960a326750d5838078e36cf38b85af677262)
2026-10-08T14:36:56.6477538Z Download action repository 'actions/setup-python@v5' (SHA:a26af69be951a213d495a4c3e4e4022e16d87065)
2026-10-08T14:36:56.8311579Z Complete job name: python-core
2026-10-08T14:36:56.8966936Z ##[group]Run actions/checkout@v4
2026-10-08T14:36:56.8967623Z with:
2026-10-08T14:36:56.8967991Z   repository: Jacob-Met/ledgerly
2026-10-08T14:36:56.8971292Z   token: ***
2026-10-08T14:36:56.8971649Z   ssh-strict: true
2026-10-08T14:36:56.8972009Z   ssh-user: git
2026-10-08T14:36:56.8972366Z   persist-credentials: true
2026-10-08T14:36:56.8972750Z   clean: true
2026-10-08T14:36:56.8973104Z   sparse-checkout-cone-mode: true
2026-10-08T14:36:56.8973511Z   fetch-depth: 1
2026-10-08T14:36:56.8974173Z   fetch-tags: false
2026-10-08T14:36:56.8974558Z   show-progress: true
2026-10-08T14:36:56.8974916Z   lfs: false
2026-10-08T14:36:56.8975247Z   submodules: false
2026-10-08T14:36:56.8975602Z   set-safe-directory: true
2026-10-08T14:36:56.8976008Z   allow-unsafe-pr-checkout: false
2026-10-08T14:36:56.8976637Z ##[endgroup]
2026-10-08T14:36:56.9791658Z Syncing repository: Jacob-Met/ledgerly
2026-10-08T14:36:56.9793305Z ##[group]Getting Git version info
2026-10-08T14:36:56.9794168Z Working directory is '/home/runner/work/ledgerly/ledgerly'
2026-10-08T14:36:56.9794975Z [command]/usr/bin/git version
2026-10-08T14:36:57.0342419Z git version 2.55.0
2026-10-08T14:36:57.0361465Z ##[endgroup]
2026-10-08T14:36:57.0375558Z Temporarily overriding HOME='/home/runner/work/_temp/fc59e49e-1154-4d79-b319-5d0f68df8fb9' before making global git config changes
2026-10-08T14:36:57.0377218Z Adding repository directory to the temporary git global config as a safe directory
2026-10-08T14:36:57.0380757Z [command]/usr/bin/git config --global --add safe.directory /home/runner/work/ledgerly/ledgerly
2026-10-08T14:36:57.0435508Z Deleting the contents of '/home/runner/work/ledgerly/ledgerly'
2026-10-08T14:36:57.0443010Z ##[group]Initializing the repository
2026-10-08T14:36:57.0451982Z [command]/usr/bin/git init /home/runner/work/ledgerly/ledgerly
2026-10-08T14:36:57.0548153Z hint: Using 'master' as the name for the initial branch. This default branch name
2026-10-08T14:36:57.0549217Z hint: will change to "main" in Git 3.0. To configure the initial branch name
2026-10-08T14:36:57.0550373Z hint: to use in all of your new repositories, which will suppress this warning,
2026-10-08T14:36:57.0551812Z hint: call:
2026-10-08T14:36:57.0552202Z hint:
2026-10-08T14:36:57.0552621Z hint: 	git config --global init.defaultBranch <name>
2026-10-08T14:36:57.0553117Z hint:
2026-10-08T14:36:57.0553578Z hint: Names commonly chosen instead of 'master' are 'main', 'trunk' and
2026-10-08T14:36:57.0554579Z hint: 'development'. The just-created branch can be renamed via this command:
2026-10-08T14:36:57.0555482Z hint:
2026-10-08T14:36:57.0556029Z hint: 	git branch -m <name>
2026-10-08T14:36:57.0556599Z hint:
2026-10-08T14:36:57.0557371Z hint: Disable this message with "git config set advice.defaultBranchName false"
2026-10-08T14:36:57.0558497Z Initialized empty Git repository in /home/runner/work/ledgerly/ledgerly/.git/
2026-10-08T14:36:57.0560276Z [command]/usr/bin/git remote add origin https://github.com/Jacob-Met/ledgerly
2026-10-08T14:36:57.0609918Z ##[endgroup]
2026-10-08T14:36:57.0610583Z ##[group]Disabling automatic garbage collection
2026-10-08T14:36:57.0614558Z [command]/usr/bin/git config --local gc.auto 0
2026-10-08T14:36:57.0650544Z ##[endgroup]
2026-10-08T14:36:57.0651460Z ##[group]Setting up auth
2026-10-08T14:36:57.0657326Z [command]/usr/bin/git config --local --name-only --get-regexp core\.sshCommand
2026-10-08T14:36:57.0689277Z [command]/usr/bin/git submodule foreach --recursive sh -c "git config --local --name-only --get-regexp 'core\.sshCommand' && git config --local --unset-all 'core.sshCommand' || :"
2026-10-08T14:36:57.1032897Z [command]/usr/bin/git config --local --name-only --get-regexp http\.https\:\/\/github\.com\/\.extraheader
2026-10-08T14:36:57.1067104Z [command]/usr/bin/git submodule foreach --recursive sh -c "git config --local --name-only --get-regexp 'http\.https\:\/\/github\.com\/\.extraheader' && git config --local --unset-all 'http.https://github.com/.extraheader' || :"
2026-10-08T14:36:57.1262786Z [command]/usr/bin/git config --local --name-only --get-regexp ^includeIf\.gitdir:
2026-10-08T14:36:57.1297195Z [command]/usr/bin/git submodule foreach --recursive git config --local --show-origin --name-only --get-regexp remote.origin.url
2026-10-08T14:36:57.1491389Z [command]/usr/bin/git config --local http.https://github.com/.extraheader AUTHORIZATION: basic ***
2026-10-08T14:36:57.1527977Z ##[endgroup]
2026-10-08T14:36:57.1528707Z ##[group]Fetching the repository
2026-10-08T14:36:57.1536275Z [command]/usr/bin/git -c protocol.version=2 fetch --no-tags --prune --no-recurse-submodules --depth=1 origin +2ee0920dc2f18af4d05eb5c2e30984d5e6e3cc63:refs/remotes/pull/35/merge
2026-10-08T14:36:57.3987007Z From https://github.com/Jacob-Met/ledgerly
2026-10-08T14:36:57.3988740Z  * [new ref]         2ee0920dc2f18af4d05eb5c2e30984d5e6e3cc63 -> pull/35/merge
2026-10-08T14:36:57.3991296Z ##[endgroup]
2026-10-08T14:36:57.3992403Z ##[group]Determining the checkout info
2026-10-08T14:36:57.3994023Z ##[endgroup]
2026-10-08T14:36:57.3994793Z [command]/usr/bin/git sparse-checkout disable
2026-10-08T14:36:57.4046435Z [command]/usr/bin/git config --local --unset-all extensions.worktreeConfig
2026-10-08T14:36:57.4079647Z ##[group]Checking out the ref
2026-10-08T14:36:57.4082019Z [command]/usr/bin/git checkout --progress --force refs/remotes/pull/35/merge
2026-10-08T14:36:57.4493126Z Note: switching to 'refs/remotes/pull/35/merge'.
2026-10-08T14:36:57.4493631Z 
2026-10-08T14:36:57.4494215Z You are in 'detached HEAD' state. You can look around, make experimental
2026-10-08T14:36:57.4495036Z changes and commit them, and you can discard any commits you make in this
2026-10-08T14:36:57.4495832Z state without impacting any branches by switching back to a branch.
2026-10-08T14:36:57.4496290Z 
2026-10-08T14:36:57.4496616Z If you want to create a new branch to retain commits you create, you may
2026-10-08T14:36:57.4497369Z do so (now or later) by using -c with the switch command. Example:
2026-10-08T14:36:57.4497785Z 
2026-10-08T14:36:57.4498025Z   git switch -c <new-branch-name>
2026-10-08T14:36:57.4498325Z 
2026-10-08T14:36:57.4498515Z Or undo this operation with:
2026-10-08T14:36:57.4499033Z 
2026-10-08T14:36:57.4499208Z   git switch -
2026-10-08T14:36:57.4499460Z 
2026-10-08T14:36:57.4499854Z Turn off this advice by setting config variable advice.detachedHead to false
2026-10-08T14:36:57.4500335Z 
2026-10-08T14:36:57.4500883Z HEAD is now at 2ee0920 Merge de24842a91314fdb89e1b8121d206693fbceb5d3 into b9c24ace6b57a17215a53c50b674bd187d13f8ed
2026-10-08T14:36:57.4503669Z ##[endgroup]
2026-10-08T14:36:57.4547697Z [command]/usr/bin/git log -1 --format=%H
2026-10-08T14:36:57.4571864Z 2ee0920dc2f18af4d05eb5c2e30984d5e6e3cc63
2026-10-08T14:36:57.4836558Z ##[group]Run actions/setup-python@v5
2026-10-08T14:36:57.4837073Z with:
2026-10-08T14:36:57.4837455Z   python-version: 3.12
2026-10-08T14:36:57.4837867Z   check-latest: false
2026-10-08T14:36:57.4841370Z   token: ***
2026-10-08T14:36:57.4841759Z   update-environment: true
2026-10-08T14:36:57.4842203Z   allow-prereleases: false
2026-10-08T14:36:57.4842659Z   freethreaded: false
2026-10-08T14:36:57.4843062Z ##[endgroup]
2026-10-08T14:36:57.5946994Z ##[group]Installed versions
2026-10-08T14:36:57.6014279Z (node:2110) [DEP0040] DeprecationWarning: The `punycode` module is deprecated. Please use a userland alternative instead.
2026-10-08T14:36:57.6016018Z (Use `node --trace-deprecation ...` to show where the warning was created)
2026-10-08T14:36:57.6017097Z Successfully set up CPython (3.12.14)
2026-10-08T14:36:57.6018244Z ##[endgroup]
2026-10-08T14:36:57.6186754Z ##[group]Run python -m pip install pytest
2026-10-08T14:36:57.6187435Z [36;1mpython -m pip install pytest[0m
2026-10-08T14:36:57.6486306Z shell: /usr/bin/bash -e {0}
2026-10-08T14:36:57.6486870Z env:
2026-10-08T14:36:57.6487351Z   pythonLocation: /opt/hostedtoolcache/Python/3.12.14/x64
2026-10-08T14:36:57.6488086Z   PKG_CONFIG_PATH: /opt/hostedtoolcache/Python/3.12.14/x64/lib/pkgconfig
2026-10-08T14:36:57.6488791Z   Python_ROOT_DIR: /opt/hostedtoolcache/Python/3.12.14/x64
2026-10-08T14:36:57.6489418Z   Python2_ROOT_DIR: /opt/hostedtoolcache/Python/3.12.14/x64
2026-10-08T14:36:57.6490087Z   Python3_ROOT_DIR: /opt/hostedtoolcache/Python/3.12.14/x64
2026-10-08T14:36:57.6490728Z   LD_LIBRARY_PATH: /opt/hostedtoolcache/Python/3.12.14/x64/lib
2026-10-08T14:36:57.6491305Z ##[endgroup]
2026-10-08T14:36:58.4100524Z Collecting pytest
2026-10-08T14:36:58.4504460Z   Downloading pytest-9.1.1-py3-none-any.whl.metadata (7.6 kB)
2026-10-08T14:36:58.4624355Z Collecting iniconfig>=1.0.1 (from pytest)
2026-10-08T14:36:58.4655570Z   Downloading iniconfig-2.3.1-py3-none-any.whl.metadata (2.8 kB)
2026-10-08T14:36:58.4825137Z Collecting packaging>=22 (from pytest)
2026-10-08T14:36:58.4863568Z   Downloading packaging-26.3-py3-none-any.whl.metadata (3.5 kB)
2026-10-08T14:36:58.4996685Z Collecting pluggy<2,>=1.5 (from pytest)
2026-10-08T14:36:58.5029320Z   Downloading pluggy-1.6.0-py3-none-any.whl.metadata (4.8 kB)
2026-10-08T14:36:58.5177594Z Collecting pygments>=2.7.2 (from pytest)
2026-10-08T14:36:58.5211033Z   Downloading pygments-2.21.0-py3-none-any.whl.metadata (2.5 kB)
2026-10-08T14:36:58.5293152Z Downloading pytest-9.1.1-py3-none-any.whl (386 kB)
2026-10-08T14:36:58.5454780Z Downloading pluggy-1.6.0-py3-none-any.whl (20 kB)
2026-10-08T14:36:58.5507517Z Downloading iniconfig-2.3.1-py3-none-any.whl (7.6 kB)
2026-10-08T14:36:58.5564557Z Downloading packaging-26.3-py3-none-any.whl (129 kB)
2026-10-08T14:36:58.5619029Z Downloading pygments-2.21.0-py3-none-any.whl (1.3 MB)
2026-10-08T14:36:58.5776110Z    ━━━━━━━━━━━━━━━━━━━━━━━━━━━━━━━━━━━━━━━━ 1.3/1.3 MB 87.6 MB/s  0:00:00
2026-10-08T14:36:58.6298856Z Installing collected packages: pygments, pluggy, packaging, iniconfig, pytest
2026-10-08T14:36:59.5193408Z 
2026-10-08T14:36:59.5202298Z Successfully installed iniconfig-2.3.1 packaging-26.3 pluggy-1.6.0 pygments-2.21.0 pytest-9.1.1
2026-10-08T14:36:59.5677276Z ##[group]Run python -m pytest -q
2026-10-08T14:36:59.5677550Z [36;1mpython -m pytest -q[0m
2026-10-08T14:36:59.5735680Z shell: /usr/bin/bash -e {0}
2026-10-08T14:36:59.5735898Z env:
2026-10-08T14:36:59.5736136Z   pythonLocation: /opt/hostedtoolcache/Python/3.12.14/x64
2026-10-08T14:36:59.5736688Z   PKG_CONFIG_PATH: /opt/hostedtoolcache/Python/3.12.14/x64/lib/pkgconfig
2026-10-08T14:36:59.5737058Z   Python_ROOT_DIR: /opt/hostedtoolcache/Python/3.12.14/x64
2026-10-08T14:36:59.5737370Z   Python2_ROOT_DIR: /opt/hostedtoolcache/Python/3.12.14/x64
2026-10-08T14:36:59.5737677Z   Python3_ROOT_DIR: /opt/hostedtoolcache/Python/3.12.14/x64
2026-10-08T14:36:59.5737990Z   LD_LIBRARY_PATH: /opt/hostedtoolcache/Python/3.12.14/x64/lib
2026-10-08T14:36:59.5738279Z ##[endgroup]
2026-10-08T14:37:01.1530520Z ................................................................... [ 32%]
2026-10-08T14:37:01.1886950Z ........................................ [ 52%]
2026-10-08T14:37:01.2708779Z .............................................. [ 74%]
2026-10-08T14:37:01.3876330Z ....................................... [ 93%]
2026-10-08T14:37:01.4223027Z .............                                                            [100%]
2026-10-08T14:37:01.4223684Z 205 passed, 96 subtests passed in 0.85s
2026-10-08T14:37:01.5798977Z Post job cleanup.
2026-10-08T14:37:01.6741485Z (node:2147) [DEP0040] DeprecationWarning: The `punycode` module is deprecated. Please use a userland alternative instead.
2026-10-08T14:37:01.6742366Z (Use `node --trace-deprecation ...` to show where the warning was created)
2026-10-08T14:37:01.6901563Z Post job cleanup.
2026-10-08T14:37:01.7582547Z [command]/usr/bin/git version
2026-10-08T14:37:01.7617504Z git version 2.55.0
2026-10-08T14:37:01.7649156Z Temporarily overriding HOME='/home/runner/work/_temp/c43dc0f0-1120-48c8-bd1a-0495da1b9ce0' before making global git config changes
2026-10-08T14:37:01.7650151Z Adding repository directory to the temporary git global config as a safe directory
2026-10-08T14:37:01.7674511Z [command]/usr/bin/git config --global --add safe.directory /home/runner/work/ledgerly/ledgerly
2026-10-08T14:37:01.7705056Z [command]/usr/bin/git config --local --name-only --get-regexp core\.sshCommand
2026-10-08T14:37:01.7716859Z [command]/usr/bin/git submodule foreach --recursive sh -c "git config --local --name-only --get-regexp 'core\.sshCommand' && git config --local --unset-all 'core.sshCommand' || :"
2026-10-08T14:37:01.7927314Z [command]/usr/bin/git config --local --name-only --get-regexp http\.https\:\/\/github\.com\/\.extraheader
2026-10-08T14:37:01.7957278Z http.https://github.com/.extraheader
2026-10-08T14:37:01.7966234Z [command]/usr/bin/git config --local --unset-all http.https://github.com/.extraheader
2026-10-08T14:37:01.7997342Z [command]/usr/bin/git submodule foreach --recursive sh -c "git config --local --name-only --get-regexp 'http\.https\:\/\/github\.com\/\.extraheader' && git config --local --unset-all 'http.https://github.com/.extraheader' || :"
2026-10-08T14:37:01.8217329Z [command]/usr/bin/git config --local --name-only --get-regexp ^includeIf\.gitdir:
2026-10-08T14:37:01.8251051Z [command]/usr/bin/git submodule foreach --recursive git config --local --show-origin --name-only --get-regexp remote.origin.url
2026-10-08T14:37:01.8584660Z Cleaning up orphan processes
2026-10-08T14:37:01.8828934Z ##[warning]Node.js 20 is deprecated. The following actions target Node.js 20 but are being forced to run on Node.js 24: actions/checkout@v4, actions/setup-python@v5. For more information see: https://github.blog/changelog/2025-09-19-deprecation-of-node-20-on-github-actions-runners/
