2026-10-08T13:58:10.2782344Z Current runner version: '2.337.0'
2026-10-08T13:58:10.2807565Z ##[group]Runner Image Provisioner
2026-10-08T13:58:10.2808361Z Hosted Compute Agent
2026-10-08T13:58:10.2808927Z Version: 20261002.596
2026-10-08T13:58:10.2809479Z Commit: c3d12f3313a95f25162a1503be624f3b0617f8c0
2026-10-08T13:58:10.2810141Z Build Date: 2026-10-02T22:28:27Z
2026-10-08T13:58:10.2810791Z Worker ID: {789214e2-05c9-4f1f-ba68-b7891548a468}
2026-10-08T13:58:10.2811405Z Region: westus3
2026-10-08T13:58:10.2811955Z Cloud: Azure
2026-10-08T13:58:10.2812434Z ##[endgroup]
2026-10-08T13:58:10.2813611Z ##[group]Operating System
2026-10-08T13:58:10.2814191Z Ubuntu
2026-10-08T13:58:10.2814637Z 24.04.5
2026-10-08T13:58:10.2815058Z LTS
2026-10-08T13:58:10.2815600Z ##[endgroup]
2026-10-08T13:58:10.2816296Z ##[group]Runner Image
2026-10-08T13:58:10.2816840Z Image: ubuntu-24.04
2026-10-08T13:58:10.2817317Z Version: 20261004.327.1
2026-10-08T13:58:10.2818529Z Included Software: https://github.com/actions/runner-images/blob/ubuntu24/20261004.327/images/ubuntu/Ubuntu2404-Readme.md
2026-10-08T13:58:10.2819860Z Image Release: https://github.com/actions/runner-images/releases/tag/ubuntu24%2F20261004.327
2026-10-08T13:58:10.2820700Z ##[endgroup]
2026-10-08T13:58:10.2821634Z ##[group]GITHUB_TOKEN Permissions
2026-10-08T13:58:10.2823429Z Contents: read
2026-10-08T13:58:10.2823957Z Metadata: read
2026-10-08T13:58:10.2824414Z ##[endgroup]
2026-10-08T13:58:10.2826708Z Secret source: Actions
2026-10-08T13:58:10.2827536Z Cache mode: write
2026-10-08T13:58:10.2828261Z Prepare workflow directory
2026-10-08T13:58:10.3149314Z Prepare all required actions
2026-10-08T13:58:10.3198390Z Getting action download info
2026-10-08T13:58:10.6125746Z Download action repository 'actions/checkout@v4' (SHA:11d5960a326750d5838078e36cf38b85af677262)
2026-10-08T13:58:10.7028770Z Download action repository 'actions/setup-python@v5' (SHA:a26af69be951a213d495a4c3e4e4022e16d87065)
2026-10-08T13:58:10.8868531Z Complete job name: python-core
2026-10-08T13:58:10.9489503Z ##[group]Run actions/checkout@v4
2026-10-08T13:58:10.9490205Z with:
2026-10-08T13:58:10.9490568Z   repository: Jacob-Met/ledgerly
2026-10-08T13:58:10.9493649Z   token: ***
2026-10-08T13:58:10.9494004Z   ssh-strict: true
2026-10-08T13:58:10.9494368Z   ssh-user: git
2026-10-08T13:58:10.9494728Z   persist-credentials: true
2026-10-08T13:58:10.9495118Z   clean: true
2026-10-08T13:58:10.9495482Z   sparse-checkout-cone-mode: true
2026-10-08T13:58:10.9495895Z   fetch-depth: 1
2026-10-08T13:58:10.9496368Z   fetch-tags: false
2026-10-08T13:58:10.9496728Z   show-progress: true
2026-10-08T13:58:10.9497094Z   lfs: false
2026-10-08T13:58:10.9497428Z   submodules: false
2026-10-08T13:58:10.9497781Z   set-safe-directory: true
2026-10-08T13:58:10.9498183Z   allow-unsafe-pr-checkout: false
2026-10-08T13:58:10.9498845Z ##[endgroup]
2026-10-08T13:58:11.0335387Z Syncing repository: Jacob-Met/ledgerly
2026-10-08T13:58:11.0337409Z ##[group]Getting Git version info
2026-10-08T13:58:11.0338083Z Working directory is '/home/runner/work/ledgerly/ledgerly'
2026-10-08T13:58:11.0338994Z [command]/usr/bin/git version
2026-10-08T13:58:11.0379643Z git version 2.55.0
2026-10-08T13:58:11.0395517Z ##[endgroup]
2026-10-08T13:58:11.0408515Z Temporarily overriding HOME='/home/runner/work/_temp/c1792146-b521-490b-8fbe-58a00af28030' before making global git config changes
2026-10-08T13:58:11.0410304Z Adding repository directory to the temporary git global config as a safe directory
2026-10-08T13:58:11.0412655Z [command]/usr/bin/git config --global --add safe.directory /home/runner/work/ledgerly/ledgerly
2026-10-08T13:58:11.0460351Z Deleting the contents of '/home/runner/work/ledgerly/ledgerly'
2026-10-08T13:58:11.0468134Z ##[group]Initializing the repository
2026-10-08T13:58:11.0476853Z [command]/usr/bin/git init /home/runner/work/ledgerly/ledgerly
2026-10-08T13:58:11.0589413Z hint: Using 'master' as the name for the initial branch. This default branch name
2026-10-08T13:58:11.0590762Z hint: will change to "main" in Git 3.0. To configure the initial branch name
2026-10-08T13:58:11.0592348Z hint: to use in all of your new repositories, which will suppress this warning,
2026-10-08T13:58:11.0593640Z hint: call:
2026-10-08T13:58:11.0594131Z hint:
2026-10-08T13:58:11.0594750Z hint: 	git config --global init.defaultBranch <name>
2026-10-08T13:58:11.0595502Z hint:
2026-10-08T13:58:11.0596364Z hint: Names commonly chosen instead of 'master' are 'main', 'trunk' and
2026-10-08T13:58:11.0597525Z hint: 'development'. The just-created branch can be renamed via this command:
2026-10-08T13:58:11.0598438Z hint:
2026-10-08T13:58:11.0598923Z hint: 	git branch -m <name>
2026-10-08T13:58:11.0599501Z hint:
2026-10-08T13:58:11.0600239Z hint: Disable this message with "git config set advice.defaultBranchName false"
2026-10-08T13:58:11.0601208Z Initialized empty Git repository in /home/runner/work/ledgerly/ledgerly/.git/
2026-10-08T13:58:11.0602703Z [command]/usr/bin/git remote add origin https://github.com/Jacob-Met/ledgerly
2026-10-08T13:58:11.0646758Z ##[endgroup]
2026-10-08T13:58:11.0647666Z ##[group]Disabling automatic garbage collection
2026-10-08T13:58:11.0649894Z [command]/usr/bin/git config --local gc.auto 0
2026-10-08T13:58:11.0683717Z ##[endgroup]
2026-10-08T13:58:11.0684598Z ##[group]Setting up auth
2026-10-08T13:58:11.0690855Z [command]/usr/bin/git config --local --name-only --get-regexp core\.sshCommand
2026-10-08T13:58:11.0720967Z [command]/usr/bin/git submodule foreach --recursive sh -c "git config --local --name-only --get-regexp 'core\.sshCommand' && git config --local --unset-all 'core.sshCommand' || :"
2026-10-08T13:58:11.1054674Z [command]/usr/bin/git config --local --name-only --get-regexp http\.https\:\/\/github\.com\/\.extraheader
2026-10-08T13:58:11.1088431Z [command]/usr/bin/git submodule foreach --recursive sh -c "git config --local --name-only --get-regexp 'http\.https\:\/\/github\.com\/\.extraheader' && git config --local --unset-all 'http.https://github.com/.extraheader' || :"
2026-10-08T13:58:11.1283647Z [command]/usr/bin/git config --local --name-only --get-regexp ^includeIf\.gitdir:
2026-10-08T13:58:11.1315869Z [command]/usr/bin/git submodule foreach --recursive git config --local --show-origin --name-only --get-regexp remote.origin.url
2026-10-08T13:58:11.1508859Z [command]/usr/bin/git config --local http.https://github.com/.extraheader AUTHORIZATION: basic ***
2026-10-08T13:58:11.1546316Z ##[endgroup]
2026-10-08T13:58:11.1547054Z ##[group]Fetching the repository
2026-10-08T13:58:11.1554529Z [command]/usr/bin/git -c protocol.version=2 fetch --no-tags --prune --no-recurse-submodules --depth=1 origin +dadbe12b4316e9f620789a6f9faf5f04c40f2e0f:refs/remotes/pull/27/merge
2026-10-08T13:58:12.3803418Z From https://github.com/Jacob-Met/ledgerly
2026-10-08T13:58:12.3804481Z  * [new ref]         dadbe12b4316e9f620789a6f9faf5f04c40f2e0f -> pull/27/merge
2026-10-08T13:58:12.3808051Z ##[endgroup]
2026-10-08T13:58:12.3808667Z ##[group]Determining the checkout info
2026-10-08T13:58:12.3809934Z ##[endgroup]
2026-10-08T13:58:12.3817028Z [command]/usr/bin/git sparse-checkout disable
2026-10-08T13:58:12.3988695Z [command]/usr/bin/git config --local --unset-all extensions.worktreeConfig
2026-10-08T13:58:12.4022582Z ##[group]Checking out the ref
2026-10-08T13:58:12.4026453Z [command]/usr/bin/git checkout --progress --force refs/remotes/pull/27/merge
2026-10-08T13:58:12.4396505Z Note: switching to 'refs/remotes/pull/27/merge'.
2026-10-08T13:58:12.4396961Z 
2026-10-08T13:58:12.4397187Z You are in 'detached HEAD' state. You can look around, make experimental
2026-10-08T13:58:12.4397645Z changes and commit them, and you can discard any commits you make in this
2026-10-08T13:58:12.4398069Z state without impacting any branches by switching back to a branch.
2026-10-08T13:58:12.4398331Z 
2026-10-08T13:58:12.4398603Z If you want to create a new branch to retain commits you create, you may
2026-10-08T13:58:12.4399020Z do so (now or later) by using -c with the switch command. Example:
2026-10-08T13:58:12.4399252Z 
2026-10-08T13:58:12.4399435Z   git switch -c <new-branch-name>
2026-10-08T13:58:12.4399621Z 
2026-10-08T13:58:12.4400061Z Or undo this operation with:
2026-10-08T13:58:12.4400246Z 
2026-10-08T13:58:12.4400348Z   git switch -
2026-10-08T13:58:12.4400503Z 
2026-10-08T13:58:12.4400762Z Turn off this advice by setting config variable advice.detachedHead to false
2026-10-08T13:58:12.4401027Z 
2026-10-08T13:58:12.4401341Z HEAD is now at dadbe12 Merge 794b3ceb70679066a0e5e3e6095cc56eaee644e8 into 2ab89fdd65d200355dda381ba7bae82a22e268fc
2026-10-08T13:58:12.4407539Z ##[endgroup]
2026-10-08T13:58:12.4450241Z [command]/usr/bin/git log -1 --format=%H
2026-10-08T13:58:12.4475796Z dadbe12b4316e9f620789a6f9faf5f04c40f2e0f
2026-10-08T13:58:12.5387002Z ##[group]Run actions/setup-python@v5
2026-10-08T13:58:12.5387302Z with:
2026-10-08T13:58:12.5387582Z   python-version: 3.12
2026-10-08T13:58:12.5387824Z   check-latest: false
2026-10-08T13:58:12.5389861Z   token: ***
2026-10-08T13:58:12.5390087Z   update-environment: true
2026-10-08T13:58:12.5390336Z   allow-prereleases: false
2026-10-08T13:58:12.5390600Z   freethreaded: false
2026-10-08T13:58:12.5390852Z ##[endgroup]
2026-10-08T13:58:12.6560758Z ##[group]Installed versions
2026-10-08T13:58:12.6653799Z (node:2075) [DEP0040] DeprecationWarning: The `punycode` module is deprecated. Please use a userland alternative instead.
2026-10-08T13:58:12.6654964Z (Use `node --trace-deprecation ...` to show where the warning was created)
2026-10-08T13:58:12.6655522Z Successfully set up CPython (3.12.15)
2026-10-08T13:58:12.6656407Z ##[endgroup]
2026-10-08T13:58:12.6862476Z ##[group]Run python -m pip install pytest
2026-10-08T13:58:12.6863102Z [36;1mpython -m pip install pytest[0m
2026-10-08T13:58:12.7128693Z shell: /usr/bin/bash -e {0}
2026-10-08T13:58:12.7129085Z env:
2026-10-08T13:58:12.7129395Z   pythonLocation: /opt/hostedtoolcache/Python/3.12.15/x64
2026-10-08T13:58:12.7129834Z   PKG_CONFIG_PATH: /opt/hostedtoolcache/Python/3.12.15/x64/lib/pkgconfig
2026-10-08T13:58:12.7130247Z   Python_ROOT_DIR: /opt/hostedtoolcache/Python/3.12.15/x64
2026-10-08T13:58:12.7130622Z   Python2_ROOT_DIR: /opt/hostedtoolcache/Python/3.12.15/x64
2026-10-08T13:58:12.7131027Z   Python3_ROOT_DIR: /opt/hostedtoolcache/Python/3.12.15/x64
2026-10-08T13:58:12.7131387Z   LD_LIBRARY_PATH: /opt/hostedtoolcache/Python/3.12.15/x64/lib
2026-10-08T13:58:12.7131704Z ##[endgroup]
2026-10-08T13:58:13.7978695Z Collecting pytest
2026-10-08T13:58:13.8561595Z   Downloading pytest-9.1.1-py3-none-any.whl.metadata (7.6 kB)
2026-10-08T13:58:13.8853831Z Collecting iniconfig>=1.0.1 (from pytest)
2026-10-08T13:58:13.8954326Z   Downloading iniconfig-2.3.1-py3-none-any.whl.metadata (2.8 kB)
2026-10-08T13:58:13.9305018Z Collecting packaging>=22 (from pytest)
2026-10-08T13:58:13.9406346Z   Downloading packaging-26.3-py3-none-any.whl.metadata (3.5 kB)
2026-10-08T13:58:13.9725911Z Collecting pluggy<2,>=1.5 (from pytest)
2026-10-08T13:58:13.9825969Z   Downloading pluggy-1.6.0-py3-none-any.whl.metadata (4.8 kB)
2026-10-08T13:58:14.0057242Z Collecting pygments>=2.7.2 (from pytest)
2026-10-08T13:58:14.0160808Z   Downloading pygments-2.21.0-py3-none-any.whl.metadata (2.5 kB)
2026-10-08T13:58:14.0305655Z Downloading pytest-9.1.1-py3-none-any.whl (386 kB)
2026-10-08T13:58:14.0763718Z Downloading pluggy-1.6.0-py3-none-any.whl (20 kB)
2026-10-08T13:58:14.0883565Z Downloading iniconfig-2.3.1-py3-none-any.whl (7.6 kB)
2026-10-08T13:58:14.1002122Z Downloading packaging-26.3-py3-none-any.whl (129 kB)
2026-10-08T13:58:14.1127808Z Downloading pygments-2.21.0-py3-none-any.whl (1.3 MB)
2026-10-08T13:58:14.1518985Z    ━━━━━━━━━━━━━━━━━━━━━━━━━━━━━━━━━━━━━━━━ 1.3/1.3 MB 35.5 MB/s  0:00:00
2026-10-08T13:58:14.2883330Z Installing collected packages: pygments, pluggy, packaging, iniconfig, pytest
2026-10-08T13:58:15.2903562Z 
2026-10-08T13:58:15.2913552Z Successfully installed iniconfig-2.3.1 packaging-26.3 pluggy-1.6.0 pygments-2.21.0 pytest-9.1.1
2026-10-08T13:58:15.3557043Z ##[group]Run python -m pytest -q
2026-10-08T13:58:15.3557322Z [36;1mpython -m pytest -q[0m
2026-10-08T13:58:15.3616498Z shell: /usr/bin/bash -e {0}
2026-10-08T13:58:15.3616723Z env:
2026-10-08T13:58:15.3617145Z   pythonLocation: /opt/hostedtoolcache/Python/3.12.15/x64
2026-10-08T13:58:15.3617503Z   PKG_CONFIG_PATH: /opt/hostedtoolcache/Python/3.12.15/x64/lib/pkgconfig
2026-10-08T13:58:15.3617841Z   Python_ROOT_DIR: /opt/hostedtoolcache/Python/3.12.15/x64
2026-10-08T13:58:15.3618154Z   Python2_ROOT_DIR: /opt/hostedtoolcache/Python/3.12.15/x64
2026-10-08T13:58:15.3618467Z   Python3_ROOT_DIR: /opt/hostedtoolcache/Python/3.12.15/x64
2026-10-08T13:58:15.3618769Z   LD_LIBRARY_PATH: /opt/hostedtoolcache/Python/3.12.15/x64/lib
2026-10-08T13:58:15.3619061Z ##[endgroup]
2026-10-08T13:58:16.2558083Z ................................................................... [ 34%]
2026-10-08T13:58:16.2921353Z ........................................ [ 55%]
2026-10-08T13:58:16.3759712Z .............................................. [ 79%]
2026-10-08T13:58:16.4582158Z ........................................                                 [100%]
2026-10-08T13:58:16.4582694Z 193 passed, 63 subtests passed in 0.81s
2026-10-08T13:58:16.4967800Z Post job cleanup.
2026-10-08T13:58:16.5944468Z (node:2116) [DEP0040] DeprecationWarning: The `punycode` module is deprecated. Please use a userland alternative instead.
2026-10-08T13:58:16.6033662Z (Use `node --trace-deprecation ...` to show where the warning was created)
2026-10-08T13:58:16.6119330Z Post job cleanup.
2026-10-08T13:58:16.6848492Z [command]/usr/bin/git version
2026-10-08T13:58:16.6888786Z git version 2.55.0
2026-10-08T13:58:16.6922877Z Temporarily overriding HOME='/home/runner/work/_temp/e60469ab-76e6-4769-80f4-507f107ba38f' before making global git config changes
2026-10-08T13:58:16.6924273Z Adding repository directory to the temporary git global config as a safe directory
2026-10-08T13:58:16.6928145Z [command]/usr/bin/git config --global --add safe.directory /home/runner/work/ledgerly/ledgerly
2026-10-08T13:58:16.6969346Z [command]/usr/bin/git config --local --name-only --get-regexp core\.sshCommand
2026-10-08T13:58:16.7011211Z [command]/usr/bin/git submodule foreach --recursive sh -c "git config --local --name-only --get-regexp 'core\.sshCommand' && git config --local --unset-all 'core.sshCommand' || :"
2026-10-08T13:58:16.7235571Z [command]/usr/bin/git config --local --name-only --get-regexp http\.https\:\/\/github\.com\/\.extraheader
2026-10-08T13:58:16.7267005Z http.https://github.com/.extraheader
2026-10-08T13:58:16.7278615Z [command]/usr/bin/git config --local --unset-all http.https://github.com/.extraheader
2026-10-08T13:58:16.7314011Z [command]/usr/bin/git submodule foreach --recursive sh -c "git config --local --name-only --get-regexp 'http\.https\:\/\/github\.com\/\.extraheader' && git config --local --unset-all 'http.https://github.com/.extraheader' || :"
2026-10-08T13:58:16.7552754Z [command]/usr/bin/git config --local --name-only --get-regexp ^includeIf\.gitdir:
2026-10-08T13:58:16.7599611Z [command]/usr/bin/git submodule foreach --recursive git config --local --show-origin --name-only --get-regexp remote.origin.url
2026-10-08T13:58:16.7943507Z Cleaning up orphan processes
2026-10-08T13:58:16.8214344Z ##[warning]Node.js 20 is deprecated. The following actions target Node.js 20 but are being forced to run on Node.js 24: actions/checkout@v4, actions/setup-python@v5. For more information see: https://github.blog/changelog/2025-09-19-deprecation-of-node-20-on-github-actions-runners/
