2026-10-08T12:35:58.9923160Z Current runner version: '2.337.0'
2026-10-08T12:35:58.9938265Z ##[group]Runner Image Provisioner
2026-10-08T12:35:58.9938811Z Hosted Compute Agent
2026-10-08T12:35:58.9939251Z Version: 20261002.596
2026-10-08T12:35:58.9939647Z Commit: c3d12f3313a95f25162a1503be624f3b0617f8c0
2026-10-08T12:35:58.9940095Z Build Date: 2026-10-02T22:28:27Z
2026-10-08T12:35:58.9940523Z Worker ID: {962ccd65-d9f8-4210-ab0f-83c3a85800f2}
2026-10-08T12:35:58.9940919Z Region: centralus
2026-10-08T12:35:58.9941322Z Cloud: Azure
2026-10-08T12:35:58.9941634Z ##[endgroup]
2026-10-08T12:35:58.9942593Z ##[group]Operating System
2026-10-08T12:35:58.9943006Z Ubuntu
2026-10-08T12:35:58.9943309Z 24.04.5
2026-10-08T12:35:58.9943648Z LTS
2026-10-08T12:35:58.9943981Z ##[endgroup]
2026-10-08T12:35:58.9944290Z ##[group]Runner Image
2026-10-08T12:35:58.9944709Z Image: ubuntu-24.04
2026-10-08T12:35:58.9945041Z Version: 20261004.327.1
2026-10-08T12:35:58.9945819Z Included Software: https://github.com/actions/runner-images/blob/ubuntu24/20261004.327/images/ubuntu/Ubuntu2404-Readme.md
2026-10-08T12:35:58.9946634Z Image Release: https://github.com/actions/runner-images/releases/tag/ubuntu24%2F20261004.327
2026-10-08T12:35:58.9947256Z ##[endgroup]
2026-10-08T12:35:58.9947855Z ##[group]GITHUB_TOKEN Permissions
2026-10-08T12:35:58.9949078Z Contents: read
2026-10-08T12:35:58.9949409Z Metadata: read
2026-10-08T12:35:58.9949783Z ##[endgroup]
2026-10-08T12:35:58.9950964Z Secret source: Actions
2026-10-08T12:35:58.9951580Z Cache mode: write
2026-10-08T12:35:58.9951967Z Prepare workflow directory
2026-10-08T12:35:59.0149489Z Prepare all required actions
2026-10-08T12:35:59.0178429Z Getting action download info
2026-10-08T12:35:59.2199399Z Download action repository 'actions/checkout@v4' (SHA:11d5960a326750d5838078e36cf38b85af677262)
2026-10-08T12:35:59.2951872Z Download action repository 'actions/setup-node@v4' (SHA:49933ea5288caeca8642d1e84afbd3f7d6820020)
2026-10-08T12:35:59.4698698Z Complete job name: browser-engine
2026-10-08T12:35:59.5144023Z ##[group]Run actions/checkout@v4
2026-10-08T12:35:59.5144429Z with:
2026-10-08T12:35:59.5144665Z   repository: Jacob-Met/ledgerly
2026-10-08T12:35:59.5146815Z   token: ***
2026-10-08T12:35:59.5147044Z   ssh-strict: true
2026-10-08T12:35:59.5147272Z   ssh-user: git
2026-10-08T12:35:59.5147510Z   persist-credentials: true
2026-10-08T12:35:59.5147767Z   clean: true
2026-10-08T12:35:59.5148006Z   sparse-checkout-cone-mode: true
2026-10-08T12:35:59.5148282Z   fetch-depth: 1
2026-10-08T12:35:59.5148512Z   fetch-tags: false
2026-10-08T12:35:59.5148748Z   show-progress: true
2026-10-08T12:35:59.5148987Z   lfs: false
2026-10-08T12:35:59.5149205Z   submodules: false
2026-10-08T12:35:59.5149538Z   set-safe-directory: true
2026-10-08T12:35:59.5149813Z   allow-unsafe-pr-checkout: false
2026-10-08T12:35:59.5150158Z ##[endgroup]
2026-10-08T12:35:59.5792836Z Syncing repository: Jacob-Met/ledgerly
2026-10-08T12:35:59.5794213Z ##[group]Getting Git version info
2026-10-08T12:35:59.5794839Z Working directory is '/home/runner/work/ledgerly/ledgerly'
2026-10-08T12:35:59.5795633Z [command]/usr/bin/git version
2026-10-08T12:35:59.5854705Z git version 2.55.0
2026-10-08T12:35:59.5865872Z ##[endgroup]
2026-10-08T12:35:59.5875004Z Temporarily overriding HOME='/home/runner/work/_temp/b8d3cfc7-8c54-4cb9-a8f5-cfc86839dcd3' before making global git config changes
2026-10-08T12:35:59.5876187Z Adding repository directory to the temporary git global config as a safe directory
2026-10-08T12:35:59.5878088Z [command]/usr/bin/git config --global --add safe.directory /home/runner/work/ledgerly/ledgerly
2026-10-08T12:35:59.5919527Z Deleting the contents of '/home/runner/work/ledgerly/ledgerly'
2026-10-08T12:35:59.5922586Z ##[group]Initializing the repository
2026-10-08T12:35:59.5925018Z [command]/usr/bin/git init /home/runner/work/ledgerly/ledgerly
2026-10-08T12:35:59.6026655Z hint: Using 'master' as the name for the initial branch. This default branch name
2026-10-08T12:35:59.6027548Z hint: will change to "main" in Git 3.0. To configure the initial branch name
2026-10-08T12:35:59.6028552Z hint: to use in all of your new repositories, which will suppress this warning,
2026-10-08T12:35:59.6029171Z hint: call:
2026-10-08T12:35:59.6029633Z hint:
2026-10-08T12:35:59.6030059Z hint: 	git config --global init.defaultBranch <name>
2026-10-08T12:35:59.6030561Z hint:
2026-10-08T12:35:59.6031180Z hint: Names commonly chosen instead of 'master' are 'main', 'trunk' and
2026-10-08T12:35:59.6031972Z hint: 'development'. The just-created branch can be renamed via this command:
2026-10-08T12:35:59.6032692Z hint:
2026-10-08T12:35:59.6033040Z hint: 	git branch -m <name>
2026-10-08T12:35:59.6033430Z hint:
2026-10-08T12:35:59.6034022Z hint: Disable this message with "git config set advice.defaultBranchName false"
2026-10-08T12:35:59.6038724Z Initialized empty Git repository in /home/runner/work/ledgerly/ledgerly/.git/
2026-10-08T12:35:59.6045587Z [command]/usr/bin/git remote add origin https://github.com/Jacob-Met/ledgerly
2026-10-08T12:35:59.6163716Z ##[endgroup]
2026-10-08T12:35:59.6164437Z ##[group]Disabling automatic garbage collection
2026-10-08T12:35:59.6166795Z [command]/usr/bin/git config --local gc.auto 0
2026-10-08T12:35:59.6252733Z ##[endgroup]
2026-10-08T12:35:59.6253156Z ##[group]Setting up auth
2026-10-08T12:35:59.6257775Z [command]/usr/bin/git config --local --name-only --get-regexp core\.sshCommand
2026-10-08T12:35:59.6285266Z [command]/usr/bin/git submodule foreach --recursive sh -c "git config --local --name-only --get-regexp 'core\.sshCommand' && git config --local --unset-all 'core.sshCommand' || :"
2026-10-08T12:35:59.6555137Z [command]/usr/bin/git config --local --name-only --get-regexp http\.https\:\/\/github\.com\/\.extraheader
2026-10-08T12:35:59.6581537Z [command]/usr/bin/git submodule foreach --recursive sh -c "git config --local --name-only --get-regexp 'http\.https\:\/\/github\.com\/\.extraheader' && git config --local --unset-all 'http.https://github.com/.extraheader' || :"
2026-10-08T12:35:59.6743338Z [command]/usr/bin/git config --local --name-only --get-regexp ^includeIf\.gitdir:
2026-10-08T12:35:59.6768773Z [command]/usr/bin/git submodule foreach --recursive git config --local --show-origin --name-only --get-regexp remote.origin.url
2026-10-08T12:35:59.6930336Z [command]/usr/bin/git config --local http.https://github.com/.extraheader AUTHORIZATION: basic ***
2026-10-08T12:35:59.6960877Z ##[endgroup]
2026-10-08T12:35:59.6961484Z ##[group]Fetching the repository
2026-10-08T12:35:59.6966967Z [command]/usr/bin/git -c protocol.version=2 fetch --no-tags --prune --no-recurse-submodules --depth=1 origin +a0432f86d11eca72c0ce8f3814212e3cf9d13744:refs/remotes/pull/27/merge
2026-10-08T12:36:00.4467161Z From https://github.com/Jacob-Met/ledgerly
2026-10-08T12:36:00.4468215Z  * [new ref]         a0432f86d11eca72c0ce8f3814212e3cf9d13744 -> pull/27/merge
2026-10-08T12:36:00.4471014Z ##[endgroup]
2026-10-08T12:36:00.4471798Z ##[group]Determining the checkout info
2026-10-08T12:36:00.4473100Z ##[endgroup]
2026-10-08T12:36:00.4477225Z [command]/usr/bin/git sparse-checkout disable
2026-10-08T12:36:00.4714893Z [command]/usr/bin/git config --local --unset-all extensions.worktreeConfig
2026-10-08T12:36:00.4814640Z ##[group]Checking out the ref
2026-10-08T12:36:00.4816769Z [command]/usr/bin/git checkout --progress --force refs/remotes/pull/27/merge
2026-10-08T12:36:00.5000555Z Note: switching to 'refs/remotes/pull/27/merge'.
2026-10-08T12:36:00.5001377Z 
2026-10-08T12:36:00.5002149Z You are in 'detached HEAD' state. You can look around, make experimental
2026-10-08T12:36:00.5003987Z changes and commit them, and you can discard any commits you make in this
2026-10-08T12:36:00.5005643Z state without impacting any branches by switching back to a branch.
2026-10-08T12:36:00.5011256Z 
2026-10-08T12:36:00.5012237Z If you want to create a new branch to retain commits you create, you may
2026-10-08T12:36:00.5013878Z do so (now or later) by using -c with the switch command. Example:
2026-10-08T12:36:00.5014723Z 
2026-10-08T12:36:00.5015125Z   git switch -c <new-branch-name>
2026-10-08T12:36:00.5015715Z 
2026-10-08T12:36:00.5016248Z Or undo this operation with:
2026-10-08T12:36:00.5016835Z 
2026-10-08T12:36:00.5017271Z   git switch -
2026-10-08T12:36:00.5017718Z 
2026-10-08T12:36:00.5018400Z Turn off this advice by setting config variable advice.detachedHead to false
2026-10-08T12:36:00.5019377Z 
2026-10-08T12:36:00.5020447Z HEAD is now at a0432f8 Merge 99fc2917a2e1238fb370e76ca78d3efb3da37a85 into 350868091702d60f3dc340be4a017ba49d99f8a0
2026-10-08T12:36:00.5023226Z ##[endgroup]
2026-10-08T12:36:00.5042092Z [command]/usr/bin/git log -1 --format=%H
2026-10-08T12:36:00.5062423Z a0432f86d11eca72c0ce8f3814212e3cf9d13744
2026-10-08T12:36:00.5394087Z ##[group]Run actions/setup-node@v4
2026-10-08T12:36:00.5394766Z with:
2026-10-08T12:36:00.5395214Z   node-version: 22
2026-10-08T12:36:00.5395658Z   cache: npm
2026-10-08T12:36:00.5396192Z   cache-dependency-path: web-demo/package-lock.json
2026-10-08T12:36:00.5396843Z   always-auth: false
2026-10-08T12:36:00.5397313Z   check-latest: false
2026-10-08T12:36:00.5402248Z   token: ***
2026-10-08T12:36:00.5402838Z ##[endgroup]
2026-10-08T12:36:00.6270143Z Found in cache @ /opt/hostedtoolcache/node/22.23.3/x64
2026-10-08T12:36:00.6272762Z (node:2066) [DEP0040] DeprecationWarning: The `punycode` module is deprecated. Please use a userland alternative instead.
2026-10-08T12:36:00.6274217Z (Use `node --trace-deprecation ...` to show where the warning was created)
2026-10-08T12:36:00.6275803Z ##[group]Environment details
2026-10-08T12:36:00.9289295Z node: v22.23.3
2026-10-08T12:36:00.9290200Z npm: 10.9.9
2026-10-08T12:36:00.9291009Z yarn: 1.22.22
2026-10-08T12:36:00.9291983Z ##[endgroup]
2026-10-08T12:36:00.9304842Z [command]/opt/hostedtoolcache/node/22.23.3/x64/bin/npm config get cache
2026-10-08T12:36:01.0213396Z /home/runner/.npm
2026-10-08T12:36:01.1887952Z Cache hit for: node-cache-Linux-x64-npm-bbf60ffed2d9a9f5b789d2322df80bd19cbe9f8f66636c66bbaf4e33db6c253d
2026-10-08T12:36:01.1949383Z (node:2066) [DEP0169] DeprecationWarning: `url.parse()` behavior is not standardized and prone to errors that have security implications. Use the WHATWG URL API instead. CVEs are not issued for `url.parse()` vulnerabilities.
2026-10-08T12:36:02.3373689Z Received 31763150 of 35957454 (88.3%), 30.3 MBs/sec
2026-10-08T12:36:02.5227085Z Received 35957454 of 35957454 (100.0%), 28.9 MBs/sec
2026-10-08T12:36:02.5227656Z Cache Size: ~34 MB (35957454 B)
2026-10-08T12:36:02.5244587Z [command]/usr/bin/tar -xf /home/runner/work/_temp/0f0c05c4-b67f-4d1c-be0d-5077244448e5/cache.tzst -P -C /home/runner/work/ledgerly/ledgerly --use-compress-program unzstd
2026-10-08T12:36:02.5771557Z Cache restored successfully
2026-10-08T12:36:02.5788793Z Cache restored from key: node-cache-Linux-x64-npm-bbf60ffed2d9a9f5b789d2322df80bd19cbe9f8f66636c66bbaf4e33db6c253d
2026-10-08T12:36:02.6204337Z ##[group]Run npm ci
2026-10-08T12:36:02.6204530Z [36;1mnpm ci[0m
2026-10-08T12:36:02.7620449Z shell: /usr/bin/bash -e {0}
2026-10-08T12:36:02.7620627Z ##[endgroup]
2026-10-08T12:36:03.7364002Z 
2026-10-08T12:36:03.7369596Z added 41 packages, and audited 42 packages in 905ms
2026-10-08T12:36:03.7369906Z 
2026-10-08T12:36:03.7370061Z 13 packages are looking for funding
2026-10-08T12:36:03.7370271Z   run `npm fund` for details
2026-10-08T12:36:03.7370377Z 
2026-10-08T12:36:03.7370446Z found 0 vulnerabilities
2026-10-08T12:36:03.8047918Z ##[group]Run npm audit --audit-level=moderate
2026-10-08T12:36:03.8048130Z [36;1mnpm audit --audit-level=moderate[0m
2026-10-08T12:36:03.8098593Z shell: /usr/bin/bash -e {0}
2026-10-08T12:36:03.8098738Z ##[endgroup]
2026-10-08T12:36:04.1556998Z found 0 vulnerabilities
2026-10-08T12:36:04.1714914Z ##[group]Run npm test
2026-10-08T12:36:04.1715076Z [36;1mnpm test[0m
2026-10-08T12:36:04.1765763Z shell: /usr/bin/bash -e {0}
2026-10-08T12:36:04.1765908Z ##[endgroup]
2026-10-08T12:36:04.2924741Z 
2026-10-08T12:36:04.2925080Z > ledgerly-offline-browser-demo@0.1.0 test
2026-10-08T12:36:04.2925344Z > node scripts/stage-python.mjs && vitest run
2026-10-08T12:36:04.2925465Z 
2026-10-08T12:36:04.4714244Z Staged the real Python core, fictional fixtures and self-hosted Pyodide assets.
2026-10-08T12:36:04.6551318Z 
2026-10-08T12:36:04.6553516Z [1m[30m[46m RUN [49m[39m[22m [36mv5.0.3 [39m[90m/home/runner/work/ledgerly/ledgerly/web-demo[39m
2026-10-08T12:36:04.6553941Z 
2026-10-08T12:36:04.8557437Z  [32m✓[39m tests/worker-client.test.ts [2m([22m[2m11 tests[22m[2m)[22m[32m 9[2mms[22m[39m
2026-10-08T12:36:05.0074440Z  [32m✓[39m src/ledger-export.test.ts [2m([22m[2m30 tests[22m[2m)[22m[32m 13[2mms[22m[39m
2026-10-08T12:36:05.5841861Z  [32m✓[39m tests/engine-recovery.test.ts [2m([22m[2m5 tests[22m[2m)[22m[33m 401[2mms[22m[39m
2026-10-08T12:36:06.4046774Z  [32m✓[39m tests/review.test.ts [2m([22m[2m8 tests[22m[2m)[22m[33m 1580[2mms[22m[39m
2026-10-08T12:36:06.5440690Z  [32m✓[39m tests/engine.test.ts [2m([22m[2m2 tests[22m[2m)[22m[33m 1429[2mms[22m[39m
2026-10-08T12:36:06.5459496Z 
2026-10-08T12:36:06.5463965Z [2m Test Files [22m [1m[32m5 passed[39m[22m[90m (5)[39m
2026-10-08T12:36:06.5464492Z [2m      Tests [22m [1m[32m56 passed[39m[22m[90m (56)[39m
2026-10-08T12:36:06.5464810Z [2m   Start at [22m 12:36:04
2026-10-08T12:36:06.5466517Z [2m   Duration [22m 1.89s[2m (tests 85%, import 9%, transform 5%)[22m
2026-10-08T12:36:06.5476317Z 
2026-10-08T12:36:06.5746178Z ##[group]Run npm run build
2026-10-08T12:36:06.5746347Z [36;1mnpm run build[0m
2026-10-08T12:36:06.5796534Z shell: /usr/bin/bash -e {0}
2026-10-08T12:36:06.5796672Z ##[endgroup]
2026-10-08T12:36:06.6392777Z 
2026-10-08T12:36:06.6393555Z > ledgerly-offline-browser-demo@0.1.0 build
2026-10-08T12:36:06.6393942Z > node scripts/stage-python.mjs && tsc --noEmit && vite build
2026-10-08T12:36:06.6394167Z 
2026-10-08T12:36:06.6664169Z Staged the real Python core, fictional fixtures and self-hosted Pyodide assets.
2026-10-08T12:36:07.4934557Z [36mvite v8.3.3 [32mbuilding client environment for production...[36m[39m
2026-10-08T12:36:07.5007392Z transforming...
2026-10-08T12:36:07.5377001Z [33m[plugin rolldown:vite-resolve] Module "node:fs/promises" has been externalized for browser compatibility, imported by "/home/runner/work/ledgerly/ledgerly/web-demo/node_modules/pyodide/pyodide.mjs". See https://vite.dev/guide/troubleshooting.html#module-externalized-for-browser-compatibility for more details.[39m
2026-10-08T12:36:07.5386897Z [33m[plugin rolldown:vite-resolve] Module "node:vm" has been externalized for browser compatibility, imported by "/home/runner/work/ledgerly/ledgerly/web-demo/node_modules/pyodide/pyodide.mjs". See https://vite.dev/guide/troubleshooting.html#module-externalized-for-browser-compatibility for more details.[39m
2026-10-08T12:36:07.5397858Z [33m[plugin rolldown:vite-resolve] Module "node:path" has been externalized for browser compatibility, imported by "/home/runner/work/ledgerly/ledgerly/web-demo/node_modules/pyodide/pyodide.mjs". See https://vite.dev/guide/troubleshooting.html#module-externalized-for-browser-compatibility for more details.[39m
2026-10-08T12:36:07.5400763Z [33m[plugin rolldown:vite-resolve] Module "node:url" has been externalized for browser compatibility, imported by "/home/runner/work/ledgerly/ledgerly/web-demo/node_modules/pyodide/pyodide.mjs". See https://vite.dev/guide/troubleshooting.html#module-externalized-for-browser-compatibility for more details.[39m
2026-10-08T12:36:07.5403863Z [33m[plugin rolldown:vite-resolve] Module "node:child_process" has been externalized for browser compatibility, imported by "/home/runner/work/ledgerly/ledgerly/web-demo/node_modules/pyodide/pyodide.mjs". See https://vite.dev/guide/troubleshooting.html#module-externalized-for-browser-compatibility for more details.[39m
2026-10-08T12:36:07.5414494Z [33m[plugin rolldown:vite-resolve] Module "node:crypto" has been externalized for browser compatibility, imported by "/home/runner/work/ledgerly/ledgerly/web-demo/node_modules/pyodide/pyodide.mjs". See https://vite.dev/guide/troubleshooting.html#module-externalized-for-browser-compatibility for more details.[39m
2026-10-08T12:36:07.5417539Z [33m[plugin rolldown:vite-resolve] Module "node:fs" has been externalized for browser compatibility, imported by "/home/runner/work/ledgerly/ledgerly/web-demo/node_modules/pyodide/pyodide.mjs". See https://vite.dev/guide/troubleshooting.html#module-externalized-for-browser-compatibility for more details.[39m
2026-10-08T12:36:07.5503198Z ✓ 10 modules transformed.
2026-10-08T12:36:07.6270709Z rendering chunks...
2026-10-08T12:36:07.6307017Z computing gzip size...
2026-10-08T12:36:07.6312407Z dist/assets/__vite-browser-external-CyMxSyHA.js   0.11 kB
2026-10-08T12:36:07.6313101Z dist/index.html                                   6.03 kB │ gzip: 2.44 kB
2026-10-08T12:36:07.6313511Z dist/assets/engine.worker-x2BNq2jZ.js            20.20 kB
2026-10-08T12:36:07.6317018Z dist/assets/index-xghEe3wi.css                    9.33 kB │ gzip: 2.73 kB
2026-10-08T12:36:07.6317599Z dist/assets/index-Dpu01Vh_.js                    23.31 kB │ gzip: 8.26 kB
2026-10-08T12:36:07.6317940Z 
2026-10-08T12:36:07.6318396Z [32m✓ built in 137ms[39m
2026-10-08T12:36:07.6581302Z Post job cleanup.
2026-10-08T12:36:07.7316442Z (node:2273) [DEP0040] DeprecationWarning: The `punycode` module is deprecated. Please use a userland alternative instead.
2026-10-08T12:36:07.7317172Z (Use `node --trace-deprecation ...` to show where the warning was created)
2026-10-08T12:36:07.7333977Z Cache hit occurred on the primary key node-cache-Linux-x64-npm-bbf60ffed2d9a9f5b789d2322df80bd19cbe9f8f66636c66bbaf4e33db6c253d, not saving cache.
2026-10-08T12:36:07.7439569Z Post job cleanup.
2026-10-08T12:36:07.7977267Z [command]/usr/bin/git version
2026-10-08T12:36:07.8009381Z git version 2.55.0
2026-10-08T12:36:07.8033564Z Temporarily overriding HOME='/home/runner/work/_temp/baa9d17f-09a5-4c36-8324-af6161bf1712' before making global git config changes
2026-10-08T12:36:07.8034427Z Adding repository directory to the temporary git global config as a safe directory
2026-10-08T12:36:07.8037076Z [command]/usr/bin/git config --global --add safe.directory /home/runner/work/ledgerly/ledgerly
2026-10-08T12:36:07.8069574Z [command]/usr/bin/git config --local --name-only --get-regexp core\.sshCommand
2026-10-08T12:36:07.8100055Z [command]/usr/bin/git submodule foreach --recursive sh -c "git config --local --name-only --get-regexp 'core\.sshCommand' && git config --local --unset-all 'core.sshCommand' || :"
2026-10-08T12:36:07.8325129Z [command]/usr/bin/git config --local --name-only --get-regexp http\.https\:\/\/github\.com\/\.extraheader
2026-10-08T12:36:07.8350323Z http.https://github.com/.extraheader
2026-10-08T12:36:07.8364873Z [command]/usr/bin/git config --local --unset-all http.https://github.com/.extraheader
2026-10-08T12:36:07.8404071Z [command]/usr/bin/git submodule foreach --recursive sh -c "git config --local --name-only --get-regexp 'http\.https\:\/\/github\.com\/\.extraheader' && git config --local --unset-all 'http.https://github.com/.extraheader' || :"
2026-10-08T12:36:07.8625187Z [command]/usr/bin/git config --local --name-only --get-regexp ^includeIf\.gitdir:
2026-10-08T12:36:07.8674166Z [command]/usr/bin/git submodule foreach --recursive git config --local --show-origin --name-only --get-regexp remote.origin.url
2026-10-08T12:36:07.9030023Z Cleaning up orphan processes
2026-10-08T12:36:07.9262947Z ##[warning]Node.js 20 is deprecated. The following actions target Node.js 20 but are being forced to run on Node.js 24: actions/checkout@v4, actions/setup-node@v4. For more information see: https://github.blog/changelog/2025-09-19-deprecation-of-node-20-on-github-actions-runners/
