2026-10-08T13:43:57.7984034Z Current runner version: '2.337.0'
2026-10-08T13:43:57.8004781Z ##[group]Runner Image Provisioner
2026-10-08T13:43:57.8005575Z Hosted Compute Agent
2026-10-08T13:43:57.8006057Z Version: 20260901.588
2026-10-08T13:43:57.8006636Z Commit: f88ec8081b781fac6c440065ac7ff9e710ce3d0b
2026-10-08T13:43:57.8007279Z Build Date: 2026-09-01T19:56:44Z
2026-10-08T13:43:57.8007837Z Worker ID: {e7613bda-3a91-4035-94d5-126265f3bf08}
2026-10-08T13:43:57.8008457Z Azure Region: eastus
2026-10-08T13:43:57.8008933Z ##[endgroup]
2026-10-08T13:43:57.8010271Z ##[group]Operating System
2026-10-08T13:43:57.8010886Z Ubuntu
2026-10-08T13:43:57.8011326Z 24.04.5
2026-10-08T13:43:57.8011993Z LTS
2026-10-08T13:43:57.8012481Z ##[endgroup]
2026-10-08T13:43:57.8012965Z ##[group]Runner Image
2026-10-08T13:43:57.8013542Z Image: ubuntu-24.04
2026-10-08T13:43:57.8014007Z Version: 20260927.320.1
2026-10-08T13:43:57.8015066Z Included Software: https://github.com/actions/runner-images/blob/ubuntu24/20260927.320/images/ubuntu/Ubuntu2404-Readme.md
2026-10-08T13:43:57.8016282Z Image Release: https://github.com/actions/runner-images/releases/tag/ubuntu24%2F20260927.320
2026-10-08T13:43:57.8017150Z ##[endgroup]
2026-10-08T13:43:57.8018026Z ##[group]GITHUB_TOKEN Permissions
2026-10-08T13:43:57.8019867Z Contents: read
2026-10-08T13:43:57.8020361Z Metadata: read
2026-10-08T13:43:57.8020891Z ##[endgroup]
2026-10-08T13:43:57.8022705Z Secret source: Actions
2026-10-08T13:43:57.8023518Z Cache mode: write
2026-10-08T13:43:57.8024361Z Prepare workflow directory
2026-10-08T13:43:57.8287240Z Prepare all required actions
2026-10-08T13:43:57.8325614Z Getting action download info
2026-10-08T13:43:58.0388385Z Download action repository 'actions/checkout@v4' (SHA:11d5960a326750d5838078e36cf38b85af677262)
2026-10-08T13:43:58.1377716Z Download action repository 'actions/setup-python@v5' (SHA:a26af69be951a213d495a4c3e4e4022e16d87065)
2026-10-08T13:43:58.3260584Z Complete job name: python-core
2026-10-08T13:43:58.3847968Z ##[group]Run actions/checkout@v4
2026-10-08T13:43:58.3848648Z with:
2026-10-08T13:43:58.3849012Z   repository: Jacob-Met/ledgerly
2026-10-08T13:43:58.3852152Z   token: ***
2026-10-08T13:43:58.3852582Z   ssh-strict: true
2026-10-08T13:43:58.3852941Z   ssh-user: git
2026-10-08T13:43:58.3853315Z   persist-credentials: true
2026-10-08T13:43:58.3853721Z   clean: true
2026-10-08T13:43:58.3854076Z   sparse-checkout-cone-mode: true
2026-10-08T13:43:58.3854492Z   fetch-depth: 1
2026-10-08T13:43:58.3854841Z   fetch-tags: false
2026-10-08T13:43:58.3855201Z   show-progress: true
2026-10-08T13:43:58.3855560Z   lfs: false
2026-10-08T13:43:58.3855893Z   submodules: false
2026-10-08T13:43:58.3856252Z   set-safe-directory: true
2026-10-08T13:43:58.3856657Z   allow-unsafe-pr-checkout: false
2026-10-08T13:43:58.3857265Z ##[endgroup]
2026-10-08T13:43:58.4658488Z Syncing repository: Jacob-Met/ledgerly
2026-10-08T13:43:58.4660298Z ##[group]Getting Git version info
2026-10-08T13:43:58.4661267Z Working directory is '/home/runner/work/ledgerly/ledgerly'
2026-10-08T13:43:58.4662613Z [command]/usr/bin/git version
2026-10-08T13:43:58.4716677Z git version 2.55.0
2026-10-08T13:43:58.4742107Z ##[endgroup]
2026-10-08T13:43:58.4754457Z Temporarily overriding HOME='/home/runner/work/_temp/7dbeee51-290c-4dc6-86ea-dfe906b21018' before making global git config changes
2026-10-08T13:43:58.4756208Z Adding repository directory to the temporary git global config as a safe directory
2026-10-08T13:43:58.4759348Z [command]/usr/bin/git config --global --add safe.directory /home/runner/work/ledgerly/ledgerly
2026-10-08T13:43:58.4802903Z Deleting the contents of '/home/runner/work/ledgerly/ledgerly'
2026-10-08T13:43:58.4806780Z ##[group]Initializing the repository
2026-10-08T13:43:58.4809622Z [command]/usr/bin/git init /home/runner/work/ledgerly/ledgerly
2026-10-08T13:43:58.4887582Z hint: Using 'master' as the name for the initial branch. This default branch name
2026-10-08T13:43:58.4888718Z hint: will change to "main" in Git 3.0. To configure the initial branch name
2026-10-08T13:43:58.4889699Z hint: to use in all of your new repositories, which will suppress this warning,
2026-10-08T13:43:58.4891317Z hint: call:
2026-10-08T13:43:58.4892351Z hint:
2026-10-08T13:43:58.4893238Z hint: 	git config --global init.defaultBranch <name>
2026-10-08T13:43:58.4894037Z hint:
2026-10-08T13:43:58.4894808Z hint: Names commonly chosen instead of 'master' are 'main', 'trunk' and
2026-10-08T13:43:58.4896175Z hint: 'development'. The just-created branch can be renamed via this command:
2026-10-08T13:43:58.4896980Z hint:
2026-10-08T13:43:58.4897434Z hint: 	git branch -m <name>
2026-10-08T13:43:58.4897925Z hint:
2026-10-08T13:43:58.4898550Z hint: Disable this message with "git config set advice.defaultBranchName false"
2026-10-08T13:43:58.4899518Z Initialized empty Git repository in /home/runner/work/ledgerly/ledgerly/.git/
2026-10-08T13:43:58.4901456Z [command]/usr/bin/git remote add origin https://github.com/Jacob-Met/ledgerly
2026-10-08T13:43:58.4941530Z ##[endgroup]
2026-10-08T13:43:58.4942670Z ##[group]Disabling automatic garbage collection
2026-10-08T13:43:58.4945066Z [command]/usr/bin/git config --local gc.auto 0
2026-10-08T13:43:58.4971437Z ##[endgroup]
2026-10-08T13:43:58.4972323Z ##[group]Setting up auth
2026-10-08T13:43:58.4977324Z [command]/usr/bin/git config --local --name-only --get-regexp core\.sshCommand
2026-10-08T13:43:58.5003235Z [command]/usr/bin/git submodule foreach --recursive sh -c "git config --local --name-only --get-regexp 'core\.sshCommand' && git config --local --unset-all 'core.sshCommand' || :"
2026-10-08T13:43:58.5290976Z [command]/usr/bin/git config --local --name-only --get-regexp http\.https\:\/\/github\.com\/\.extraheader
2026-10-08T13:43:58.5324401Z [command]/usr/bin/git submodule foreach --recursive sh -c "git config --local --name-only --get-regexp 'http\.https\:\/\/github\.com\/\.extraheader' && git config --local --unset-all 'http.https://github.com/.extraheader' || :"
2026-10-08T13:43:58.5516360Z [command]/usr/bin/git config --local --name-only --get-regexp ^includeIf\.gitdir:
2026-10-08T13:43:58.5545186Z [command]/usr/bin/git submodule foreach --recursive git config --local --show-origin --name-only --get-regexp remote.origin.url
2026-10-08T13:43:58.5731703Z [command]/usr/bin/git config --local http.https://github.com/.extraheader AUTHORIZATION: basic ***
2026-10-08T13:43:58.5767487Z ##[endgroup]
2026-10-08T13:43:58.5768131Z ##[group]Fetching the repository
2026-10-08T13:43:58.5775242Z [command]/usr/bin/git -c protocol.version=2 fetch --no-tags --prune --no-recurse-submodules --depth=1 origin +3e51e967b8e0db434a400dd6ac497d7f7ca9a243:refs/remotes/pull/27/merge
2026-10-08T13:43:59.1158994Z From https://github.com/Jacob-Met/ledgerly
2026-10-08T13:43:59.1160837Z  * [new ref]         3e51e967b8e0db434a400dd6ac497d7f7ca9a243 -> pull/27/merge
2026-10-08T13:43:59.1165379Z ##[endgroup]
2026-10-08T13:43:59.1167151Z ##[group]Determining the checkout info
2026-10-08T13:43:59.1169101Z ##[endgroup]
2026-10-08T13:43:59.1171910Z [command]/usr/bin/git sparse-checkout disable
2026-10-08T13:43:59.1216831Z [command]/usr/bin/git config --local --unset-all extensions.worktreeConfig
2026-10-08T13:43:59.1246971Z ##[group]Checking out the ref
2026-10-08T13:43:59.1249670Z [command]/usr/bin/git checkout --progress --force refs/remotes/pull/27/merge
2026-10-08T13:43:59.1543999Z Note: switching to 'refs/remotes/pull/27/merge'.
2026-10-08T13:43:59.1544833Z 
2026-10-08T13:43:59.1545373Z You are in 'detached HEAD' state. You can look around, make experimental
2026-10-08T13:43:59.1546727Z changes and commit them, and you can discard any commits you make in this
2026-10-08T13:43:59.1548039Z state without impacting any branches by switching back to a branch.
2026-10-08T13:43:59.1548829Z 
2026-10-08T13:43:59.1549359Z If you want to create a new branch to retain commits you create, you may
2026-10-08T13:43:59.1550584Z do so (now or later) by using -c with the switch command. Example:
2026-10-08T13:43:59.1551252Z 
2026-10-08T13:43:59.1551664Z   git switch -c <new-branch-name>
2026-10-08T13:43:59.1552475Z 
2026-10-08T13:43:59.1552946Z Or undo this operation with:
2026-10-08T13:43:59.1553778Z 
2026-10-08T13:43:59.1554168Z   git switch -
2026-10-08T13:43:59.1554659Z 
2026-10-08T13:43:59.1555453Z Turn off this advice by setting config variable advice.detachedHead to false
2026-10-08T13:43:59.1556574Z 
2026-10-08T13:43:59.1557694Z HEAD is now at 3e51e96 Merge 575df8a3eb505377cc4425dc680e489e8f1892e8 into 2d3a90a9aa794d849ec54ca9d32a720959ddc5db
2026-10-08T13:43:59.1561503Z ##[endgroup]
2026-10-08T13:43:59.1588697Z [command]/usr/bin/git log -1 --format=%H
2026-10-08T13:43:59.1611655Z 3e51e967b8e0db434a400dd6ac497d7f7ca9a243
2026-10-08T13:43:59.1920830Z ##[group]Run actions/setup-python@v5
2026-10-08T13:43:59.1921872Z with:
2026-10-08T13:43:59.1922565Z   python-version: 3.12
2026-10-08T13:43:59.1923352Z   check-latest: false
2026-10-08T13:43:59.1930320Z   token: ***
2026-10-08T13:43:59.1931059Z   update-environment: true
2026-10-08T13:43:59.1932004Z   allow-prereleases: false
2026-10-08T13:43:59.1932862Z   freethreaded: false
2026-10-08T13:43:59.1933616Z ##[endgroup]
2026-10-08T13:43:59.3046220Z ##[group]Installed versions
2026-10-08T13:43:59.3119826Z (node:2079) [DEP0040] DeprecationWarning: The `punycode` module is deprecated. Please use a userland alternative instead.
2026-10-08T13:43:59.3123112Z (Use `node --trace-deprecation ...` to show where the warning was created)
2026-10-08T13:43:59.3124842Z Successfully set up CPython (3.12.14)
2026-10-08T13:43:59.3126396Z ##[endgroup]
2026-10-08T13:43:59.3320903Z ##[group]Run python -m pip install pytest
2026-10-08T13:43:59.3322716Z [36;1mpython -m pip install pytest[0m
2026-10-08T13:43:59.3550082Z shell: /usr/bin/bash -e {0}
2026-10-08T13:43:59.3551019Z env:
2026-10-08T13:43:59.3552060Z   pythonLocation: /opt/hostedtoolcache/Python/3.12.14/x64
2026-10-08T13:43:59.3553526Z   PKG_CONFIG_PATH: /opt/hostedtoolcache/Python/3.12.14/x64/lib/pkgconfig
2026-10-08T13:43:59.3554970Z   Python_ROOT_DIR: /opt/hostedtoolcache/Python/3.12.14/x64
2026-10-08T13:43:59.3556278Z   Python2_ROOT_DIR: /opt/hostedtoolcache/Python/3.12.14/x64
2026-10-08T13:43:59.3557644Z   Python3_ROOT_DIR: /opt/hostedtoolcache/Python/3.12.14/x64
2026-10-08T13:43:59.3558972Z   LD_LIBRARY_PATH: /opt/hostedtoolcache/Python/3.12.14/x64/lib
2026-10-08T13:43:59.3560112Z ##[endgroup]
2026-10-08T13:44:00.0497336Z Collecting pytest
2026-10-08T13:44:00.0873433Z   Downloading pytest-9.1.1-py3-none-any.whl.metadata (7.6 kB)
2026-10-08T13:44:00.0978224Z Collecting iniconfig>=1.0.1 (from pytest)
2026-10-08T13:44:00.1010338Z   Downloading iniconfig-2.3.1-py3-none-any.whl.metadata (2.8 kB)
2026-10-08T13:44:00.1135342Z Collecting packaging>=22 (from pytest)
2026-10-08T13:44:00.1165126Z   Downloading packaging-26.3-py3-none-any.whl.metadata (3.5 kB)
2026-10-08T13:44:00.1266696Z Collecting pluggy<2,>=1.5 (from pytest)
2026-10-08T13:44:00.1298202Z   Downloading pluggy-1.6.0-py3-none-any.whl.metadata (4.8 kB)
2026-10-08T13:44:00.1437564Z Collecting pygments>=2.7.2 (from pytest)
2026-10-08T13:44:00.1471429Z   Downloading pygments-2.21.0-py3-none-any.whl.metadata (2.5 kB)
2026-10-08T13:44:00.1537928Z Downloading pytest-9.1.1-py3-none-any.whl (386 kB)
2026-10-08T13:44:00.1737022Z Downloading pluggy-1.6.0-py3-none-any.whl (20 kB)
2026-10-08T13:44:00.1782773Z Downloading iniconfig-2.3.1-py3-none-any.whl (7.6 kB)
2026-10-08T13:44:00.1828147Z Downloading packaging-26.3-py3-none-any.whl (129 kB)
2026-10-08T13:44:00.1890332Z Downloading pygments-2.21.0-py3-none-any.whl (1.3 MB)
2026-10-08T13:44:00.2034145Z    ━━━━━━━━━━━━━━━━━━━━━━━━━━━━━━━━━━━━━━━━ 1.3/1.3 MB 81.8 MB/s  0:00:00
2026-10-08T13:44:00.2442765Z Installing collected packages: pygments, pluggy, packaging, iniconfig, pytest
2026-10-08T13:44:01.1256387Z 
2026-10-08T13:44:01.1265416Z Successfully installed iniconfig-2.3.1 packaging-26.3 pluggy-1.6.0 pygments-2.21.0 pytest-9.1.1
2026-10-08T13:44:01.1684701Z ##[group]Run python -m pytest -q
2026-10-08T13:44:01.1684981Z [36;1mpython -m pytest -q[0m
2026-10-08T13:44:01.1744375Z shell: /usr/bin/bash -e {0}
2026-10-08T13:44:01.1744604Z env:
2026-10-08T13:44:01.1744860Z   pythonLocation: /opt/hostedtoolcache/Python/3.12.14/x64
2026-10-08T13:44:01.1745417Z   PKG_CONFIG_PATH: /opt/hostedtoolcache/Python/3.12.14/x64/lib/pkgconfig
2026-10-08T13:44:01.1745773Z   Python_ROOT_DIR: /opt/hostedtoolcache/Python/3.12.14/x64
2026-10-08T13:44:01.1746090Z   Python2_ROOT_DIR: /opt/hostedtoolcache/Python/3.12.14/x64
2026-10-08T13:44:01.1746396Z   Python3_ROOT_DIR: /opt/hostedtoolcache/Python/3.12.14/x64
2026-10-08T13:44:01.1746703Z   LD_LIBRARY_PATH: /opt/hostedtoolcache/Python/3.12.14/x64/lib
2026-10-08T13:44:01.1747010Z ##[endgroup]
2026-10-08T13:44:02.1680915Z ................................................................... [ 36%]
2026-10-08T13:44:02.2850347Z ...................................................................................... [ 82%]
2026-10-08T13:44:02.3479372Z ................................                                         [100%]
2026-10-08T13:44:02.3725114Z 185 passed, 63 subtests passed in 0.81s
2026-10-08T13:44:02.3810212Z Post job cleanup.
2026-10-08T13:44:02.4743463Z (node:2116) [DEP0040] DeprecationWarning: The `punycode` module is deprecated. Please use a userland alternative instead.
2026-10-08T13:44:02.4744093Z (Use `node --trace-deprecation ...` to show where the warning was created)
2026-10-08T13:44:02.4901612Z Post job cleanup.
2026-10-08T13:44:02.5589351Z [command]/usr/bin/git version
2026-10-08T13:44:02.5623870Z git version 2.55.0
2026-10-08T13:44:02.5651894Z Temporarily overriding HOME='/home/runner/work/_temp/ac1a6036-f2aa-4708-a7d1-d3dfb025a0f8' before making global git config changes
2026-10-08T13:44:02.5652992Z Adding repository directory to the temporary git global config as a safe directory
2026-10-08T13:44:02.5655565Z [command]/usr/bin/git config --global --add safe.directory /home/runner/work/ledgerly/ledgerly
2026-10-08T13:44:02.5686709Z [command]/usr/bin/git config --local --name-only --get-regexp core\.sshCommand
2026-10-08T13:44:02.5714984Z [command]/usr/bin/git submodule foreach --recursive sh -c "git config --local --name-only --get-regexp 'core\.sshCommand' && git config --local --unset-all 'core.sshCommand' || :"
2026-10-08T13:44:02.5922478Z [command]/usr/bin/git config --local --name-only --get-regexp http\.https\:\/\/github\.com\/\.extraheader
2026-10-08T13:44:02.5946701Z http.https://github.com/.extraheader
2026-10-08T13:44:02.5957963Z [command]/usr/bin/git config --local --unset-all http.https://github.com/.extraheader
2026-10-08T13:44:02.5985756Z [command]/usr/bin/git submodule foreach --recursive sh -c "git config --local --name-only --get-regexp 'http\.https\:\/\/github\.com\/\.extraheader' && git config --local --unset-all 'http.https://github.com/.extraheader' || :"
2026-10-08T13:44:02.6207138Z [command]/usr/bin/git config --local --name-only --get-regexp ^includeIf\.gitdir:
2026-10-08T13:44:02.6244737Z [command]/usr/bin/git submodule foreach --recursive git config --local --show-origin --name-only --get-regexp remote.origin.url
2026-10-08T13:44:02.6570049Z Cleaning up orphan processes
2026-10-08T13:44:02.6818138Z ##[warning]Node.js 20 is deprecated. The following actions target Node.js 20 but are being forced to run on Node.js 24: actions/checkout@v4, actions/setup-python@v5. For more information see: https://github.blog/changelog/2025-09-19-deprecation-of-node-20-on-github-actions-runners/
