2026-10-08T12:35:59.0765878Z Current runner version: '2.337.0'
2026-10-08T12:35:59.0779828Z ##[group]Runner Image Provisioner
2026-10-08T12:35:59.0780513Z Hosted Compute Agent
2026-10-08T12:35:59.0780887Z Version: 20260901.588
2026-10-08T12:35:59.0781292Z Commit: f88ec8081b781fac6c440065ac7ff9e710ce3d0b
2026-10-08T12:35:59.0781737Z Build Date: 2026-09-01T19:56:44Z
2026-10-08T12:35:59.0782154Z Worker ID: {e895ba0e-fa14-497b-adc9-d70e2b043de3}
2026-10-08T12:35:59.0782572Z Azure Region: centralus
2026-10-08T12:35:59.0782939Z ##[endgroup]
2026-10-08T12:35:59.0783678Z ##[group]Operating System
2026-10-08T12:35:59.0784027Z Ubuntu
2026-10-08T12:35:59.0784325Z 24.04.5
2026-10-08T12:35:59.0784666Z LTS
2026-10-08T12:35:59.0785119Z ##[endgroup]
2026-10-08T12:35:59.0785488Z ##[group]Runner Image
2026-10-08T12:35:59.0785943Z Image: ubuntu-24.04
2026-10-08T12:35:59.0786268Z Version: 20260927.320.1
2026-10-08T12:35:59.0787055Z Included Software: https://github.com/actions/runner-images/blob/ubuntu24/20260927.320/images/ubuntu/Ubuntu2404-Readme.md
2026-10-08T12:35:59.0787917Z Image Release: https://github.com/actions/runner-images/releases/tag/ubuntu24%2F20260927.320
2026-10-08T12:35:59.0788449Z ##[endgroup]
2026-10-08T12:35:59.0789084Z ##[group]GITHUB_TOKEN Permissions
2026-10-08T12:35:59.0790239Z Contents: read
2026-10-08T12:35:59.0790669Z Metadata: read
2026-10-08T12:35:59.0791059Z ##[endgroup]
2026-10-08T12:35:59.0792235Z Secret source: Actions
2026-10-08T12:35:59.0792843Z Cache mode: write
2026-10-08T12:35:59.0793227Z Prepare workflow directory
2026-10-08T12:35:59.1005390Z Prepare all required actions
2026-10-08T12:35:59.1034174Z Getting action download info
2026-10-08T12:35:59.3212594Z Download action repository 'actions/checkout@v4' (SHA:11d5960a326750d5838078e36cf38b85af677262)
2026-10-08T12:35:59.4365781Z Download action repository 'actions/setup-python@v5' (SHA:a26af69be951a213d495a4c3e4e4022e16d87065)
2026-10-08T12:35:59.5733418Z Complete job name: python-core
2026-10-08T12:35:59.6149611Z ##[group]Run actions/checkout@v4
2026-10-08T12:35:59.6150008Z with:
2026-10-08T12:35:59.6150240Z   repository: Jacob-Met/ledgerly
2026-10-08T12:35:59.6152338Z   token: ***
2026-10-08T12:35:59.6152566Z   ssh-strict: true
2026-10-08T12:35:59.6152800Z   ssh-user: git
2026-10-08T12:35:59.6153035Z   persist-credentials: true
2026-10-08T12:35:59.6153291Z   clean: true
2026-10-08T12:35:59.6153530Z   sparse-checkout-cone-mode: true
2026-10-08T12:35:59.6153805Z   fetch-depth: 1
2026-10-08T12:35:59.6154034Z   fetch-tags: false
2026-10-08T12:35:59.6154269Z   show-progress: true
2026-10-08T12:35:59.6154503Z   lfs: false
2026-10-08T12:35:59.6154722Z   submodules: false
2026-10-08T12:35:59.6154964Z   set-safe-directory: true
2026-10-08T12:35:59.6155234Z   allow-unsafe-pr-checkout: false
2026-10-08T12:35:59.6155572Z ##[endgroup]
2026-10-08T12:35:59.6754278Z Syncing repository: Jacob-Met/ledgerly
2026-10-08T12:35:59.6755348Z ##[group]Getting Git version info
2026-10-08T12:35:59.6755788Z Working directory is '/home/runner/work/ledgerly/ledgerly'
2026-10-08T12:35:59.6756300Z [command]/usr/bin/git version
2026-10-08T12:35:59.6802715Z git version 2.55.0
2026-10-08T12:35:59.6816025Z ##[endgroup]
2026-10-08T12:35:59.6826948Z Temporarily overriding HOME='/home/runner/work/_temp/3fd54e67-651e-4476-b15d-421ab17ec80b' before making global git config changes
2026-10-08T12:35:59.6841844Z Adding repository directory to the temporary git global config as a safe directory
2026-10-08T12:35:59.6842466Z [command]/usr/bin/git config --global --add safe.directory /home/runner/work/ledgerly/ledgerly
2026-10-08T12:35:59.7151431Z Deleting the contents of '/home/runner/work/ledgerly/ledgerly'
2026-10-08T12:35:59.7152739Z ##[group]Initializing the repository
2026-10-08T12:35:59.7158634Z [command]/usr/bin/git init /home/runner/work/ledgerly/ledgerly
2026-10-08T12:35:59.7542278Z hint: Using 'master' as the name for the initial branch. This default branch name
2026-10-08T12:35:59.7543125Z hint: will change to "main" in Git 3.0. To configure the initial branch name
2026-10-08T12:35:59.7543878Z hint: to use in all of your new repositories, which will suppress this warning,
2026-10-08T12:35:59.7544797Z hint: call:
2026-10-08T12:35:59.7545117Z hint:
2026-10-08T12:35:59.7545433Z hint: 	git config --global init.defaultBranch <name>
2026-10-08T12:35:59.7545752Z hint:
2026-10-08T12:35:59.7546052Z hint: Names commonly chosen instead of 'master' are 'main', 'trunk' and
2026-10-08T12:35:59.7546546Z hint: 'development'. The just-created branch can be renamed via this command:
2026-10-08T12:35:59.7546917Z hint:
2026-10-08T12:35:59.7547133Z hint: 	git branch -m <name>
2026-10-08T12:35:59.7547377Z hint:
2026-10-08T12:35:59.7547700Z hint: Disable this message with "git config set advice.defaultBranchName false"
2026-10-08T12:35:59.7548568Z Initialized empty Git repository in /home/runner/work/ledgerly/ledgerly/.git/
2026-10-08T12:35:59.7552379Z [command]/usr/bin/git remote add origin https://github.com/Jacob-Met/ledgerly
2026-10-08T12:35:59.7941323Z ##[endgroup]
2026-10-08T12:35:59.7941739Z ##[group]Disabling automatic garbage collection
2026-10-08T12:35:59.7943479Z [command]/usr/bin/git config --local gc.auto 0
2026-10-08T12:35:59.8034738Z ##[endgroup]
2026-10-08T12:35:59.8039053Z ##[group]Setting up auth
2026-10-08T12:35:59.8039640Z [command]/usr/bin/git config --local --name-only --get-regexp core\.sshCommand
2026-10-08T12:35:59.8067107Z [command]/usr/bin/git submodule foreach --recursive sh -c "git config --local --name-only --get-regexp 'core\.sshCommand' && git config --local --unset-all 'core.sshCommand' || :"
2026-10-08T12:35:59.8368408Z [command]/usr/bin/git config --local --name-only --get-regexp http\.https\:\/\/github\.com\/\.extraheader
2026-10-08T12:35:59.8394494Z [command]/usr/bin/git submodule foreach --recursive sh -c "git config --local --name-only --get-regexp 'http\.https\:\/\/github\.com\/\.extraheader' && git config --local --unset-all 'http.https://github.com/.extraheader' || :"
2026-10-08T12:35:59.8560391Z [command]/usr/bin/git config --local --name-only --get-regexp ^includeIf\.gitdir:
2026-10-08T12:35:59.8585414Z [command]/usr/bin/git submodule foreach --recursive git config --local --show-origin --name-only --get-regexp remote.origin.url
2026-10-08T12:35:59.8755351Z [command]/usr/bin/git config --local http.https://github.com/.extraheader AUTHORIZATION: basic ***
2026-10-08T12:35:59.8937469Z ##[endgroup]
2026-10-08T12:35:59.8938098Z ##[group]Fetching the repository
2026-10-08T12:35:59.8944832Z [command]/usr/bin/git -c protocol.version=2 fetch --no-tags --prune --no-recurse-submodules --depth=1 origin +a0432f86d11eca72c0ce8f3814212e3cf9d13744:refs/remotes/pull/27/merge
2026-10-08T12:36:00.8769276Z From https://github.com/Jacob-Met/ledgerly
2026-10-08T12:36:00.8770926Z  * [new ref]         a0432f86d11eca72c0ce8f3814212e3cf9d13744 -> pull/27/merge
2026-10-08T12:36:00.8774240Z ##[endgroup]
2026-10-08T12:36:00.8775455Z ##[group]Determining the checkout info
2026-10-08T12:36:00.8776905Z ##[endgroup]
2026-10-08T12:36:00.8780480Z [command]/usr/bin/git sparse-checkout disable
2026-10-08T12:36:00.9020084Z [command]/usr/bin/git config --local --unset-all extensions.worktreeConfig
2026-10-08T12:36:00.9125203Z ##[group]Checking out the ref
2026-10-08T12:36:00.9127241Z [command]/usr/bin/git checkout --progress --force refs/remotes/pull/27/merge
2026-10-08T12:36:00.9321224Z Note: switching to 'refs/remotes/pull/27/merge'.
2026-10-08T12:36:00.9322015Z 
2026-10-08T12:36:00.9322681Z You are in 'detached HEAD' state. You can look around, make experimental
2026-10-08T12:36:00.9324343Z changes and commit them, and you can discard any commits you make in this
2026-10-08T12:36:00.9325955Z state without impacting any branches by switching back to a branch.
2026-10-08T12:36:00.9326904Z 
2026-10-08T12:36:00.9327538Z If you want to create a new branch to retain commits you create, you may
2026-10-08T12:36:00.9328962Z do so (now or later) by using -c with the switch command. Example:
2026-10-08T12:36:00.9329786Z 
2026-10-08T12:36:00.9330499Z   git switch -c <new-branch-name>
2026-10-08T12:36:00.9331209Z 
2026-10-08T12:36:00.9331573Z Or undo this operation with:
2026-10-08T12:36:00.9332295Z 
2026-10-08T12:36:00.9332616Z   git switch -
2026-10-08T12:36:00.9333040Z 
2026-10-08T12:36:00.9333652Z Turn off this advice by setting config variable advice.detachedHead to false
2026-10-08T12:36:00.9334525Z 
2026-10-08T12:36:00.9335478Z HEAD is now at a0432f8 Merge 99fc2917a2e1238fb370e76ca78d3efb3da37a85 into 350868091702d60f3dc340be4a017ba49d99f8a0
2026-10-08T12:36:00.9338520Z ##[endgroup]
2026-10-08T12:36:00.9431309Z [command]/usr/bin/git log -1 --format=%H
2026-10-08T12:36:00.9453044Z a0432f86d11eca72c0ce8f3814212e3cf9d13744
2026-10-08T12:36:00.9762120Z ##[group]Run actions/setup-python@v5
2026-10-08T12:36:00.9762883Z with:
2026-10-08T12:36:00.9763422Z   python-version: 3.12
2026-10-08T12:36:00.9764027Z   check-latest: false
2026-10-08T12:36:00.9770019Z   token: ***
2026-10-08T12:36:00.9770731Z   update-environment: true
2026-10-08T12:36:00.9771396Z   allow-prereleases: false
2026-10-08T12:36:00.9772062Z   freethreaded: false
2026-10-08T12:36:00.9772654Z ##[endgroup]
2026-10-08T12:36:01.0656961Z ##[group]Installed versions
2026-10-08T12:36:01.0710823Z (node:2067) [DEP0040] DeprecationWarning: The `punycode` module is deprecated. Please use a userland alternative instead.
2026-10-08T12:36:01.0713443Z (Use `node --trace-deprecation ...` to show where the warning was created)
2026-10-08T12:36:01.0715001Z Successfully set up CPython (3.12.14)
2026-10-08T12:36:01.0716634Z ##[endgroup]
2026-10-08T12:36:01.0961400Z ##[group]Run python -m pip install pytest
2026-10-08T12:36:01.0963012Z [36;1mpython -m pip install pytest[0m
2026-10-08T12:36:01.1315774Z shell: /usr/bin/bash -e {0}
2026-10-08T12:36:01.1316750Z env:
2026-10-08T12:36:01.1317720Z   pythonLocation: /opt/hostedtoolcache/Python/3.12.14/x64
2026-10-08T12:36:01.1318945Z   PKG_CONFIG_PATH: /opt/hostedtoolcache/Python/3.12.14/x64/lib/pkgconfig
2026-10-08T12:36:01.1320083Z   Python_ROOT_DIR: /opt/hostedtoolcache/Python/3.12.14/x64
2026-10-08T12:36:01.1321269Z   Python2_ROOT_DIR: /opt/hostedtoolcache/Python/3.12.14/x64
2026-10-08T12:36:01.1322312Z   Python3_ROOT_DIR: /opt/hostedtoolcache/Python/3.12.14/x64
2026-10-08T12:36:01.1323333Z   LD_LIBRARY_PATH: /opt/hostedtoolcache/Python/3.12.14/x64/lib
2026-10-08T12:36:01.1324201Z ##[endgroup]
2026-10-08T12:36:04.2258390Z Collecting pytest
2026-10-08T12:36:04.2956102Z   Downloading pytest-9.1.1-py3-none-any.whl.metadata (7.6 kB)
2026-10-08T12:36:04.3115266Z Collecting iniconfig>=1.0.1 (from pytest)
2026-10-08T12:36:04.3208715Z   Downloading iniconfig-2.3.1-py3-none-any.whl.metadata (2.8 kB)
2026-10-08T12:36:04.3376169Z Collecting packaging>=22 (from pytest)
2026-10-08T12:36:04.3470601Z   Downloading packaging-26.3-py3-none-any.whl.metadata (3.5 kB)
2026-10-08T12:36:04.3715812Z Collecting pluggy<2,>=1.5 (from pytest)
2026-10-08T12:36:04.3810970Z   Downloading pluggy-1.6.0-py3-none-any.whl.metadata (4.8 kB)
2026-10-08T12:36:04.4007565Z Collecting pygments>=2.7.2 (from pytest)
2026-10-08T12:36:04.4105557Z   Downloading pygments-2.21.0-py3-none-any.whl.metadata (2.5 kB)
2026-10-08T12:36:04.4233762Z Downloading pytest-9.1.1-py3-none-any.whl (386 kB)
2026-10-08T12:36:04.4711182Z Downloading pluggy-1.6.0-py3-none-any.whl (20 kB)
2026-10-08T12:36:04.4819072Z Downloading iniconfig-2.3.1-py3-none-any.whl (7.6 kB)
2026-10-08T12:36:04.4926745Z Downloading packaging-26.3-py3-none-any.whl (129 kB)
2026-10-08T12:36:04.5047973Z Downloading pygments-2.21.0-py3-none-any.whl (1.3 MB)
2026-10-08T12:36:04.5381248Z    ━━━━━━━━━━━━━━━━━━━━━━━━━━━━━━━━━━━━━━━━ 1.3/1.3 MB 42.6 MB/s  0:00:00
2026-10-08T12:36:04.6645090Z Installing collected packages: pygments, pluggy, packaging, iniconfig, pytest
2026-10-08T12:36:05.3868028Z 
2026-10-08T12:36:05.3875790Z Successfully installed iniconfig-2.3.1 packaging-26.3 pluggy-1.6.0 pygments-2.21.0 pytest-9.1.1
2026-10-08T12:36:05.4331457Z ##[group]Run python -m pytest -q
2026-10-08T12:36:05.4331674Z [36;1mpython -m pytest -q[0m
2026-10-08T12:36:05.4387233Z shell: /usr/bin/bash -e {0}
2026-10-08T12:36:05.4387382Z env:
2026-10-08T12:36:05.4387552Z   pythonLocation: /opt/hostedtoolcache/Python/3.12.14/x64
2026-10-08T12:36:05.4387966Z   PKG_CONFIG_PATH: /opt/hostedtoolcache/Python/3.12.14/x64/lib/pkgconfig
2026-10-08T12:36:05.4388204Z   Python_ROOT_DIR: /opt/hostedtoolcache/Python/3.12.14/x64
2026-10-08T12:36:05.4388425Z   Python2_ROOT_DIR: /opt/hostedtoolcache/Python/3.12.14/x64
2026-10-08T12:36:05.4388648Z   Python3_ROOT_DIR: /opt/hostedtoolcache/Python/3.12.14/x64
2026-10-08T12:36:05.4388862Z   LD_LIBRARY_PATH: /opt/hostedtoolcache/Python/3.12.14/x64/lib
2026-10-08T12:36:05.4389072Z ##[endgroup]
2026-10-08T12:36:06.3207383Z ...................................................................... [ 49%]
2026-10-08T12:36:06.3458827Z ........................... [ 68%]
2026-10-08T12:36:06.4106943Z ............................................                [100%]
2026-10-08T12:36:06.4107457Z 141 passed, 60 subtests passed in 0.60s
2026-10-08T12:36:06.4393002Z Post job cleanup.
2026-10-08T12:36:06.5192790Z (node:2105) [DEP0040] DeprecationWarning: The `punycode` module is deprecated. Please use a userland alternative instead.
2026-10-08T12:36:06.5193254Z (Use `node --trace-deprecation ...` to show where the warning was created)
2026-10-08T12:36:06.5343780Z Post job cleanup.
2026-10-08T12:36:06.5900968Z [command]/usr/bin/git version
2026-10-08T12:36:06.5932536Z git version 2.55.0
2026-10-08T12:36:06.5955975Z Temporarily overriding HOME='/home/runner/work/_temp/85542480-dc01-4098-bcb1-e0276abcca5d' before making global git config changes
2026-10-08T12:36:06.5956692Z Adding repository directory to the temporary git global config as a safe directory
2026-10-08T12:36:06.5959781Z [command]/usr/bin/git config --global --add safe.directory /home/runner/work/ledgerly/ledgerly
2026-10-08T12:36:06.5993453Z [command]/usr/bin/git config --local --name-only --get-regexp core\.sshCommand
2026-10-08T12:36:06.6023608Z [command]/usr/bin/git submodule foreach --recursive sh -c "git config --local --name-only --get-regexp 'core\.sshCommand' && git config --local --unset-all 'core.sshCommand' || :"
2026-10-08T12:36:06.6228198Z [command]/usr/bin/git config --local --name-only --get-regexp http\.https\:\/\/github\.com\/\.extraheader
2026-10-08T12:36:06.6258479Z http.https://github.com/.extraheader
2026-10-08T12:36:06.6267643Z [command]/usr/bin/git config --local --unset-all http.https://github.com/.extraheader
2026-10-08T12:36:06.6299457Z [command]/usr/bin/git submodule foreach --recursive sh -c "git config --local --name-only --get-regexp 'http\.https\:\/\/github\.com\/\.extraheader' && git config --local --unset-all 'http.https://github.com/.extraheader' || :"
2026-10-08T12:36:06.6498441Z [command]/usr/bin/git config --local --name-only --get-regexp ^includeIf\.gitdir:
2026-10-08T12:36:06.6528010Z [command]/usr/bin/git submodule foreach --recursive git config --local --show-origin --name-only --get-regexp remote.origin.url
2026-10-08T12:36:06.6811298Z Cleaning up orphan processes
2026-10-08T12:36:06.7019108Z ##[warning]Node.js 20 is deprecated. The following actions target Node.js 20 but are being forced to run on Node.js 24: actions/checkout@v4, actions/setup-python@v5. For more information see: https://github.blog/changelog/2025-09-19-deprecation-of-node-20-on-github-actions-runners/
