2026-10-08T14:11:02.7373364Z Current runner version: '2.337.0'
2026-10-08T14:11:02.7400179Z ##[group]Runner Image Provisioner
2026-10-08T14:11:02.7401213Z Hosted Compute Agent
2026-10-08T14:11:02.7401894Z Version: 20261002.596
2026-10-08T14:11:02.7402723Z Commit: c3d12f3313a95f25162a1503be624f3b0617f8c0
2026-10-08T14:11:02.7403581Z Build Date: 2026-10-02T22:28:27Z
2026-10-08T14:11:02.7404381Z Worker ID: {faf0ada5-61ef-4142-ba66-c60c76612e91}
2026-10-08T14:11:02.7405590Z Region: westus
2026-10-08T14:11:02.7406214Z Cloud: Azure
2026-10-08T14:11:02.7406863Z ##[endgroup]
2026-10-08T14:11:02.7408569Z ##[group]Operating System
2026-10-08T14:11:02.7409308Z Ubuntu
2026-10-08T14:11:02.7410000Z 24.04.5
2026-10-08T14:11:02.7410631Z LTS
2026-10-08T14:11:02.7411258Z ##[endgroup]
2026-10-08T14:11:02.7411937Z ##[group]Runner Image
2026-10-08T14:11:02.7412693Z Image: ubuntu-24.04
2026-10-08T14:11:02.7413398Z Version: 20261004.327.1
2026-10-08T14:11:02.7415104Z Included Software: https://github.com/actions/runner-images/blob/ubuntu24/20261004.327/images/ubuntu/Ubuntu2404-Readme.md
2026-10-08T14:11:02.7417005Z Image Release: https://github.com/actions/runner-images/releases/tag/ubuntu24%2F20261004.327
2026-10-08T14:11:02.7418107Z ##[endgroup]
2026-10-08T14:11:02.7419459Z ##[group]GITHUB_TOKEN Permissions
2026-10-08T14:11:02.7421394Z Contents: read
2026-10-08T14:11:02.7422168Z Metadata: read
2026-10-08T14:11:02.7422777Z Pages: write
2026-10-08T14:11:02.7423356Z ##[endgroup]
2026-10-08T14:11:02.7426507Z Secret source: Actions
2026-10-08T14:11:02.7427530Z Cache mode: write
2026-10-08T14:11:02.7428358Z Prepare workflow directory
2026-10-08T14:11:02.7782476Z Prepare all required actions
2026-10-08T14:11:02.7835143Z Getting action download info
2026-10-08T14:11:03.1686611Z Download action repository 'actions/checkout@v4' (SHA:11d5960a326750d5838078e36cf38b85af677262)
2026-10-08T14:11:03.2808710Z Download action repository 'actions/setup-node@v4' (SHA:49933ea5288caeca8642d1e84afbd3f7d6820020)
2026-10-08T14:11:03.3732207Z Download action repository 'actions/configure-pages@v5' (SHA:983d7736d9b0ae728b81ab479565c72886d7745b)
2026-10-08T14:11:03.7890016Z Download action repository 'actions/upload-pages-artifact@v4' (SHA:7b1f4a764d45c48632c6b24a0339c27f5614fb0b)
2026-10-08T14:11:03.9928359Z Download action repository 'actions/deploy-pages@v4' (SHA:d6db90164ac5ed86f2b6aed7e0febac5b3c0c03e)
2026-10-08T14:11:04.6554353Z Getting action download info
2026-10-08T14:11:04.7955590Z Download action repository 'actions/upload-artifact@ea165f8d65b6e75b540449e92b4886f43607fa02' (SHA:ea165f8d65b6e75b540449e92b4886f43607fa02)
2026-10-08T14:11:05.3490977Z Complete job name: deploy
2026-10-08T14:11:05.4397314Z ##[group]Run actions/checkout@v4
2026-10-08T14:11:05.4398310Z with:
2026-10-08T14:11:05.4398734Z   repository: Jacob-Met/ledgerly
2026-10-08T14:11:05.4402164Z   token: ***
2026-10-08T14:11:05.4402409Z   ssh-strict: true
2026-10-08T14:11:05.4402646Z   ssh-user: git
2026-10-08T14:11:05.4402894Z   persist-credentials: true
2026-10-08T14:11:05.4403165Z   clean: true
2026-10-08T14:11:05.4403442Z   sparse-checkout-cone-mode: true
2026-10-08T14:11:05.4403738Z   fetch-depth: 1
2026-10-08T14:11:05.4403973Z   fetch-tags: false
2026-10-08T14:11:05.4404226Z   show-progress: true
2026-10-08T14:11:05.4404666Z   lfs: false
2026-10-08T14:11:05.4404902Z   submodules: false
2026-10-08T14:11:05.4405163Z   set-safe-directory: true
2026-10-08T14:11:05.4405466Z   allow-unsafe-pr-checkout: false
2026-10-08T14:11:05.4406131Z ##[endgroup]
2026-10-08T14:11:05.5584260Z Syncing repository: Jacob-Met/ledgerly
2026-10-08T14:11:05.5587396Z ##[group]Getting Git version info
2026-10-08T14:11:05.5589167Z Working directory is '/home/runner/work/ledgerly/ledgerly'
2026-10-08T14:11:05.5590206Z [command]/usr/bin/git version
2026-10-08T14:11:05.5653340Z git version 2.55.0
2026-10-08T14:11:05.5678693Z ##[endgroup]
2026-10-08T14:11:05.5695366Z Temporarily overriding HOME='/home/runner/work/_temp/be8a2905-fbd6-41f2-8b28-67012f182a2f' before making global git config changes
2026-10-08T14:11:05.5696988Z Adding repository directory to the temporary git global config as a safe directory
2026-10-08T14:11:05.5701970Z [command]/usr/bin/git config --global --add safe.directory /home/runner/work/ledgerly/ledgerly
2026-10-08T14:11:05.5761796Z Deleting the contents of '/home/runner/work/ledgerly/ledgerly'
2026-10-08T14:11:05.5767802Z ##[group]Initializing the repository
2026-10-08T14:11:05.5771792Z [command]/usr/bin/git init /home/runner/work/ledgerly/ledgerly
2026-10-08T14:11:05.5894258Z hint: Using 'master' as the name for the initial branch. This default branch name
2026-10-08T14:11:05.5896358Z hint: will change to "main" in Git 3.0. To configure the initial branch name
2026-10-08T14:11:05.5897946Z hint: to use in all of your new repositories, which will suppress this warning,
2026-10-08T14:11:05.5899281Z hint: call:
2026-10-08T14:11:05.5900473Z hint:
2026-10-08T14:11:05.5901413Z hint: 	git config --global init.defaultBranch <name>
2026-10-08T14:11:05.5902390Z hint:
2026-10-08T14:11:05.5903197Z hint: Names commonly chosen instead of 'master' are 'main', 'trunk' and
2026-10-08T14:11:05.5904925Z hint: 'development'. The just-created branch can be renamed via this command:
2026-10-08T14:11:05.5906129Z hint:
2026-10-08T14:11:05.5906593Z hint: 	git branch -m <name>
2026-10-08T14:11:05.5906974Z hint:
2026-10-08T14:11:05.5907539Z hint: Disable this message with "git config set advice.defaultBranchName false"
2026-10-08T14:11:05.5908416Z Initialized empty Git repository in /home/runner/work/ledgerly/ledgerly/.git/
2026-10-08T14:11:05.5912352Z [command]/usr/bin/git remote add origin https://github.com/Jacob-Met/ledgerly
2026-10-08T14:11:05.5969205Z ##[endgroup]
2026-10-08T14:11:05.5970302Z ##[group]Disabling automatic garbage collection
2026-10-08T14:11:05.5976217Z [command]/usr/bin/git config --local gc.auto 0
2026-10-08T14:11:05.6011974Z ##[endgroup]
2026-10-08T14:11:05.6012888Z ##[group]Setting up auth
2026-10-08T14:11:05.6023642Z [command]/usr/bin/git config --local --name-only --get-regexp core\.sshCommand
2026-10-08T14:11:05.6065941Z [command]/usr/bin/git submodule foreach --recursive sh -c "git config --local --name-only --get-regexp 'core\.sshCommand' && git config --local --unset-all 'core.sshCommand' || :"
2026-10-08T14:11:05.6469893Z [command]/usr/bin/git config --local --name-only --get-regexp http\.https\:\/\/github\.com\/\.extraheader
2026-10-08T14:11:05.6515018Z [command]/usr/bin/git submodule foreach --recursive sh -c "git config --local --name-only --get-regexp 'http\.https\:\/\/github\.com\/\.extraheader' && git config --local --unset-all 'http.https://github.com/.extraheader' || :"
2026-10-08T14:11:05.6778614Z [command]/usr/bin/git config --local --name-only --get-regexp ^includeIf\.gitdir:
2026-10-08T14:11:05.6823848Z [command]/usr/bin/git submodule foreach --recursive git config --local --show-origin --name-only --get-regexp remote.origin.url
2026-10-08T14:11:05.7081149Z [command]/usr/bin/git config --local http.https://github.com/.extraheader AUTHORIZATION: basic ***
2026-10-08T14:11:05.7127652Z ##[endgroup]
2026-10-08T14:11:05.7128739Z ##[group]Fetching the repository
2026-10-08T14:11:05.7139508Z [command]/usr/bin/git -c protocol.version=2 fetch --no-tags --prune --no-recurse-submodules --depth=1 origin +f5bcfec37eea567a6a503da9bdcf4b2d8fabb5ac:refs/remotes/origin/main
2026-10-08T14:11:06.5461254Z From https://github.com/Jacob-Met/ledgerly
2026-10-08T14:11:06.5463038Z  * [new ref]         f5bcfec37eea567a6a503da9bdcf4b2d8fabb5ac -> origin/main
2026-10-08T14:11:06.5468528Z ##[endgroup]
2026-10-08T14:11:06.5469825Z ##[group]Determining the checkout info
2026-10-08T14:11:06.5472905Z ##[endgroup]
2026-10-08T14:11:06.5482407Z [command]/usr/bin/git sparse-checkout disable
2026-10-08T14:11:06.5551393Z [command]/usr/bin/git config --local --unset-all extensions.worktreeConfig
2026-10-08T14:11:06.5632931Z ##[group]Checking out the ref
2026-10-08T14:11:06.5639596Z [command]/usr/bin/git checkout --progress --force -B main refs/remotes/origin/main
2026-10-08T14:11:06.6126692Z Switched to a new branch 'main'
2026-10-08T14:11:06.6135763Z branch 'main' set up to track 'origin/main'.
2026-10-08T14:11:06.6140900Z ##[endgroup]
2026-10-08T14:11:06.6198720Z [command]/usr/bin/git log -1 --format=%H
2026-10-08T14:11:06.6231787Z f5bcfec37eea567a6a503da9bdcf4b2d8fabb5ac
2026-10-08T14:11:06.6521924Z ##[group]Run actions/setup-node@v4
2026-10-08T14:11:06.6522270Z with:
2026-10-08T14:11:06.6522501Z   node-version: 22
2026-10-08T14:11:06.6522749Z   cache: npm
2026-10-08T14:11:06.6523049Z   cache-dependency-path: web-demo/package-lock.json
2026-10-08T14:11:06.6523434Z   always-auth: false
2026-10-08T14:11:06.6523695Z   check-latest: false
2026-10-08T14:11:06.6526826Z   token: ***
2026-10-08T14:11:06.6527078Z ##[endgroup]
2026-10-08T14:11:06.8106838Z Found in cache @ /opt/hostedtoolcache/node/22.23.3/x64
2026-10-08T14:11:06.8111771Z (node:2309) [DEP0040] DeprecationWarning: The `punycode` module is deprecated. Please use a userland alternative instead.
2026-10-08T14:11:06.8113144Z (Use `node --trace-deprecation ...` to show where the warning was created)
2026-10-08T14:11:06.8115760Z ##[group]Environment details
2026-10-08T14:11:07.2373974Z node: v22.23.3
2026-10-08T14:11:07.2375734Z npm: 10.9.9
2026-10-08T14:11:07.2376300Z yarn: 1.22.22
2026-10-08T14:11:07.2377421Z ##[endgroup]
2026-10-08T14:11:07.2406892Z [command]/opt/hostedtoolcache/node/22.23.3/x64/bin/npm config get cache
2026-10-08T14:11:07.3644720Z /home/runner/.npm
2026-10-08T14:11:07.6856141Z Cache hit for: node-cache-Linux-x64-npm-bbf60ffed2d9a9f5b789d2322df80bd19cbe9f8f66636c66bbaf4e33db6c253d
2026-10-08T14:11:07.6972982Z (node:2309) [DEP0169] DeprecationWarning: `url.parse()` behavior is not standardized and prone to errors that have security implications. Use the WHATWG URL API instead. CVEs are not issued for `url.parse()` vulnerabilities.
2026-10-08T14:11:08.9614713Z Received 4194304 of 35957454 (11.7%), 4.0 MBs/sec
2026-10-08T14:11:09.1746118Z Received 35957454 of 35957454 (100.0%), 28.2 MBs/sec
2026-10-08T14:11:09.1747401Z Cache Size: ~34 MB (35957454 B)
2026-10-08T14:11:09.1779204Z [command]/usr/bin/tar -xf /home/runner/work/_temp/d35c0431-ec8f-4410-ae4d-2dd97841b880/cache.tzst -P -C /home/runner/work/ledgerly/ledgerly --use-compress-program unzstd
2026-10-08T14:11:09.2442026Z Cache restored successfully
2026-10-08T14:11:09.2463841Z Cache restored from key: node-cache-Linux-x64-npm-bbf60ffed2d9a9f5b789d2322df80bd19cbe9f8f66636c66bbaf4e33db6c253d
2026-10-08T14:11:09.2671728Z ##[group]Run npm ci
2026-10-08T14:11:09.2672134Z [36;1mnpm ci[0m
2026-10-08T14:11:09.2962837Z shell: /usr/bin/bash -e {0}
2026-10-08T14:11:09.2963402Z ##[endgroup]
2026-10-08T14:11:10.8349025Z 
2026-10-08T14:11:10.8359221Z added 41 packages, and audited 42 packages in 1s
2026-10-08T14:11:10.8359848Z 
2026-10-08T14:11:10.8366097Z 13 packages are looking for funding
2026-10-08T14:11:10.8366721Z   run `npm fund` for details
2026-10-08T14:11:10.8367227Z 
2026-10-08T14:11:10.8368075Z found 0 vulnerabilities
2026-10-08T14:11:10.8885589Z ##[group]Run npm run build
2026-10-08T14:11:10.8886042Z [36;1mnpm run build[0m
2026-10-08T14:11:10.8952152Z shell: /usr/bin/bash -e {0}
2026-10-08T14:11:10.8952698Z ##[endgroup]
2026-10-08T14:11:11.0223233Z 
2026-10-08T14:11:11.0224318Z > ledgerly-offline-browser-demo@0.1.0 build
2026-10-08T14:11:11.0225788Z > node scripts/stage-python.mjs && tsc --noEmit && vite build
2026-10-08T14:11:11.0226377Z 
2026-10-08T14:11:11.0711889Z Staged the real Python core, fictional fixtures and self-hosted Pyodide assets.
2026-10-08T14:11:12.5926122Z [36mvite v8.3.3 [32mbuilding client environment for production...[36m[39m
2026-10-08T14:11:12.6067276Z transforming...
2026-10-08T14:11:12.6633609Z [33m[plugin rolldown:vite-resolve] Module "node:fs/promises" has been externalized for browser compatibility, imported by "/home/runner/work/ledgerly/ledgerly/web-demo/node_modules/pyodide/pyodide.mjs". See https://vite.dev/guide/troubleshooting.html#module-externalized-for-browser-compatibility for more details.[39m
2026-10-08T14:11:12.6637909Z [33m[plugin rolldown:vite-resolve] Module "node:path" has been externalized for browser compatibility, imported by "/home/runner/work/ledgerly/ledgerly/web-demo/node_modules/pyodide/pyodide.mjs". See https://vite.dev/guide/troubleshooting.html#module-externalized-for-browser-compatibility for more details.[39m
2026-10-08T14:11:12.6641073Z [33m[plugin rolldown:vite-resolve] Module "node:url" has been externalized for browser compatibility, imported by "/home/runner/work/ledgerly/ledgerly/web-demo/node_modules/pyodide/pyodide.mjs". See https://vite.dev/guide/troubleshooting.html#module-externalized-for-browser-compatibility for more details.[39m
2026-10-08T14:11:12.6643827Z [33m[plugin rolldown:vite-resolve] Module "node:vm" has been externalized for browser compatibility, imported by "/home/runner/work/ledgerly/ledgerly/web-demo/node_modules/pyodide/pyodide.mjs". See https://vite.dev/guide/troubleshooting.html#module-externalized-for-browser-compatibility for more details.[39m
2026-10-08T14:11:12.6646865Z [33m[plugin rolldown:vite-resolve] Module "node:crypto" has been externalized for browser compatibility, imported by "/home/runner/work/ledgerly/ledgerly/web-demo/node_modules/pyodide/pyodide.mjs". See https://vite.dev/guide/troubleshooting.html#module-externalized-for-browser-compatibility for more details.[39m
2026-10-08T14:11:12.6649748Z [33m[plugin rolldown:vite-resolve] Module "node:child_process" has been externalized for browser compatibility, imported by "/home/runner/work/ledgerly/ledgerly/web-demo/node_modules/pyodide/pyodide.mjs". See https://vite.dev/guide/troubleshooting.html#module-externalized-for-browser-compatibility for more details.[39m
2026-10-08T14:11:12.6652551Z [33m[plugin rolldown:vite-resolve] Module "node:fs" has been externalized for browser compatibility, imported by "/home/runner/work/ledgerly/ledgerly/web-demo/node_modules/pyodide/pyodide.mjs". See https://vite.dev/guide/troubleshooting.html#module-externalized-for-browser-compatibility for more details.[39m
2026-10-08T14:11:12.6852424Z ✓ 14 modules transformed.
2026-10-08T14:11:12.7076274Z rendering chunks...
2026-10-08T14:11:12.7150966Z computing gzip size...
2026-10-08T14:11:12.7160145Z dist/assets/__vite-browser-external-DKcLY8Mr.js   0.11 kB
2026-10-08T14:11:12.7161454Z dist/index.html                                   6.03 kB │ gzip:  2.44 kB
2026-10-08T14:11:12.7162188Z dist/assets/engine.worker-B5Sd8fS4.js            20.22 kB
2026-10-08T14:11:12.7163310Z dist/assets/index-Drbn2oMn.css                   12.87 kB │ gzip:  3.36 kB
2026-10-08T14:11:12.7164226Z dist/assets/index-DwUkO3nl.js                    31.61 kB │ gzip: 10.71 kB
2026-10-08T14:11:12.7165301Z 
2026-10-08T14:11:12.7170382Z [32m✓ built in 123ms[39m
2026-10-08T14:11:12.7463984Z ##[group]Run actions/configure-pages@v5
2026-10-08T14:11:12.7464326Z with:
2026-10-08T14:11:12.7467250Z   token: ***
2026-10-08T14:11:12.7467493Z   enablement: false
2026-10-08T14:11:12.7467734Z ##[endgroup]
2026-10-08T14:11:13.1466749Z ##[group]Run actions/upload-pages-artifact@v4
2026-10-08T14:11:13.1467093Z with:
2026-10-08T14:11:13.1467289Z   path: web-demo/dist
2026-10-08T14:11:13.1467537Z   name: github-pages
2026-10-08T14:11:13.1467752Z   retention-days: 1
2026-10-08T14:11:13.1467953Z env:
2026-10-08T14:11:13.1468158Z   GITHUB_PAGES: true
2026-10-08T14:11:13.1468367Z ##[endgroup]
2026-10-08T14:11:13.1539213Z ##[start-action display=Archive artifact;id=__actions_upload-pages-artifact.__run]
2026-10-08T14:11:13.1568078Z ##[group]Run echo ::group::Archive artifact
2026-10-08T14:11:13.1568478Z [36;1mecho ::group::Archive artifact[0m
2026-10-08T14:11:13.1568783Z [36;1mtar \[0m
2026-10-08T14:11:13.1569049Z [36;1m  --dereference --hard-dereference \[0m
2026-10-08T14:11:13.1569401Z [36;1m  --directory "$INPUT_PATH" \[0m
2026-10-08T14:11:13.1569733Z [36;1m  -cvf "$RUNNER_TEMP/artifact.tar" \[0m
2026-10-08T14:11:13.1570058Z [36;1m  --exclude=.git \[0m
2026-10-08T14:11:13.1570399Z [36;1m  --exclude=.github \[0m
2026-10-08T14:11:13.1570679Z [36;1m  --exclude=".[^/]*" \[0m
2026-10-08T14:11:13.1570948Z [36;1m  .[0m
2026-10-08T14:11:13.1571173Z [36;1mecho ::endgroup::[0m
2026-10-08T14:11:13.1599061Z shell: /usr/bin/sh -e {0}
2026-10-08T14:11:13.1599351Z env:
2026-10-08T14:11:13.1599575Z   GITHUB_PAGES: true
2026-10-08T14:11:13.1599865Z   INPUT_PATH: web-demo/dist
2026-10-08T14:11:13.1600180Z ##[endgroup]
2026-10-08T14:11:13.1646608Z ##[group]Archive artifact
2026-10-08T14:11:13.1660854Z ./
2026-10-08T14:11:13.1661227Z ./pyodide/
2026-10-08T14:11:13.1661657Z ./pyodide/pyodide.asm.wasm
2026-10-08T14:11:13.1733334Z ./pyodide/pyodide-lock.json
2026-10-08T14:11:13.1734023Z ./pyodide/pyodide.asm.js
2026-10-08T14:11:13.1743536Z ./pyodide/python_stdlib.zip
2026-10-08T14:11:13.1763474Z ./favicon.svg
2026-10-08T14:11:13.1764010Z ./fixtures/
2026-10-08T14:11:13.1764951Z ./fixtures/07_partial_payment_deposit.txt
2026-10-08T14:11:13.1765854Z ./fixtures/12_prompt_injection.txt
2026-10-08T14:11:13.1766788Z ./fixtures/08_jpy_zero_decimal.txt
2026-10-08T14:11:13.1767587Z ./fixtures/05_missing_email.txt
2026-10-08T14:11:13.1768378Z ./fixtures/01_simple_usd_hourly.txt
2026-10-08T14:11:13.1769234Z ./fixtures/11_range_qty_approx.txt
2026-10-08T14:11:13.1770069Z ./fixtures/03_eur_fixed_project.txt
2026-10-08T14:11:13.1771047Z ./fixtures/10_billing_address_net45.txt
2026-10-08T14:11:13.1771934Z ./fixtures/09_table_cad.txt
2026-10-08T14:11:13.1772795Z ./fixtures/02_gbp_proofreading.txt
2026-10-08T14:11:13.1773722Z ./fixtures/04_multi_currency.txt
2026-10-08T14:11:13.1774811Z ./fixtures/06_ambiguous_qty.txt
2026-10-08T14:11:13.1775547Z ./assets/
2026-10-08T14:11:13.1776192Z ./assets/index-DwUkO3nl.js
2026-10-08T14:11:13.1776986Z ./assets/index-Drbn2oMn.css
2026-10-08T14:11:13.1777876Z ./assets/engine.worker-B5Sd8fS4.js
2026-10-08T14:11:13.1778931Z ./assets/__vite-browser-external-DKcLY8Mr.js
2026-10-08T14:11:13.1779821Z ./index.html
2026-10-08T14:11:13.1780399Z ./python/
2026-10-08T14:11:13.1781014Z ./python/ledgerly/
2026-10-08T14:11:13.1781730Z ./python/ledgerly/extract.py
2026-10-08T14:11:13.1782242Z ./python/ledgerly/paypal.py
2026-10-08T14:11:13.1782785Z ./python/ledgerly/agent.py
2026-10-08T14:11:13.1783334Z ./python/ledgerly/__init__.py
2026-10-08T14:11:13.1783865Z ./python/bridge.py
2026-10-08T14:11:13.1784316Z ./python/review.py
2026-10-08T14:11:13.1785004Z ./python/invoice_details.py
2026-10-08T14:11:13.1785379Z ./captures/
2026-10-08T14:11:13.1785704Z ./captures/ledgerly-desktop.png
2026-10-08T14:11:13.1786102Z ./captures/ledgerly-mobile.png
2026-10-08T14:11:13.1786871Z ##[endgroup]
2026-10-08T14:11:13.1800832Z ##[end-action id=__actions_upload-pages-artifact.__run;outcome=success;conclusion=success;duration_ms=26]
2026-10-08T14:11:13.1805522Z ##[start-action display=Archive artifact;id=__actions_upload-pages-artifact.__run_2]
2026-10-08T14:11:13.1812092Z ##[end-action id=__actions_upload-pages-artifact.__run_2;outcome=skipped;conclusion=skipped;duration_ms=0]
2026-10-08T14:11:13.1815680Z ##[start-action display=Archive artifact;id=__actions_upload-pages-artifact.__run_3]
2026-10-08T14:11:13.1819914Z ##[end-action id=__actions_upload-pages-artifact.__run_3;outcome=skipped;conclusion=skipped;duration_ms=0]
2026-10-08T14:11:13.1822255Z ##[start-action display=Upload artifact;id=__actions_upload-pages-artifact.upload-artifact]
2026-10-08T14:11:13.1880108Z ##[group]Run actions/upload-artifact@ea165f8d65b6e75b540449e92b4886f43607fa02
2026-10-08T14:11:13.1880553Z with:
2026-10-08T14:11:13.1880850Z   name: github-pages
2026-10-08T14:11:13.1881148Z   path: /home/runner/work/_temp/artifact.tar
2026-10-08T14:11:13.1881470Z   retention-days: 1
2026-10-08T14:11:13.1881720Z   if-no-files-found: error
2026-10-08T14:11:13.1881996Z   compression-level: 6
2026-10-08T14:11:13.1882247Z   overwrite: false
2026-10-08T14:11:13.1882484Z   include-hidden-files: false
2026-10-08T14:11:13.1882743Z env:
2026-10-08T14:11:13.1882946Z   GITHUB_PAGES: true
2026-10-08T14:11:13.1883180Z ##[endgroup]
2026-10-08T14:11:13.3693743Z (node:2433) [DEP0040] DeprecationWarning: The `punycode` module is deprecated. Please use a userland alternative instead.
2026-10-08T14:11:13.3695793Z (Use `node --trace-deprecation ...` to show where the warning was created)
2026-10-08T14:11:13.3753925Z With the provided path, there will be 1 file uploaded
2026-10-08T14:11:13.3762808Z Artifact name is valid!
2026-10-08T14:11:13.3764044Z Root directory input is valid!
2026-10-08T14:11:13.7982301Z Beginning upload of artifact content to blob storage
2026-10-08T14:11:14.2146305Z (node:2433) [DEP0169] DeprecationWarning: `url.parse()` behavior is not standardized and prone to errors that have security implications. Use the WHATWG URL API instead. CVEs are not issued for `url.parse()` vulnerabilities.
2026-10-08T14:11:15.1716146Z Uploaded bytes 5893456
2026-10-08T14:11:15.2555189Z Finished uploading artifact content to blob storage!
2026-10-08T14:11:15.2557155Z SHA256 digest of uploaded artifact zip is add80a2ac6c8157e6410a9c764212e35232aa577e063ed39486e4013a67e29b8
2026-10-08T14:11:15.2558510Z Finalizing artifact upload
2026-10-08T14:11:15.5261072Z Artifact github-pages.zip successfully finalized. Artifact ID 11556391545
2026-10-08T14:11:15.5263692Z Artifact github-pages has been successfully uploaded! Final size is 5893456 bytes. Artifact ID is 11556391545
2026-10-08T14:11:15.5270913Z Artifact download URL: https://github.com/Jacob-Met/ledgerly/actions/runs/37790359756/artifacts/11556391545
2026-10-08T14:11:15.5400158Z ##[end-action id=__actions_upload-pages-artifact.upload-artifact;outcome=success;conclusion=success;duration_ms=2357]
2026-10-08T14:11:15.5480684Z ##[group]Run actions/deploy-pages@v4
2026-10-08T14:11:15.5481011Z with:
2026-10-08T14:11:15.5483575Z   token: ***
2026-10-08T14:11:15.5483808Z   timeout: 600000
2026-10-08T14:11:15.5484046Z   error_count: 10
2026-10-08T14:11:15.5484282Z   reporting_interval: 5000
2026-10-08T14:11:15.5484915Z   artifact_name: github-pages
2026-10-08T14:11:15.5485208Z   preview: false
2026-10-08T14:11:15.5485437Z env:
2026-10-08T14:11:15.5485640Z   GITHUB_PAGES: true
2026-10-08T14:11:15.5485871Z ##[endgroup]
2026-10-08T14:11:15.7434896Z (node:2446) [DEP0040] DeprecationWarning: The `punycode` module is deprecated. Please use a userland alternative instead.
2026-10-08T14:11:15.7436406Z (Use `node --trace-deprecation ...` to show where the warning was created)
2026-10-08T14:11:15.9965432Z Fetching artifact metadata for "github-pages" in this workflow run
2026-10-08T14:11:16.2625040Z Found 1 artifact(s)
2026-10-08T14:11:16.2638673Z Creating Pages deployment with payload:
2026-10-08T14:11:16.2639577Z {
2026-10-08T14:11:16.2640044Z 	"artifact_id": 11556391545,
2026-10-08T14:11:16.2640798Z 	"pages_build_version": "f5bcfec37eea567a6a503da9bdcf4b2d8fabb5ac",
2026-10-08T14:11:16.2690771Z 	"oidc_token": "***"
2026-10-08T14:11:16.2691209Z }
2026-10-08T14:11:17.1558595Z Created deployment for f5bcfec37eea567a6a503da9bdcf4b2d8fabb5ac, ID: f5bcfec37eea567a6a503da9bdcf4b2d8fabb5ac
2026-10-08T14:11:22.1571515Z Getting Pages deployment status...
2026-10-08T14:11:22.4160703Z Current status: updating_pages
2026-10-08T14:11:27.4168809Z Getting Pages deployment status...
2026-10-08T14:11:27.6428049Z Reported success!
2026-10-08T14:11:27.6699470Z Post job cleanup.
2026-10-08T14:11:27.7970284Z (node:2460) [DEP0040] DeprecationWarning: The `punycode` module is deprecated. Please use a userland alternative instead.
2026-10-08T14:11:27.7971761Z (Use `node --trace-deprecation ...` to show where the warning was created)
2026-10-08T14:11:27.7975010Z Cache hit occurred on the primary key node-cache-Linux-x64-npm-bbf60ffed2d9a9f5b789d2322df80bd19cbe9f8f66636c66bbaf4e33db6c253d, not saving cache.
2026-10-08T14:11:27.8126807Z Post job cleanup.
2026-10-08T14:11:27.9031117Z [command]/usr/bin/git version
2026-10-08T14:11:27.9079744Z git version 2.55.0
2026-10-08T14:11:27.9125204Z Temporarily overriding HOME='/home/runner/work/_temp/5b101aee-b6ea-41e3-af72-7bb92604815c' before making global git config changes
2026-10-08T14:11:27.9127906Z Adding repository directory to the temporary git global config as a safe directory
2026-10-08T14:11:27.9134048Z [command]/usr/bin/git config --global --add safe.directory /home/runner/work/ledgerly/ledgerly
2026-10-08T14:11:27.9176089Z [command]/usr/bin/git config --local --name-only --get-regexp core\.sshCommand
2026-10-08T14:11:27.9215177Z [command]/usr/bin/git submodule foreach --recursive sh -c "git config --local --name-only --get-regexp 'core\.sshCommand' && git config --local --unset-all 'core.sshCommand' || :"
2026-10-08T14:11:27.9493342Z [command]/usr/bin/git config --local --name-only --get-regexp http\.https\:\/\/github\.com\/\.extraheader
2026-10-08T14:11:27.9524762Z http.https://github.com/.extraheader
2026-10-08T14:11:27.9538575Z [command]/usr/bin/git config --local --unset-all http.https://github.com/.extraheader
2026-10-08T14:11:27.9577230Z [command]/usr/bin/git submodule foreach --recursive sh -c "git config --local --name-only --get-regexp 'http\.https\:\/\/github\.com\/\.extraheader' && git config --local --unset-all 'http.https://github.com/.extraheader' || :"
2026-10-08T14:11:27.9855854Z [command]/usr/bin/git config --local --name-only --get-regexp ^includeIf\.gitdir:
2026-10-08T14:11:27.9886147Z [command]/usr/bin/git submodule foreach --recursive git config --local --show-origin --name-only --get-regexp remote.origin.url
2026-10-08T14:11:28.0335609Z Evaluate and set environment url
2026-10-08T14:11:28.0339547Z Evaluated environment url: https://jacobmetoyer.com/ledgerly/
2026-10-08T14:11:28.0340677Z Cleaning up orphan processes
2026-10-08T14:11:28.0662946Z ##[warning]Node.js 20 is deprecated. The following actions target Node.js 20 but are being forced to run on Node.js 24: actions/checkout@v4, actions/configure-pages@v5, actions/deploy-pages@v4, actions/setup-node@v4, actions/upload-artifact@ea165f8d65b6e75b540449e92b4886f43607fa02. For more information see: https://github.blog/changelog/2025-09-19-deprecation-of-node-20-on-github-actions-runners/
