2026-10-08T16:25:04.0469712Z Current runner version: '2.337.0'
2026-10-08T16:25:04.0486905Z ##[group]Runner Image Provisioner
2026-10-08T16:25:04.0487429Z Hosted Compute Agent
2026-10-08T16:25:04.0487874Z Version: 20261002.596
2026-10-08T16:25:04.0488282Z Commit: c3d12f3313a95f25162a1503be624f3b0617f8c0
2026-10-08T16:25:04.0488701Z Build Date: 2026-10-02T22:28:27Z
2026-10-08T16:25:04.0489191Z Worker ID: {d7d35386-c49c-40c9-80a7-03e584cfaab0}
2026-10-08T16:25:04.0489612Z Region: southcentralus
2026-10-08T16:25:04.0489995Z Cloud: Azure
2026-10-08T16:25:04.0490354Z ##[endgroup]
2026-10-08T16:25:04.0491067Z ##[group]Operating System
2026-10-08T16:25:04.0491481Z Ubuntu
2026-10-08T16:25:04.0491798Z 24.04.5
2026-10-08T16:25:04.0492129Z LTS
2026-10-08T16:25:04.0492483Z ##[endgroup]
2026-10-08T16:25:04.0492954Z ##[group]Runner Image
2026-10-08T16:25:04.0493367Z Image: ubuntu-24.04
2026-10-08T16:25:04.0493710Z Version: 20261004.327.1
2026-10-08T16:25:04.0494487Z Included Software: https://github.com/actions/runner-images/blob/ubuntu24/20261004.327/images/ubuntu/Ubuntu2404-Readme.md
2026-10-08T16:25:04.0495369Z Image Release: https://github.com/actions/runner-images/releases/tag/ubuntu24%2F20261004.327
2026-10-08T16:25:04.0495965Z ##[endgroup]
2026-10-08T16:25:04.0496603Z ##[group]GITHUB_TOKEN Permissions
2026-10-08T16:25:04.0497781Z Contents: read
2026-10-08T16:25:04.0498124Z Metadata: read
2026-10-08T16:25:04.0498495Z ##[endgroup]
2026-10-08T16:25:04.0499776Z Secret source: Actions
2026-10-08T16:25:04.0500361Z Cache mode: write
2026-10-08T16:25:04.0500818Z Prepare workflow directory
2026-10-08T16:25:04.0723358Z Prepare all required actions
2026-10-08T16:25:04.0761937Z Getting action download info
2026-10-08T16:25:04.3161499Z Download action repository 'actions/checkout@v4' (SHA:11d5960a326750d5838078e36cf38b85af677262)
2026-10-08T16:25:04.3907203Z Download action repository 'actions/setup-python@v5' (SHA:a26af69be951a213d495a4c3e4e4022e16d87065)
2026-10-08T16:25:04.5624100Z Complete job name: python-core
2026-10-08T16:25:04.6120224Z ##[group]Run actions/checkout@v4
2026-10-08T16:25:04.6120654Z with:
2026-10-08T16:25:04.6120900Z   repository: Jacob-Met/ledgerly
2026-10-08T16:25:04.6123099Z   token: ***
2026-10-08T16:25:04.6123338Z   ssh-strict: true
2026-10-08T16:25:04.6123585Z   ssh-user: git
2026-10-08T16:25:04.6123840Z   persist-credentials: true
2026-10-08T16:25:04.6124117Z   clean: true
2026-10-08T16:25:04.6124369Z   sparse-checkout-cone-mode: true
2026-10-08T16:25:04.6124660Z   fetch-depth: 1
2026-10-08T16:25:04.6124902Z   fetch-tags: false
2026-10-08T16:25:04.6125152Z   show-progress: true
2026-10-08T16:25:04.6125401Z   lfs: false
2026-10-08T16:25:04.6125629Z   submodules: false
2026-10-08T16:25:04.6125883Z   set-safe-directory: true
2026-10-08T16:25:04.6126169Z   allow-unsafe-pr-checkout: false
2026-10-08T16:25:04.6126534Z ##[endgroup]
2026-10-08T16:25:04.6834763Z Syncing repository: Jacob-Met/ledgerly
2026-10-08T16:25:04.6836255Z ##[group]Getting Git version info
2026-10-08T16:25:04.6837294Z Working directory is '/home/runner/work/ledgerly/ledgerly'
2026-10-08T16:25:04.6838410Z [command]/usr/bin/git version
2026-10-08T16:25:04.6934683Z git version 2.55.0
2026-10-08T16:25:04.6956926Z ##[endgroup]
2026-10-08T16:25:04.6961863Z Temporarily overriding HOME='/home/runner/work/_temp/0c2b1b7c-d1e9-49ef-a1b5-f0a23c01ac58' before making global git config changes
2026-10-08T16:25:04.6963357Z Adding repository directory to the temporary git global config as a safe directory
2026-10-08T16:25:04.6965583Z [command]/usr/bin/git config --global --add safe.directory /home/runner/work/ledgerly/ledgerly
2026-10-08T16:25:04.7015875Z Deleting the contents of '/home/runner/work/ledgerly/ledgerly'
2026-10-08T16:25:04.7019076Z ##[group]Initializing the repository
2026-10-08T16:25:04.7021754Z [command]/usr/bin/git init /home/runner/work/ledgerly/ledgerly
2026-10-08T16:25:04.7117259Z hint: Using 'master' as the name for the initial branch. This default branch name
2026-10-08T16:25:04.7118417Z hint: will change to "main" in Git 3.0. To configure the initial branch name
2026-10-08T16:25:04.7123789Z hint: to use in all of your new repositories, which will suppress this warning,
2026-10-08T16:25:04.7124840Z hint: call:
2026-10-08T16:25:04.7126516Z hint:
2026-10-08T16:25:04.7127194Z hint: 	git config --global init.defaultBranch <name>
2026-10-08T16:25:04.7127878Z hint:
2026-10-08T16:25:04.7128525Z hint: Names commonly chosen instead of 'master' are 'main', 'trunk' and
2026-10-08T16:25:04.7129488Z hint: 'development'. The just-created branch can be renamed via this command:
2026-10-08T16:25:04.7130463Z hint:
2026-10-08T16:25:04.7130991Z hint: 	git branch -m <name>
2026-10-08T16:25:04.7131536Z hint:
2026-10-08T16:25:04.7132264Z hint: Disable this message with "git config set advice.defaultBranchName false"
2026-10-08T16:25:04.7133413Z Initialized empty Git repository in /home/runner/work/ledgerly/ledgerly/.git/
2026-10-08T16:25:04.7135169Z [command]/usr/bin/git remote add origin https://github.com/Jacob-Met/ledgerly
2026-10-08T16:25:04.7177324Z ##[endgroup]
2026-10-08T16:25:04.7177984Z ##[group]Disabling automatic garbage collection
2026-10-08T16:25:04.7184621Z [command]/usr/bin/git config --local gc.auto 0
2026-10-08T16:25:04.7261909Z ##[endgroup]
2026-10-08T16:25:04.7264044Z ##[group]Setting up auth
2026-10-08T16:25:04.7267089Z [command]/usr/bin/git config --local --name-only --get-regexp core\.sshCommand
2026-10-08T16:25:04.7344412Z [command]/usr/bin/git submodule foreach --recursive sh -c "git config --local --name-only --get-regexp 'core\.sshCommand' && git config --local --unset-all 'core.sshCommand' || :"
2026-10-08T16:25:04.7669869Z [command]/usr/bin/git config --local --name-only --get-regexp http\.https\:\/\/github\.com\/\.extraheader
2026-10-08T16:25:04.7718017Z [command]/usr/bin/git submodule foreach --recursive sh -c "git config --local --name-only --get-regexp 'http\.https\:\/\/github\.com\/\.extraheader' && git config --local --unset-all 'http.https://github.com/.extraheader' || :"
2026-10-08T16:25:04.7985622Z [command]/usr/bin/git config --local --name-only --get-regexp ^includeIf\.gitdir:
2026-10-08T16:25:04.8033966Z [command]/usr/bin/git submodule foreach --recursive git config --local --show-origin --name-only --get-regexp remote.origin.url
2026-10-08T16:25:04.8234252Z [command]/usr/bin/git config --local http.https://github.com/.extraheader AUTHORIZATION: basic ***
2026-10-08T16:25:04.8266442Z ##[endgroup]
2026-10-08T16:25:04.8267115Z ##[group]Fetching the repository
2026-10-08T16:25:04.8273379Z [command]/usr/bin/git -c protocol.version=2 fetch --no-tags --prune --no-recurse-submodules --depth=1 origin +b1aeba460fe9b6b321248ef534d7cd3b0dc444b7:refs/remotes/pull/36/merge
2026-10-08T16:25:05.9431694Z From https://github.com/Jacob-Met/ledgerly
2026-10-08T16:25:05.9433155Z  * [new ref]         b1aeba460fe9b6b321248ef534d7cd3b0dc444b7 -> pull/36/merge
2026-10-08T16:25:05.9442146Z ##[endgroup]
2026-10-08T16:25:05.9443457Z ##[group]Determining the checkout info
2026-10-08T16:25:05.9444557Z ##[endgroup]
2026-10-08T16:25:05.9445209Z [command]/usr/bin/git sparse-checkout disable
2026-10-08T16:25:05.9526055Z [command]/usr/bin/git config --local --unset-all extensions.worktreeConfig
2026-10-08T16:25:05.9790862Z ##[group]Checking out the ref
2026-10-08T16:25:05.9792977Z [command]/usr/bin/git checkout --progress --force refs/remotes/pull/36/merge
2026-10-08T16:25:06.0300641Z Note: switching to 'refs/remotes/pull/36/merge'.
2026-10-08T16:25:06.0301619Z 
2026-10-08T16:25:06.0302383Z You are in 'detached HEAD' state. You can look around, make experimental
2026-10-08T16:25:06.0304117Z changes and commit them, and you can discard any commits you make in this
2026-10-08T16:25:06.0305633Z state without impacting any branches by switching back to a branch.
2026-10-08T16:25:06.0306387Z 
2026-10-08T16:25:06.0306870Z If you want to create a new branch to retain commits you create, you may
2026-10-08T16:25:06.0307970Z do so (now or later) by using -c with the switch command. Example:
2026-10-08T16:25:06.0308607Z 
2026-10-08T16:25:06.0308931Z   git switch -c <new-branch-name>
2026-10-08T16:25:06.0309378Z 
2026-10-08T16:25:06.0309983Z Or undo this operation with:
2026-10-08T16:25:06.0310650Z 
2026-10-08T16:25:06.0311067Z   git switch -
2026-10-08T16:25:06.0311553Z 
2026-10-08T16:25:06.0312164Z Turn off this advice by setting config variable advice.detachedHead to false
2026-10-08T16:25:06.0313169Z 
2026-10-08T16:25:06.0314181Z HEAD is now at b1aeba4 Merge ae1e859aa26bffdee7e8b8cb673acd6c74420263 into fba278f552e868ad2b94b7f1dc309eed6f1e8514
2026-10-08T16:25:06.0317375Z ##[endgroup]
2026-10-08T16:25:06.0345090Z [command]/usr/bin/git log -1 --format=%H
2026-10-08T16:25:06.0366315Z b1aeba460fe9b6b321248ef534d7cd3b0dc444b7
2026-10-08T16:25:06.0838512Z ##[group]Run actions/setup-python@v5
2026-10-08T16:25:06.0839225Z with:
2026-10-08T16:25:06.0839768Z   python-version: 3.12
2026-10-08T16:25:06.0840372Z   check-latest: false
2026-10-08T16:25:06.0846256Z   token: ***
2026-10-08T16:25:06.0846827Z   update-environment: true
2026-10-08T16:25:06.0847611Z   allow-prereleases: false
2026-10-08T16:25:06.0848373Z   freethreaded: false
2026-10-08T16:25:06.0848971Z ##[endgroup]
2026-10-08T16:25:06.1734728Z ##[group]Installed versions
2026-10-08T16:25:06.1793403Z (node:2093) [DEP0040] DeprecationWarning: The `punycode` module is deprecated. Please use a userland alternative instead.
2026-10-08T16:25:06.1796065Z (Use `node --trace-deprecation ...` to show where the warning was created)
2026-10-08T16:25:06.1797798Z Successfully set up CPython (3.12.15)
2026-10-08T16:25:06.1799459Z ##[endgroup]
2026-10-08T16:25:06.2618253Z ##[group]Run python -m pip install pytest
2026-10-08T16:25:06.2619223Z [36;1mpython -m pip install pytest[0m
2026-10-08T16:25:06.2947797Z shell: /usr/bin/bash -e {0}
2026-10-08T16:25:06.2948443Z env:
2026-10-08T16:25:06.2949112Z   pythonLocation: /opt/hostedtoolcache/Python/3.12.15/x64
2026-10-08T16:25:06.2950224Z   PKG_CONFIG_PATH: /opt/hostedtoolcache/Python/3.12.15/x64/lib/pkgconfig
2026-10-08T16:25:06.2951340Z   Python_ROOT_DIR: /opt/hostedtoolcache/Python/3.12.15/x64
2026-10-08T16:25:06.2952342Z   Python2_ROOT_DIR: /opt/hostedtoolcache/Python/3.12.15/x64
2026-10-08T16:25:06.2953508Z   Python3_ROOT_DIR: /opt/hostedtoolcache/Python/3.12.15/x64
2026-10-08T16:25:06.2954521Z   LD_LIBRARY_PATH: /opt/hostedtoolcache/Python/3.12.15/x64/lib
2026-10-08T16:25:06.2955367Z ##[endgroup]
2026-10-08T16:25:07.4426419Z Collecting pytest
2026-10-08T16:25:07.5131734Z   Downloading pytest-9.1.1-py3-none-any.whl.metadata (7.6 kB)
2026-10-08T16:25:08.1809453Z Collecting iniconfig>=1.0.1 (from pytest)
2026-10-08T16:25:08.1934215Z   Downloading iniconfig-2.3.1-py3-none-any.whl.metadata (2.8 kB)
2026-10-08T16:25:08.5025597Z Collecting packaging>=22 (from pytest)
2026-10-08T16:25:08.5141790Z   Downloading packaging-26.3-py3-none-any.whl.metadata (3.5 kB)
2026-10-08T16:25:08.6409798Z Collecting pluggy<2,>=1.5 (from pytest)
2026-10-08T16:25:08.6529982Z   Downloading pluggy-1.6.0-py3-none-any.whl.metadata (4.8 kB)
2026-10-08T16:25:08.8028279Z Collecting pygments>=2.7.2 (from pytest)
2026-10-08T16:25:08.8144461Z   Downloading pygments-2.21.0-py3-none-any.whl.metadata (2.5 kB)
2026-10-08T16:25:08.8812804Z Downloading pytest-9.1.1-py3-none-any.whl (386 kB)
2026-10-08T16:25:08.9405864Z Downloading pluggy-1.6.0-py3-none-any.whl (20 kB)
2026-10-08T16:25:08.9807608Z Downloading iniconfig-2.3.1-py3-none-any.whl (7.6 kB)
2026-10-08T16:25:09.0099504Z Downloading packaging-26.3-py3-none-any.whl (129 kB)
2026-10-08T16:25:09.2107212Z Downloading pygments-2.21.0-py3-none-any.whl (1.3 MB)
2026-10-08T16:25:09.5202322Z    ━━━━━━━━━━━━━━━━━━━━━━━━━━━━━━━━━━━━━━━━ 1.3/1.3 MB 3.2 MB/s  0:00:00
2026-10-08T16:25:09.6159071Z Installing collected packages: pygments, pluggy, packaging, iniconfig, pytest
2026-10-08T16:25:10.3096616Z 
2026-10-08T16:25:10.3106092Z Successfully installed iniconfig-2.3.1 packaging-26.3 pluggy-1.6.0 pygments-2.21.0 pytest-9.1.1
2026-10-08T16:25:10.3528037Z ##[group]Run python -m pytest -q
2026-10-08T16:25:10.3528241Z [36;1mpython -m pytest -q[0m
2026-10-08T16:25:10.3584390Z shell: /usr/bin/bash -e {0}
2026-10-08T16:25:10.3584538Z env:
2026-10-08T16:25:10.3584876Z   pythonLocation: /opt/hostedtoolcache/Python/3.12.15/x64
2026-10-08T16:25:10.3585113Z   PKG_CONFIG_PATH: /opt/hostedtoolcache/Python/3.12.15/x64/lib/pkgconfig
2026-10-08T16:25:10.3585347Z   Python_ROOT_DIR: /opt/hostedtoolcache/Python/3.12.15/x64
2026-10-08T16:25:10.3585560Z   Python2_ROOT_DIR: /opt/hostedtoolcache/Python/3.12.15/x64
2026-10-08T16:25:10.3585776Z   Python3_ROOT_DIR: /opt/hostedtoolcache/Python/3.12.15/x64
2026-10-08T16:25:10.3585989Z   LD_LIBRARY_PATH: /opt/hostedtoolcache/Python/3.12.15/x64/lib
2026-10-08T16:25:10.3586190Z ##[endgroup]
2026-10-08T16:25:11.1285768Z ................................................................... [ 19%]
2026-10-08T16:25:11.1649186Z .................................................. [ 33%]
2026-10-08T16:25:11.1990813Z ........................................................................ [ 54%]
2026-10-08T16:25:11.2379838Z ................... [ 59%]
2026-10-08T16:25:11.4700255Z .......................................................................................................... [ 90%]
2026-10-08T16:25:11.5359769Z .................................                                        [100%]
2026-10-08T16:25:11.5360192Z 347 passed, 118 subtests passed in 0.97s
2026-10-08T16:25:11.5720179Z Post job cleanup.
2026-10-08T16:25:11.6482347Z (node:2132) [DEP0040] DeprecationWarning: The `punycode` module is deprecated. Please use a userland alternative instead.
2026-10-08T16:25:11.6482915Z (Use `node --trace-deprecation ...` to show where the warning was created)
2026-10-08T16:25:11.6654953Z Post job cleanup.
2026-10-08T16:25:11.7228572Z [command]/usr/bin/git version
2026-10-08T16:25:11.7263537Z git version 2.55.0
2026-10-08T16:25:11.7290537Z Temporarily overriding HOME='/home/runner/work/_temp/d1370da9-2e0b-4837-825a-bc67067acdf3' before making global git config changes
2026-10-08T16:25:11.7291116Z Adding repository directory to the temporary git global config as a safe directory
2026-10-08T16:25:11.7294631Z [command]/usr/bin/git config --global --add safe.directory /home/runner/work/ledgerly/ledgerly
2026-10-08T16:25:11.7329649Z [command]/usr/bin/git config --local --name-only --get-regexp core\.sshCommand
2026-10-08T16:25:11.7360023Z [command]/usr/bin/git submodule foreach --recursive sh -c "git config --local --name-only --get-regexp 'core\.sshCommand' && git config --local --unset-all 'core.sshCommand' || :"
2026-10-08T16:25:11.7564453Z [command]/usr/bin/git config --local --name-only --get-regexp http\.https\:\/\/github\.com\/\.extraheader
2026-10-08T16:25:11.7593303Z http.https://github.com/.extraheader
2026-10-08T16:25:11.7608338Z [command]/usr/bin/git config --local --unset-all http.https://github.com/.extraheader
2026-10-08T16:25:11.7641839Z [command]/usr/bin/git submodule foreach --recursive sh -c "git config --local --name-only --get-regexp 'http\.https\:\/\/github\.com\/\.extraheader' && git config --local --unset-all 'http.https://github.com/.extraheader' || :"
2026-10-08T16:25:11.7875365Z [command]/usr/bin/git config --local --name-only --get-regexp ^includeIf\.gitdir:
2026-10-08T16:25:11.7910700Z [command]/usr/bin/git submodule foreach --recursive git config --local --show-origin --name-only --get-regexp remote.origin.url
2026-10-08T16:25:11.8239335Z Cleaning up orphan processes
2026-10-08T16:25:11.8474949Z ##[warning]Node.js 20 is deprecated. The following actions target Node.js 20 but are being forced to run on Node.js 24: actions/checkout@v4, actions/setup-python@v5. For more information see: https://github.blog/changelog/2025-09-19-deprecation-of-node-20-on-github-actions-runners/
