2026-10-08T14:32:03.9790137Z Current runner version: '2.337.0'
2026-10-08T14:32:03.9814275Z ##[group]Runner Image Provisioner
2026-10-08T14:32:03.9815162Z Hosted Compute Agent
2026-10-08T14:32:03.9815759Z Version: 20261002.596
2026-10-08T14:32:03.9816496Z Commit: c3d12f3313a95f25162a1503be624f3b0617f8c0
2026-10-08T14:32:03.9817237Z Build Date: 2026-10-02T22:28:27Z
2026-10-08T14:32:03.9817919Z Worker ID: {a5e67142-c53f-46e4-9676-6d88b262ab1c}
2026-10-08T14:32:03.9818957Z Region: westus2
2026-10-08T14:32:03.9819631Z Cloud: Azure
2026-10-08T14:32:03.9820289Z ##[endgroup]
2026-10-08T14:32:03.9821785Z ##[group]Operating System
2026-10-08T14:32:03.9822415Z Ubuntu
2026-10-08T14:32:03.9823049Z 24.04.5
2026-10-08T14:32:03.9823563Z LTS
2026-10-08T14:32:03.9824238Z ##[endgroup]
2026-10-08T14:32:03.9824825Z ##[group]Runner Image
2026-10-08T14:32:03.9825441Z Image: ubuntu-24.04
2026-10-08T14:32:03.9826090Z Version: 20261004.327.1
2026-10-08T14:32:03.9827424Z Included Software: https://github.com/actions/runner-images/blob/ubuntu24/20261004.327/images/ubuntu/Ubuntu2404-Readme.md
2026-10-08T14:32:03.9829398Z Image Release: https://github.com/actions/runner-images/releases/tag/ubuntu24%2F20261004.327
2026-10-08T14:32:03.9830402Z ##[endgroup]
2026-10-08T14:32:03.9831705Z ##[group]GITHUB_TOKEN Permissions
2026-10-08T14:32:03.9833620Z Contents: read
2026-10-08T14:32:03.9834330Z Metadata: read
2026-10-08T14:32:03.9834928Z ##[endgroup]
2026-10-08T14:32:03.9837020Z Secret source: Actions
2026-10-08T14:32:03.9838004Z Cache mode: write
2026-10-08T14:32:03.9838957Z Prepare workflow directory
2026-10-08T14:32:04.0170783Z Prepare all required actions
2026-10-08T14:32:04.0219474Z Getting action download info
2026-10-08T14:32:04.3875348Z Download action repository 'actions/checkout@v4' (SHA:11d5960a326750d5838078e36cf38b85af677262)
2026-10-08T14:32:04.4860790Z Download action repository 'actions/setup-python@v5' (SHA:a26af69be951a213d495a4c3e4e4022e16d87065)
2026-10-08T14:32:04.6614723Z Complete job name: python-core
2026-10-08T14:32:04.7394035Z ##[group]Run actions/checkout@v4
2026-10-08T14:32:04.7394934Z with:
2026-10-08T14:32:04.7395397Z   repository: Jacob-Met/ledgerly
2026-10-08T14:32:04.7399521Z   token: ***
2026-10-08T14:32:04.7399967Z   ssh-strict: true
2026-10-08T14:32:04.7400450Z   ssh-user: git
2026-10-08T14:32:04.7400957Z   persist-credentials: true
2026-10-08T14:32:04.7401462Z   clean: true
2026-10-08T14:32:04.7401923Z   sparse-checkout-cone-mode: true
2026-10-08T14:32:04.7402462Z   fetch-depth: 1
2026-10-08T14:32:04.7402908Z   fetch-tags: false
2026-10-08T14:32:04.7403375Z   show-progress: true
2026-10-08T14:32:04.7403867Z   lfs: false
2026-10-08T14:32:04.7404299Z   submodules: false
2026-10-08T14:32:04.7404759Z   set-safe-directory: true
2026-10-08T14:32:04.7405280Z   allow-unsafe-pr-checkout: false
2026-10-08T14:32:04.7406073Z ##[endgroup]
2026-10-08T14:32:04.8396189Z Syncing repository: Jacob-Met/ledgerly
2026-10-08T14:32:04.8398989Z ##[group]Getting Git version info
2026-10-08T14:32:04.8400210Z Working directory is '/home/runner/work/ledgerly/ledgerly'
2026-10-08T14:32:04.8401837Z [command]/usr/bin/git version
2026-10-08T14:32:04.8474482Z git version 2.55.0
2026-10-08T14:32:04.8496341Z ##[endgroup]
2026-10-08T14:32:04.8514686Z Temporarily overriding HOME='/home/runner/work/_temp/f0a43cb6-6543-4ad5-bbe5-b600f03b1fa4' before making global git config changes
2026-10-08T14:32:04.8516242Z Adding repository directory to the temporary git global config as a safe directory
2026-10-08T14:32:04.8519753Z [command]/usr/bin/git config --global --add safe.directory /home/runner/work/ledgerly/ledgerly
2026-10-08T14:32:04.8575235Z Deleting the contents of '/home/runner/work/ledgerly/ledgerly'
2026-10-08T14:32:04.8585406Z ##[group]Initializing the repository
2026-10-08T14:32:04.8595258Z [command]/usr/bin/git init /home/runner/work/ledgerly/ledgerly
2026-10-08T14:32:04.8697874Z hint: Using 'master' as the name for the initial branch. This default branch name
2026-10-08T14:32:04.8699274Z hint: will change to "main" in Git 3.0. To configure the initial branch name
2026-10-08T14:32:04.8701486Z hint: to use in all of your new repositories, which will suppress this warning,
2026-10-08T14:32:04.8703142Z hint: call:
2026-10-08T14:32:04.8704043Z hint:
2026-10-08T14:32:04.8705022Z hint: 	git config --global init.defaultBranch <name>
2026-10-08T14:32:04.8706080Z hint:
2026-10-08T14:32:04.8707089Z hint: Names commonly chosen instead of 'master' are 'main', 'trunk' and
2026-10-08T14:32:04.8709402Z hint: 'development'. The just-created branch can be renamed via this command:
2026-10-08T14:32:04.8710830Z hint:
2026-10-08T14:32:04.8711352Z hint: 	git branch -m <name>
2026-10-08T14:32:04.8711933Z hint:
2026-10-08T14:32:04.8712586Z hint: Disable this message with "git config set advice.defaultBranchName false"
2026-10-08T14:32:04.8713604Z Initialized empty Git repository in /home/runner/work/ledgerly/ledgerly/.git/
2026-10-08T14:32:04.8716225Z [command]/usr/bin/git remote add origin https://github.com/Jacob-Met/ledgerly
2026-10-08T14:32:04.8769460Z ##[endgroup]
2026-10-08T14:32:04.8770326Z ##[group]Disabling automatic garbage collection
2026-10-08T14:32:04.8774078Z [command]/usr/bin/git config --local gc.auto 0
2026-10-08T14:32:04.8807028Z ##[endgroup]
2026-10-08T14:32:04.8807812Z ##[group]Setting up auth
2026-10-08T14:32:04.8815142Z [command]/usr/bin/git config --local --name-only --get-regexp core\.sshCommand
2026-10-08T14:32:04.8849933Z [command]/usr/bin/git submodule foreach --recursive sh -c "git config --local --name-only --get-regexp 'core\.sshCommand' && git config --local --unset-all 'core.sshCommand' || :"
2026-10-08T14:32:04.9299391Z [command]/usr/bin/git config --local --name-only --get-regexp http\.https\:\/\/github\.com\/\.extraheader
2026-10-08T14:32:04.9341261Z [command]/usr/bin/git submodule foreach --recursive sh -c "git config --local --name-only --get-regexp 'http\.https\:\/\/github\.com\/\.extraheader' && git config --local --unset-all 'http.https://github.com/.extraheader' || :"
2026-10-08T14:32:04.9573640Z [command]/usr/bin/git config --local --name-only --get-regexp ^includeIf\.gitdir:
2026-10-08T14:32:04.9610258Z [command]/usr/bin/git submodule foreach --recursive git config --local --show-origin --name-only --get-regexp remote.origin.url
2026-10-08T14:32:04.9833920Z [command]/usr/bin/git config --local http.https://github.com/.extraheader AUTHORIZATION: basic ***
2026-10-08T14:32:04.9874421Z ##[endgroup]
2026-10-08T14:32:04.9875241Z ##[group]Fetching the repository
2026-10-08T14:32:04.9884398Z [command]/usr/bin/git -c protocol.version=2 fetch --no-tags --prune --no-recurse-submodules --depth=1 origin +9b1fdce2eb4b66a35ef342b02ccc5f5ce7238228:refs/remotes/pull/38/merge
2026-10-08T14:32:05.3657048Z From https://github.com/Jacob-Met/ledgerly
2026-10-08T14:32:05.3658030Z  * [new ref]         9b1fdce2eb4b66a35ef342b02ccc5f5ce7238228 -> pull/38/merge
2026-10-08T14:32:05.3663098Z ##[endgroup]
2026-10-08T14:32:05.3664159Z ##[group]Determining the checkout info
2026-10-08T14:32:05.3666077Z ##[endgroup]
2026-10-08T14:32:05.3672272Z [command]/usr/bin/git sparse-checkout disable
2026-10-08T14:32:05.3727770Z [command]/usr/bin/git config --local --unset-all extensions.worktreeConfig
2026-10-08T14:32:05.3762926Z ##[group]Checking out the ref
2026-10-08T14:32:05.3767183Z [command]/usr/bin/git checkout --progress --force refs/remotes/pull/38/merge
2026-10-08T14:32:05.4362276Z Note: switching to 'refs/remotes/pull/38/merge'.
2026-10-08T14:32:05.4363047Z 
2026-10-08T14:32:05.4363750Z You are in 'detached HEAD' state. You can look around, make experimental
2026-10-08T14:32:05.4365408Z changes and commit them, and you can discard any commits you make in this
2026-10-08T14:32:05.4367012Z state without impacting any branches by switching back to a branch.
2026-10-08T14:32:05.4367920Z 
2026-10-08T14:32:05.4368816Z If you want to create a new branch to retain commits you create, you may
2026-10-08T14:32:05.4370279Z do so (now or later) by using -c with the switch command. Example:
2026-10-08T14:32:05.4371124Z 
2026-10-08T14:32:05.4371530Z   git switch -c <new-branch-name>
2026-10-08T14:32:05.4372119Z 
2026-10-08T14:32:05.4372792Z Or undo this operation with:
2026-10-08T14:32:05.4373153Z 
2026-10-08T14:32:05.4373368Z   git switch -
2026-10-08T14:32:05.4373635Z 
2026-10-08T14:32:05.4374069Z Turn off this advice by setting config variable advice.detachedHead to false
2026-10-08T14:32:05.4374659Z 
2026-10-08T14:32:05.4375341Z HEAD is now at 9b1fdce Merge 2fcac3e126ee929611f852a5308ed9f37a56125b into b9c24ace6b57a17215a53c50b674bd187d13f8ed
2026-10-08T14:32:05.4378254Z ##[endgroup]
2026-10-08T14:32:05.4423719Z [command]/usr/bin/git log -1 --format=%H
2026-10-08T14:32:05.4450999Z 9b1fdce2eb4b66a35ef342b02ccc5f5ce7238228
2026-10-08T14:32:05.4745958Z ##[group]Run actions/setup-python@v5
2026-10-08T14:32:05.4746597Z with:
2026-10-08T14:32:05.4747048Z   python-version: 3.12
2026-10-08T14:32:05.4747540Z   check-latest: false
2026-10-08T14:32:05.4751587Z   token: ***
2026-10-08T14:32:05.4752064Z   update-environment: true
2026-10-08T14:32:05.4752640Z   allow-prereleases: false
2026-10-08T14:32:05.4753155Z   freethreaded: false
2026-10-08T14:32:05.4753645Z ##[endgroup]
2026-10-08T14:32:05.6187126Z ##[group]Installed versions
2026-10-08T14:32:05.6279624Z (node:2307) [DEP0040] DeprecationWarning: The `punycode` module is deprecated. Please use a userland alternative instead.
2026-10-08T14:32:05.6377615Z (Use `node --trace-deprecation ...` to show where the warning was created)
2026-10-08T14:32:05.6379249Z Successfully set up CPython (3.12.15)
2026-10-08T14:32:05.6380860Z ##[endgroup]
2026-10-08T14:32:05.6549411Z ##[group]Run python -m pip install pytest
2026-10-08T14:32:05.6550368Z [36;1mpython -m pip install pytest[0m
2026-10-08T14:32:05.7284793Z shell: /usr/bin/bash -e {0}
2026-10-08T14:32:05.7285658Z env:
2026-10-08T14:32:05.7286467Z   pythonLocation: /opt/hostedtoolcache/Python/3.12.15/x64
2026-10-08T14:32:05.7287711Z   PKG_CONFIG_PATH: /opt/hostedtoolcache/Python/3.12.15/x64/lib/pkgconfig
2026-10-08T14:32:05.7289075Z   Python_ROOT_DIR: /opt/hostedtoolcache/Python/3.12.15/x64
2026-10-08T14:32:05.7290115Z   Python2_ROOT_DIR: /opt/hostedtoolcache/Python/3.12.15/x64
2026-10-08T14:32:05.7291192Z   Python3_ROOT_DIR: /opt/hostedtoolcache/Python/3.12.15/x64
2026-10-08T14:32:05.7292223Z   LD_LIBRARY_PATH: /opt/hostedtoolcache/Python/3.12.15/x64/lib
2026-10-08T14:32:05.7293110Z ##[endgroup]
2026-10-08T14:32:14.8222524Z Collecting pytest
2026-10-08T14:32:14.8787421Z   Downloading pytest-9.1.1-py3-none-any.whl.metadata (7.6 kB)
2026-10-08T14:32:14.8942069Z Collecting iniconfig>=1.0.1 (from pytest)
2026-10-08T14:32:14.9008047Z   Downloading iniconfig-2.3.1-py3-none-any.whl.metadata (2.8 kB)
2026-10-08T14:32:14.9186218Z Collecting packaging>=22 (from pytest)
2026-10-08T14:32:14.9270776Z   Downloading packaging-26.3-py3-none-any.whl.metadata (3.5 kB)
2026-10-08T14:32:14.9415508Z Collecting pluggy<2,>=1.5 (from pytest)
2026-10-08T14:32:14.9520364Z   Downloading pluggy-1.6.0-py3-none-any.whl.metadata (4.8 kB)
2026-10-08T14:32:14.9734303Z Collecting pygments>=2.7.2 (from pytest)
2026-10-08T14:32:14.9803908Z   Downloading pygments-2.21.0-py3-none-any.whl.metadata (2.5 kB)
2026-10-08T14:32:14.9916699Z Downloading pytest-9.1.1-py3-none-any.whl (386 kB)
2026-10-08T14:32:15.0232973Z Downloading pluggy-1.6.0-py3-none-any.whl (20 kB)
2026-10-08T14:32:15.0321618Z Downloading iniconfig-2.3.1-py3-none-any.whl (7.6 kB)
2026-10-08T14:32:15.0410553Z Downloading packaging-26.3-py3-none-any.whl (129 kB)
2026-10-08T14:32:15.0516602Z Downloading pygments-2.21.0-py3-none-any.whl (1.3 MB)
2026-10-08T14:32:15.0929855Z    ━━━━━━━━━━━━━━━━━━━━━━━━━━━━━━━━━━━━━━━━ 1.3/1.3 MB 31.3 MB/s  0:00:00
2026-10-08T14:32:15.5192469Z Installing collected packages: pygments, pluggy, packaging, iniconfig, pytest
2026-10-08T14:32:16.7268786Z 
2026-10-08T14:32:16.7281203Z Successfully installed iniconfig-2.3.1 packaging-26.3 pluggy-1.6.0 pygments-2.21.0 pytest-9.1.1
2026-10-08T14:32:16.7768838Z ##[group]Run python -m pytest -q
2026-10-08T14:32:16.7769249Z [36;1mpython -m pytest -q[0m
2026-10-08T14:32:16.7836237Z shell: /usr/bin/bash -e {0}
2026-10-08T14:32:16.7836536Z env:
2026-10-08T14:32:16.7837113Z   pythonLocation: /opt/hostedtoolcache/Python/3.12.15/x64
2026-10-08T14:32:16.7837633Z   PKG_CONFIG_PATH: /opt/hostedtoolcache/Python/3.12.15/x64/lib/pkgconfig
2026-10-08T14:32:16.7838160Z   Python_ROOT_DIR: /opt/hostedtoolcache/Python/3.12.15/x64
2026-10-08T14:32:16.7838866Z   Python2_ROOT_DIR: /opt/hostedtoolcache/Python/3.12.15/x64
2026-10-08T14:32:16.7839347Z   Python3_ROOT_DIR: /opt/hostedtoolcache/Python/3.12.15/x64
2026-10-08T14:32:16.7839811Z   LD_LIBRARY_PATH: /opt/hostedtoolcache/Python/3.12.15/x64/lib
2026-10-08T14:32:16.7840206Z ##[endgroup]
2026-10-08T14:32:19.5835263Z ................................................................... [ 22%]
2026-10-08T14:32:19.6474724Z .................................................. [ 39%]
2026-10-08T14:32:20.1177044Z .......................................................................................................................................F...........................................                       [100%]
2026-10-08T14:32:20.1178993Z =================================== FAILURES ===================================
2026-10-08T14:32:20.1179897Z _ SandboxPaymentAdmissionTests.test_rounded_invoice_total_remains_payable_after_repeated_input_refusals _
2026-10-08T14:32:20.1180583Z 
2026-10-08T14:32:20.1181395Z self = <test_sandbox_payment_admission.SandboxPaymentAdmissionTests testMethod=test_rounded_invoice_total_remains_payable_after_repeated_input_refusals>
2026-10-08T14:32:20.1182337Z 
2026-10-08T14:32:20.1182724Z     def test_rounded_invoice_total_remains_payable_after_repeated_input_refusals(self):
2026-10-08T14:32:20.1183589Z         # Independent receiving found that trapping every Inexact signal also
2026-10-08T14:32:20.1184343Z         # rejected the invoice's existing, legitimate total-rounding rule.
2026-10-08T14:32:20.1185022Z         text = (ROOT / "fixtures/02_gbp_proofreading.txt").read_text()
2026-10-08T14:32:20.1185909Z         text = text.replace("18 hours @ £40/hr", "1.5 hours @ £0.01/hr")
2026-10-08T14:32:20.1186668Z         text = text.replace("Style sheet preparation: 2 hrs @ £40/hr\n", "")
2026-10-08T14:32:20.1187282Z >       demo, invoice_id = self.approved_demo(text=text)
2026-10-08T14:32:20.1187782Z                            ^^^^^^^^^^^^^^^^^^^^^^^^^^^^^
2026-10-08T14:32:20.1188072Z 
2026-10-08T14:32:20.1188258Z tests/test_sandbox_payment_admission.py:129: 
2026-10-08T14:32:20.1189012Z _ _ _ _ _ _ _ _ _ _ _ _ _ _ _ _ _ _ _ _ _ _ _ _ _ _ _ _ _ _ _ _ _ _ _ _ _ _ _ _ 
2026-10-08T14:32:20.1189632Z tests/test_sandbox_payment_admission.py:41: in approved_demo
2026-10-08T14:32:20.1190282Z     self.assertTrue(drafted["result"]["unauthorized_send_blocked"])
2026-10-08T14:32:20.1190833Z E   AssertionError: False is not true
2026-10-08T14:32:20.1191210Z =========================== short test summary info ============================
2026-10-08T14:32:20.1192174Z FAILED tests/test_sandbox_payment_admission.py::SandboxPaymentAdmissionTests::test_rounded_invoice_total_remains_payable_after_repeated_input_refusals - AssertionError: False is not true
2026-10-08T14:32:20.1193037Z 1 failed, 295 passed, 114 subtests passed in 2.36s
2026-10-08T14:32:20.1556297Z ##[error]Process completed with exit code 1.
2026-10-08T14:32:20.2262700Z Post job cleanup.
2026-10-08T14:32:20.3136559Z [command]/usr/bin/git version
2026-10-08T14:32:20.3182856Z git version 2.55.0
2026-10-08T14:32:20.3225928Z Temporarily overriding HOME='/home/runner/work/_temp/d4fe41b8-cc6f-4d37-bb96-387abfc2cc57' before making global git config changes
2026-10-08T14:32:20.3227743Z Adding repository directory to the temporary git global config as a safe directory
2026-10-08T14:32:20.3233353Z [command]/usr/bin/git config --global --add safe.directory /home/runner/work/ledgerly/ledgerly
2026-10-08T14:32:20.3281058Z [command]/usr/bin/git config --local --name-only --get-regexp core\.sshCommand
2026-10-08T14:32:20.3309238Z [command]/usr/bin/git submodule foreach --recursive sh -c "git config --local --name-only --get-regexp 'core\.sshCommand' && git config --local --unset-all 'core.sshCommand' || :"
2026-10-08T14:32:20.3592445Z [command]/usr/bin/git config --local --name-only --get-regexp http\.https\:\/\/github\.com\/\.extraheader
2026-10-08T14:32:20.3619516Z http.https://github.com/.extraheader
2026-10-08T14:32:20.3634145Z [command]/usr/bin/git config --local --unset-all http.https://github.com/.extraheader
2026-10-08T14:32:20.3720667Z [command]/usr/bin/git submodule foreach --recursive sh -c "git config --local --name-only --get-regexp 'http\.https\:\/\/github\.com\/\.extraheader' && git config --local --unset-all 'http.https://github.com/.extraheader' || :"
2026-10-08T14:32:20.4061667Z [command]/usr/bin/git config --local --name-only --get-regexp ^includeIf\.gitdir:
2026-10-08T14:32:20.4119928Z [command]/usr/bin/git submodule foreach --recursive git config --local --show-origin --name-only --get-regexp remote.origin.url
2026-10-08T14:32:20.4581764Z Cleaning up orphan processes
2026-10-08T14:32:20.4893288Z ##[warning]Node.js 20 is deprecated. The following actions target Node.js 20 but are being forced to run on Node.js 24: actions/checkout@v4, actions/setup-python@v5. For more information see: https://github.blog/changelog/2025-09-19-deprecation-of-node-20-on-github-actions-runners/
