2026-10-08T14:16:56.9280290Z Current runner version: '2.337.0'
2026-10-08T14:16:56.9301255Z ##[group]Runner Image Provisioner
2026-10-08T14:16:56.9301994Z Hosted Compute Agent
2026-10-08T14:16:56.9302495Z Version: 20261002.596
2026-10-08T14:16:56.9303072Z Commit: c3d12f3313a95f25162a1503be624f3b0617f8c0
2026-10-08T14:16:56.9303684Z Build Date: 2026-10-02T22:28:27Z
2026-10-08T14:16:56.9304269Z Worker ID: {8fb4e321-9362-4222-86ca-cf9b457dac4d}
2026-10-08T14:16:56.9304918Z Region: westus
2026-10-08T14:16:56.9305389Z Cloud: Azure
2026-10-08T14:16:56.9305914Z ##[endgroup]
2026-10-08T14:16:56.9307121Z ##[group]Operating System
2026-10-08T14:16:56.9307671Z Ubuntu
2026-10-08T14:16:56.9308231Z 24.04.5
2026-10-08T14:16:56.9308675Z LTS
2026-10-08T14:16:56.9309139Z ##[endgroup]
2026-10-08T14:16:56.9309640Z ##[group]Runner Image
2026-10-08T14:16:56.9310199Z Image: ubuntu-24.04
2026-10-08T14:16:56.9310728Z Version: 20261004.327.1
2026-10-08T14:16:56.9311787Z Included Software: https://github.com/actions/runner-images/blob/ubuntu24/20261004.327/images/ubuntu/Ubuntu2404-Readme.md
2026-10-08T14:16:56.9313071Z Image Release: https://github.com/actions/runner-images/releases/tag/ubuntu24%2F20261004.327
2026-10-08T14:16:56.9313917Z ##[endgroup]
2026-10-08T14:16:56.9314925Z ##[group]GITHUB_TOKEN Permissions
2026-10-08T14:16:56.9316627Z Contents: read
2026-10-08T14:16:56.9317256Z Metadata: read
2026-10-08T14:16:56.9317770Z ##[endgroup]
2026-10-08T14:16:56.9319512Z Secret source: Actions
2026-10-08T14:16:56.9320303Z Cache mode: write
2026-10-08T14:16:56.9320868Z Prepare workflow directory
2026-10-08T14:16:56.9585700Z Prepare all required actions
2026-10-08T14:16:56.9625551Z Getting action download info
2026-10-08T14:16:57.3456281Z Download action repository 'actions/checkout@v4' (SHA:11d5960a326750d5838078e36cf38b85af677262)
2026-10-08T14:16:57.7180664Z Download action repository 'actions/setup-python@v5' (SHA:a26af69be951a213d495a4c3e4e4022e16d87065)
2026-10-08T14:16:57.9760362Z Complete job name: python-core
2026-10-08T14:16:58.0362426Z ##[group]Run actions/checkout@v4
2026-10-08T14:16:58.0363102Z with:
2026-10-08T14:16:58.0363468Z   repository: Jacob-Met/ledgerly
2026-10-08T14:16:58.0367020Z   token: ***
2026-10-08T14:16:58.0367382Z   ssh-strict: true
2026-10-08T14:16:58.0367745Z   ssh-user: git
2026-10-08T14:16:58.0368110Z   persist-credentials: true
2026-10-08T14:16:58.0368506Z   clean: true
2026-10-08T14:16:58.0368872Z   sparse-checkout-cone-mode: true
2026-10-08T14:16:58.0369311Z   fetch-depth: 1
2026-10-08T14:16:58.0369661Z   fetch-tags: false
2026-10-08T14:16:58.0370028Z   show-progress: true
2026-10-08T14:16:58.0370392Z   lfs: false
2026-10-08T14:16:58.0370726Z   submodules: false
2026-10-08T14:16:58.0371095Z   set-safe-directory: true
2026-10-08T14:16:58.0371500Z   allow-unsafe-pr-checkout: false
2026-10-08T14:16:58.0372060Z ##[endgroup]
2026-10-08T14:16:58.1203726Z Syncing repository: Jacob-Met/ledgerly
2026-10-08T14:16:58.1205740Z ##[group]Getting Git version info
2026-10-08T14:16:58.1206898Z Working directory is '/home/runner/work/ledgerly/ledgerly'
2026-10-08T14:16:58.1208145Z [command]/usr/bin/git version
2026-10-08T14:16:58.2192110Z git version 2.55.0
2026-10-08T14:16:58.2208036Z ##[endgroup]
2026-10-08T14:16:58.2220364Z Temporarily overriding HOME='/home/runner/work/_temp/f066c55d-c301-4476-8679-58502c80c5f9' before making global git config changes
2026-10-08T14:16:58.2221461Z Adding repository directory to the temporary git global config as a safe directory
2026-10-08T14:16:58.2224726Z [command]/usr/bin/git config --global --add safe.directory /home/runner/work/ledgerly/ledgerly
2026-10-08T14:16:58.2269775Z Deleting the contents of '/home/runner/work/ledgerly/ledgerly'
2026-10-08T14:16:58.2273340Z ##[group]Initializing the repository
2026-10-08T14:16:58.2277234Z [command]/usr/bin/git init /home/runner/work/ledgerly/ledgerly
2026-10-08T14:16:58.2351975Z hint: Using 'master' as the name for the initial branch. This default branch name
2026-10-08T14:16:58.2352924Z hint: will change to "main" in Git 3.0. To configure the initial branch name
2026-10-08T14:16:58.2353903Z hint: to use in all of your new repositories, which will suppress this warning,
2026-10-08T14:16:58.2354486Z hint: call:
2026-10-08T14:16:58.2355140Z hint:
2026-10-08T14:16:58.2355762Z hint: 	git config --global init.defaultBranch <name>
2026-10-08T14:16:58.2356640Z hint:
2026-10-08T14:16:58.2357344Z hint: Names commonly chosen instead of 'master' are 'main', 'trunk' and
2026-10-08T14:16:58.2358455Z hint: 'development'. The just-created branch can be renamed via this command:
2026-10-08T14:16:58.2359273Z hint:
2026-10-08T14:16:58.2359771Z hint: 	git branch -m <name>
2026-10-08T14:16:58.2360159Z hint:
2026-10-08T14:16:58.2360689Z hint: Disable this message with "git config set advice.defaultBranchName false"
2026-10-08T14:16:58.2361477Z Initialized empty Git repository in /home/runner/work/ledgerly/ledgerly/.git/
2026-10-08T14:16:58.2366287Z [command]/usr/bin/git remote add origin https://github.com/Jacob-Met/ledgerly
2026-10-08T14:16:58.2407448Z ##[endgroup]
2026-10-08T14:16:58.2408093Z ##[group]Disabling automatic garbage collection
2026-10-08T14:16:58.2409898Z [command]/usr/bin/git config --local gc.auto 0
2026-10-08T14:16:58.2438599Z ##[endgroup]
2026-10-08T14:16:58.2439180Z ##[group]Setting up auth
2026-10-08T14:16:58.2443309Z [command]/usr/bin/git config --local --name-only --get-regexp core\.sshCommand
2026-10-08T14:16:58.2471437Z [command]/usr/bin/git submodule foreach --recursive sh -c "git config --local --name-only --get-regexp 'core\.sshCommand' && git config --local --unset-all 'core.sshCommand' || :"
2026-10-08T14:16:58.3295960Z [command]/usr/bin/git config --local --name-only --get-regexp http\.https\:\/\/github\.com\/\.extraheader
2026-10-08T14:16:58.3327186Z [command]/usr/bin/git submodule foreach --recursive sh -c "git config --local --name-only --get-regexp 'http\.https\:\/\/github\.com\/\.extraheader' && git config --local --unset-all 'http.https://github.com/.extraheader' || :"
2026-10-08T14:16:58.3513413Z [command]/usr/bin/git config --local --name-only --get-regexp ^includeIf\.gitdir:
2026-10-08T14:16:58.3541712Z [command]/usr/bin/git submodule foreach --recursive git config --local --show-origin --name-only --get-regexp remote.origin.url
2026-10-08T14:16:58.3747551Z [command]/usr/bin/git config --local http.https://github.com/.extraheader AUTHORIZATION: basic ***
2026-10-08T14:16:58.3783750Z ##[endgroup]
2026-10-08T14:16:58.3784456Z ##[group]Fetching the repository
2026-10-08T14:16:58.3794159Z [command]/usr/bin/git -c protocol.version=2 fetch --no-tags --prune --no-recurse-submodules --depth=1 origin +bfd7969ebb0fb0e672ce04dd92ff8f9da2f47b2e:refs/remotes/pull/35/merge
2026-10-08T14:16:59.2114081Z From https://github.com/Jacob-Met/ledgerly
2026-10-08T14:16:59.2114686Z  * [new ref]         bfd7969ebb0fb0e672ce04dd92ff8f9da2f47b2e -> pull/35/merge
2026-10-08T14:16:59.2119073Z ##[endgroup]
2026-10-08T14:16:59.2119681Z ##[group]Determining the checkout info
2026-10-08T14:16:59.2121866Z ##[endgroup]
2026-10-08T14:16:59.2129329Z [command]/usr/bin/git sparse-checkout disable
2026-10-08T14:16:59.2183814Z [command]/usr/bin/git config --local --unset-all extensions.worktreeConfig
2026-10-08T14:16:59.2221690Z ##[group]Checking out the ref
2026-10-08T14:16:59.2225588Z [command]/usr/bin/git checkout --progress --force refs/remotes/pull/35/merge
2026-10-08T14:16:59.2593380Z Note: switching to 'refs/remotes/pull/35/merge'.
2026-10-08T14:16:59.2593700Z 
2026-10-08T14:16:59.2593928Z You are in 'detached HEAD' state. You can look around, make experimental
2026-10-08T14:16:59.2594378Z changes and commit them, and you can discard any commits you make in this
2026-10-08T14:16:59.2594798Z state without impacting any branches by switching back to a branch.
2026-10-08T14:16:59.2595038Z 
2026-10-08T14:16:59.2595228Z If you want to create a new branch to retain commits you create, you may
2026-10-08T14:16:59.2595682Z do so (now or later) by using -c with the switch command. Example:
2026-10-08T14:16:59.2595901Z 
2026-10-08T14:16:59.2596232Z   git switch -c <new-branch-name>
2026-10-08T14:16:59.2596437Z 
2026-10-08T14:16:59.2596770Z Or undo this operation with:
2026-10-08T14:16:59.2596926Z 
2026-10-08T14:16:59.2597016Z   git switch -
2026-10-08T14:16:59.2597157Z 
2026-10-08T14:16:59.2597344Z Turn off this advice by setting config variable advice.detachedHead to false
2026-10-08T14:16:59.2597633Z 
2026-10-08T14:16:59.2597949Z HEAD is now at bfd7969 Merge 5b54ae643c729172862ca356d6dba8c504cc73b0 into f5bcfec37eea567a6a503da9bdcf4b2d8fabb5ac
2026-10-08T14:16:59.2603550Z ##[endgroup]
2026-10-08T14:16:59.2643564Z [command]/usr/bin/git log -1 --format=%H
2026-10-08T14:16:59.2666830Z bfd7969ebb0fb0e672ce04dd92ff8f9da2f47b2e
2026-10-08T14:16:59.2894656Z ##[group]Run actions/setup-python@v5
2026-10-08T14:16:59.2894954Z with:
2026-10-08T14:16:59.2895165Z   python-version: 3.12
2026-10-08T14:16:59.2895410Z   check-latest: false
2026-10-08T14:16:59.2898121Z   token: ***
2026-10-08T14:16:59.2898393Z   update-environment: true
2026-10-08T14:16:59.2898651Z   allow-prereleases: false
2026-10-08T14:16:59.2898880Z   freethreaded: false
2026-10-08T14:16:59.2899125Z ##[endgroup]
2026-10-08T14:16:59.4039804Z ##[group]Installed versions
2026-10-08T14:16:59.4119792Z (node:2091) [DEP0040] DeprecationWarning: The `punycode` module is deprecated. Please use a userland alternative instead.
2026-10-08T14:16:59.4120844Z (Use `node --trace-deprecation ...` to show where the warning was created)
2026-10-08T14:16:59.4121430Z Successfully set up CPython (3.12.15)
2026-10-08T14:16:59.4122104Z ##[endgroup]
2026-10-08T14:16:59.4312040Z ##[group]Run python -m pip install pytest
2026-10-08T14:16:59.4312655Z [36;1mpython -m pip install pytest[0m
2026-10-08T14:16:59.4556788Z shell: /usr/bin/bash -e {0}
2026-10-08T14:16:59.4557100Z env:
2026-10-08T14:16:59.4557392Z   pythonLocation: /opt/hostedtoolcache/Python/3.12.15/x64
2026-10-08T14:16:59.4557799Z   PKG_CONFIG_PATH: /opt/hostedtoolcache/Python/3.12.15/x64/lib/pkgconfig
2026-10-08T14:16:59.4558189Z   Python_ROOT_DIR: /opt/hostedtoolcache/Python/3.12.15/x64
2026-10-08T14:16:59.4558523Z   Python2_ROOT_DIR: /opt/hostedtoolcache/Python/3.12.15/x64
2026-10-08T14:16:59.4558885Z   Python3_ROOT_DIR: /opt/hostedtoolcache/Python/3.12.15/x64
2026-10-08T14:16:59.4559216Z   LD_LIBRARY_PATH: /opt/hostedtoolcache/Python/3.12.15/x64/lib
2026-10-08T14:16:59.4559519Z ##[endgroup]
2026-10-08T14:17:00.4392540Z Collecting pytest
2026-10-08T14:17:00.4769109Z   Downloading pytest-9.1.1-py3-none-any.whl.metadata (7.6 kB)
2026-10-08T14:17:00.4868392Z Collecting iniconfig>=1.0.1 (from pytest)
2026-10-08T14:17:00.4891190Z   Downloading iniconfig-2.3.1-py3-none-any.whl.metadata (2.8 kB)
2026-10-08T14:17:00.4998253Z Collecting packaging>=22 (from pytest)
2026-10-08T14:17:00.5021975Z   Downloading packaging-26.3-py3-none-any.whl.metadata (3.5 kB)
2026-10-08T14:17:00.5112438Z Collecting pluggy<2,>=1.5 (from pytest)
2026-10-08T14:17:00.5137325Z   Downloading pluggy-1.6.0-py3-none-any.whl.metadata (4.8 kB)
2026-10-08T14:17:00.5271465Z Collecting pygments>=2.7.2 (from pytest)
2026-10-08T14:17:00.5301106Z   Downloading pygments-2.21.0-py3-none-any.whl.metadata (2.5 kB)
2026-10-08T14:17:00.5360703Z Downloading pytest-9.1.1-py3-none-any.whl (386 kB)
2026-10-08T14:17:00.5616253Z Downloading pluggy-1.6.0-py3-none-any.whl (20 kB)
2026-10-08T14:17:00.5668796Z Downloading iniconfig-2.3.1-py3-none-any.whl (7.6 kB)
2026-10-08T14:17:00.5709492Z Downloading packaging-26.3-py3-none-any.whl (129 kB)
2026-10-08T14:17:00.5760459Z Downloading pygments-2.21.0-py3-none-any.whl (1.3 MB)
2026-10-08T14:17:00.5961062Z    ━━━━━━━━━━━━━━━━━━━━━━━━━━━━━━━━━━━━━━━━ 1.3/1.3 MB 61.3 MB/s  0:00:00
2026-10-08T14:17:00.7358905Z Installing collected packages: pygments, pluggy, packaging, iniconfig, pytest
2026-10-08T14:17:01.6419195Z 
2026-10-08T14:17:01.6428601Z Successfully installed iniconfig-2.3.1 packaging-26.3 pluggy-1.6.0 pygments-2.21.0 pytest-9.1.1
2026-10-08T14:17:01.6876981Z ##[group]Run python -m pytest -q
2026-10-08T14:17:01.6877274Z [36;1mpython -m pytest -q[0m
2026-10-08T14:17:01.6935360Z shell: /usr/bin/bash -e {0}
2026-10-08T14:17:01.6935569Z env:
2026-10-08T14:17:01.6935973Z   pythonLocation: /opt/hostedtoolcache/Python/3.12.15/x64
2026-10-08T14:17:01.6936593Z   PKG_CONFIG_PATH: /opt/hostedtoolcache/Python/3.12.15/x64/lib/pkgconfig
2026-10-08T14:17:01.6936937Z   Python_ROOT_DIR: /opt/hostedtoolcache/Python/3.12.15/x64
2026-10-08T14:17:01.6937244Z   Python2_ROOT_DIR: /opt/hostedtoolcache/Python/3.12.15/x64
2026-10-08T14:17:01.6937557Z   Python3_ROOT_DIR: /opt/hostedtoolcache/Python/3.12.15/x64
2026-10-08T14:17:01.6937855Z   LD_LIBRARY_PATH: /opt/hostedtoolcache/Python/3.12.15/x64/lib
2026-10-08T14:17:01.6938136Z ##[endgroup]
2026-10-08T14:17:02.6996929Z ................................................................... [ 34%]
2026-10-08T14:17:02.7348739Z ........................................ [ 55%]
2026-10-08T14:17:02.8166785Z .............................................. [ 79%]
2026-10-08T14:17:02.8957584Z ........................................                                 [100%]
2026-10-08T14:17:02.8958108Z 193 passed, 63 subtests passed in 0.85s
2026-10-08T14:17:02.9308986Z Post job cleanup.
2026-10-08T14:17:03.0255212Z (node:2132) [DEP0040] DeprecationWarning: The `punycode` module is deprecated. Please use a userland alternative instead.
2026-10-08T14:17:03.0255801Z (Use `node --trace-deprecation ...` to show where the warning was created)
2026-10-08T14:17:03.0456913Z Post job cleanup.
2026-10-08T14:17:03.1155625Z [command]/usr/bin/git version
2026-10-08T14:17:03.1192969Z git version 2.55.0
2026-10-08T14:17:03.1223640Z Temporarily overriding HOME='/home/runner/work/_temp/affcfc6e-c1ac-4236-af7d-7cb1ba0ea29e' before making global git config changes
2026-10-08T14:17:03.1224794Z Adding repository directory to the temporary git global config as a safe directory
2026-10-08T14:17:03.1228740Z [command]/usr/bin/git config --global --add safe.directory /home/runner/work/ledgerly/ledgerly
2026-10-08T14:17:03.1260766Z [command]/usr/bin/git config --local --name-only --get-regexp core\.sshCommand
2026-10-08T14:17:03.1290662Z [command]/usr/bin/git submodule foreach --recursive sh -c "git config --local --name-only --get-regexp 'core\.sshCommand' && git config --local --unset-all 'core.sshCommand' || :"
2026-10-08T14:17:03.1503849Z [command]/usr/bin/git config --local --name-only --get-regexp http\.https\:\/\/github\.com\/\.extraheader
2026-10-08T14:17:03.1526831Z http.https://github.com/.extraheader
2026-10-08T14:17:03.1535850Z [command]/usr/bin/git config --local --unset-all http.https://github.com/.extraheader
2026-10-08T14:17:03.1567361Z [command]/usr/bin/git submodule foreach --recursive sh -c "git config --local --name-only --get-regexp 'http\.https\:\/\/github\.com\/\.extraheader' && git config --local --unset-all 'http.https://github.com/.extraheader' || :"
2026-10-08T14:17:03.1786636Z [command]/usr/bin/git config --local --name-only --get-regexp ^includeIf\.gitdir:
2026-10-08T14:17:03.1819421Z [command]/usr/bin/git submodule foreach --recursive git config --local --show-origin --name-only --get-regexp remote.origin.url
2026-10-08T14:17:03.2157911Z Cleaning up orphan processes
2026-10-08T14:17:03.2403821Z ##[warning]Node.js 20 is deprecated. The following actions target Node.js 20 but are being forced to run on Node.js 24: actions/checkout@v4, actions/setup-python@v5. For more information see: https://github.blog/changelog/2025-09-19-deprecation-of-node-20-on-github-actions-runners/
