2026-10-08T14:03:55.1170045Z Current runner version: '2.337.0'
2026-10-08T14:03:55.1188018Z ##[group]Runner Image Provisioner
2026-10-08T14:03:55.1188578Z Hosted Compute Agent
2026-10-08T14:03:55.1188941Z Version: 20261002.596
2026-10-08T14:03:55.1189415Z Commit: c3d12f3313a95f25162a1503be624f3b0617f8c0
2026-10-08T14:03:55.1189859Z Build Date: 2026-10-02T22:28:27Z
2026-10-08T14:03:55.1190327Z Worker ID: {456e13c5-07fb-42a0-94ba-35b39179f4ff}
2026-10-08T14:03:55.1190767Z Region: centralus
2026-10-08T14:03:55.1191116Z Cloud: Azure
2026-10-08T14:03:55.1191525Z ##[endgroup]
2026-10-08T14:03:55.1192282Z ##[group]Operating System
2026-10-08T14:03:55.1192643Z Ubuntu
2026-10-08T14:03:55.1193027Z 24.04.5
2026-10-08T14:03:55.1193351Z LTS
2026-10-08T14:03:55.1193757Z ##[endgroup]
2026-10-08T14:03:55.1194107Z ##[group]Runner Image
2026-10-08T14:03:55.1194701Z Image: ubuntu-24.04
2026-10-08T14:03:55.1195103Z Version: 20261004.327.1
2026-10-08T14:03:55.1195854Z Included Software: https://github.com/actions/runner-images/blob/ubuntu24/20261004.327/images/ubuntu/Ubuntu2404-Readme.md
2026-10-08T14:03:55.1196820Z Image Release: https://github.com/actions/runner-images/releases/tag/ubuntu24%2F20261004.327
2026-10-08T14:03:55.1197391Z ##[endgroup]
2026-10-08T14:03:55.1198115Z ##[group]GITHUB_TOKEN Permissions
2026-10-08T14:03:55.1199334Z Contents: read
2026-10-08T14:03:55.1199753Z Metadata: read
2026-10-08T14:03:55.1200097Z ##[endgroup]
2026-10-08T14:03:55.1201432Z Secret source: Actions
2026-10-08T14:03:55.1202008Z Cache mode: write
2026-10-08T14:03:55.1202493Z Prepare workflow directory
2026-10-08T14:03:55.1431426Z Prepare all required actions
2026-10-08T14:03:55.1473869Z Getting action download info
2026-10-08T14:03:55.4787135Z Download action repository 'actions/checkout@v4' (SHA:11d5960a326750d5838078e36cf38b85af677262)
2026-10-08T14:03:55.5822551Z Download action repository 'actions/setup-python@v5' (SHA:a26af69be951a213d495a4c3e4e4022e16d87065)
2026-10-08T14:03:55.7525534Z Complete job name: python-core
2026-10-08T14:03:55.7995633Z ##[group]Run actions/checkout@v4
2026-10-08T14:03:55.7996088Z with:
2026-10-08T14:03:55.7996345Z   repository: Jacob-Met/ledgerly
2026-10-08T14:03:55.7998583Z   token: ***
2026-10-08T14:03:55.7998832Z   ssh-strict: true
2026-10-08T14:03:55.7999080Z   ssh-user: git
2026-10-08T14:03:55.7999344Z   persist-credentials: true
2026-10-08T14:03:55.7999623Z   clean: true
2026-10-08T14:03:55.7999879Z   sparse-checkout-cone-mode: true
2026-10-08T14:03:55.8000182Z   fetch-depth: 1
2026-10-08T14:03:55.8000431Z   fetch-tags: false
2026-10-08T14:03:55.8000691Z   show-progress: true
2026-10-08T14:03:55.8000950Z   lfs: false
2026-10-08T14:03:55.8001185Z   submodules: false
2026-10-08T14:03:55.8001441Z   set-safe-directory: true
2026-10-08T14:03:55.8001730Z   allow-unsafe-pr-checkout: false
2026-10-08T14:03:55.8002195Z ##[endgroup]
2026-10-08T14:03:55.9197384Z Syncing repository: Jacob-Met/ledgerly
2026-10-08T14:03:55.9199010Z ##[group]Getting Git version info
2026-10-08T14:03:55.9199706Z Working directory is '/home/runner/work/ledgerly/ledgerly'
2026-10-08T14:03:55.9200597Z [command]/usr/bin/git version
2026-10-08T14:03:55.9410649Z git version 2.55.0
2026-10-08T14:03:55.9423301Z ##[endgroup]
2026-10-08T14:03:55.9434095Z Temporarily overriding HOME='/home/runner/work/_temp/dc724433-af7a-4738-ae5e-26259da5ec7e' before making global git config changes
2026-10-08T14:03:55.9435578Z Adding repository directory to the temporary git global config as a safe directory
2026-10-08T14:03:55.9438286Z [command]/usr/bin/git config --global --add safe.directory /home/runner/work/ledgerly/ledgerly
2026-10-08T14:03:55.9526365Z Deleting the contents of '/home/runner/work/ledgerly/ledgerly'
2026-10-08T14:03:55.9530586Z ##[group]Initializing the repository
2026-10-08T14:03:55.9534006Z [command]/usr/bin/git init /home/runner/work/ledgerly/ledgerly
2026-10-08T14:03:56.0127894Z hint: Using 'master' as the name for the initial branch. This default branch name
2026-10-08T14:03:56.0129136Z hint: will change to "main" in Git 3.0. To configure the initial branch name
2026-10-08T14:03:56.0130163Z hint: to use in all of your new repositories, which will suppress this warning,
2026-10-08T14:03:56.0130574Z hint: call:
2026-10-08T14:03:56.0130799Z hint:
2026-10-08T14:03:56.0131110Z hint: 	git config --global init.defaultBranch <name>
2026-10-08T14:03:56.0131454Z hint:
2026-10-08T14:03:56.0131945Z hint: Names commonly chosen instead of 'master' are 'main', 'trunk' and
2026-10-08T14:03:56.0132702Z hint: 'development'. The just-created branch can be renamed via this command:
2026-10-08T14:03:56.0133122Z hint:
2026-10-08T14:03:56.0133356Z hint: 	git branch -m <name>
2026-10-08T14:03:56.0133622Z hint:
2026-10-08T14:03:56.0133977Z hint: Disable this message with "git config set advice.defaultBranchName false"
2026-10-08T14:03:56.0134635Z Initialized empty Git repository in /home/runner/work/ledgerly/ledgerly/.git/
2026-10-08T14:03:56.0137997Z [command]/usr/bin/git remote add origin https://github.com/Jacob-Met/ledgerly
2026-10-08T14:03:56.0640603Z ##[endgroup]
2026-10-08T14:03:56.0641116Z ##[group]Disabling automatic garbage collection
2026-10-08T14:03:56.0641565Z [command]/usr/bin/git config --local gc.auto 0
2026-10-08T14:03:56.0922091Z ##[endgroup]
2026-10-08T14:03:56.0922766Z ##[group]Setting up auth
2026-10-08T14:03:56.0928154Z [command]/usr/bin/git config --local --name-only --get-regexp core\.sshCommand
2026-10-08T14:03:56.0967648Z [command]/usr/bin/git submodule foreach --recursive sh -c "git config --local --name-only --get-regexp 'core\.sshCommand' && git config --local --unset-all 'core.sshCommand' || :"
2026-10-08T14:03:56.1382754Z [command]/usr/bin/git config --local --name-only --get-regexp http\.https\:\/\/github\.com\/\.extraheader
2026-10-08T14:03:56.1413072Z [command]/usr/bin/git submodule foreach --recursive sh -c "git config --local --name-only --get-regexp 'http\.https\:\/\/github\.com\/\.extraheader' && git config --local --unset-all 'http.https://github.com/.extraheader' || :"
2026-10-08T14:03:56.1602983Z [command]/usr/bin/git config --local --name-only --get-regexp ^includeIf\.gitdir:
2026-10-08T14:03:56.1642428Z [command]/usr/bin/git submodule foreach --recursive git config --local --show-origin --name-only --get-regexp remote.origin.url
2026-10-08T14:03:56.1843445Z [command]/usr/bin/git config --local http.https://github.com/.extraheader AUTHORIZATION: basic ***
2026-10-08T14:03:56.2234529Z ##[endgroup]
2026-10-08T14:03:56.2235260Z ##[group]Fetching the repository
2026-10-08T14:03:56.2242655Z [command]/usr/bin/git -c protocol.version=2 fetch --no-tags --prune --no-recurse-submodules --depth=1 origin +d7bc7f4ffba6be77f4ca6bf4ee97d4cfaf469640:refs/remotes/pull/35/merge
2026-10-08T14:03:57.2263267Z From https://github.com/Jacob-Met/ledgerly
2026-10-08T14:03:57.2265437Z  * [new ref]         d7bc7f4ffba6be77f4ca6bf4ee97d4cfaf469640 -> pull/35/merge
2026-10-08T14:03:57.2269206Z ##[endgroup]
2026-10-08T14:03:57.2270508Z ##[group]Determining the checkout info
2026-10-08T14:03:57.2271869Z ##[endgroup]
2026-10-08T14:03:57.2272771Z [command]/usr/bin/git sparse-checkout disable
2026-10-08T14:03:57.2504609Z [command]/usr/bin/git config --local --unset-all extensions.worktreeConfig
2026-10-08T14:03:57.3006929Z ##[group]Checking out the ref
2026-10-08T14:03:57.3008476Z [command]/usr/bin/git checkout --progress --force refs/remotes/pull/35/merge
2026-10-08T14:03:57.3695092Z Note: switching to 'refs/remotes/pull/35/merge'.
2026-10-08T14:03:57.3695924Z 
2026-10-08T14:03:57.3696465Z You are in 'detached HEAD' state. You can look around, make experimental
2026-10-08T14:03:57.3697712Z changes and commit them, and you can discard any commits you make in this
2026-10-08T14:03:57.3698915Z state without impacting any branches by switching back to a branch.
2026-10-08T14:03:57.3699632Z 
2026-10-08T14:03:57.3700109Z If you want to create a new branch to retain commits you create, you may
2026-10-08T14:03:57.3701200Z do so (now or later) by using -c with the switch command. Example:
2026-10-08T14:03:57.3701842Z 
2026-10-08T14:03:57.3702138Z   git switch -c <new-branch-name>
2026-10-08T14:03:57.3702614Z 
2026-10-08T14:03:57.3703165Z Or undo this operation with:
2026-10-08T14:03:57.3703694Z 
2026-10-08T14:03:57.3704014Z   git switch -
2026-10-08T14:03:57.3704523Z 
2026-10-08T14:03:57.3705206Z Turn off this advice by setting config variable advice.detachedHead to false
2026-10-08T14:03:57.3706086Z 
2026-10-08T14:03:57.3707083Z HEAD is now at d7bc7f4 Merge a2a308c744c29d3199bec919c6be8896f066c249 into 2ab89fdd65d200355dda381ba7bae82a22e268fc
2026-10-08T14:03:57.3720266Z ##[endgroup]
2026-10-08T14:03:57.3760277Z [command]/usr/bin/git log -1 --format=%H
2026-10-08T14:03:57.3782623Z d7bc7f4ffba6be77f4ca6bf4ee97d4cfaf469640
2026-10-08T14:03:57.4237539Z ##[group]Run actions/setup-python@v5
2026-10-08T14:03:57.4238279Z with:
2026-10-08T14:03:57.4238804Z   python-version: 3.12
2026-10-08T14:03:57.4239407Z   check-latest: false
2026-10-08T14:03:57.4245635Z   token: ***
2026-10-08T14:03:57.4246188Z   update-environment: true
2026-10-08T14:03:57.4246834Z   allow-prereleases: false
2026-10-08T14:03:57.4247491Z   freethreaded: false
2026-10-08T14:03:57.4248090Z ##[endgroup]
2026-10-08T14:03:57.5180368Z ##[group]Installed versions
2026-10-08T14:03:57.5432133Z (node:2091) [DEP0040] DeprecationWarning: The `punycode` module is deprecated. Please use a userland alternative instead.
2026-10-08T14:03:57.5434623Z (Use `node --trace-deprecation ...` to show where the warning was created)
2026-10-08T14:03:57.5436159Z Successfully set up CPython (3.12.15)
2026-10-08T14:03:57.5437730Z ##[endgroup]
2026-10-08T14:03:57.5711366Z ##[group]Run python -m pip install pytest
2026-10-08T14:03:57.5712339Z [36;1mpython -m pip install pytest[0m
2026-10-08T14:03:57.6024709Z shell: /usr/bin/bash -e {0}
2026-10-08T14:03:57.6025397Z env:
2026-10-08T14:03:57.6026069Z   pythonLocation: /opt/hostedtoolcache/Python/3.12.15/x64
2026-10-08T14:03:57.6027186Z   PKG_CONFIG_PATH: /opt/hostedtoolcache/Python/3.12.15/x64/lib/pkgconfig
2026-10-08T14:03:57.6028285Z   Python_ROOT_DIR: /opt/hostedtoolcache/Python/3.12.15/x64
2026-10-08T14:03:57.6029280Z   Python2_ROOT_DIR: /opt/hostedtoolcache/Python/3.12.15/x64
2026-10-08T14:03:57.6030313Z   Python3_ROOT_DIR: /opt/hostedtoolcache/Python/3.12.15/x64
2026-10-08T14:03:57.6031321Z   LD_LIBRARY_PATH: /opt/hostedtoolcache/Python/3.12.15/x64/lib
2026-10-08T14:03:57.6032167Z ##[endgroup]
2026-10-08T14:03:58.6240769Z Collecting pytest
2026-10-08T14:03:58.6948137Z   Downloading pytest-9.1.1-py3-none-any.whl.metadata (7.6 kB)
2026-10-08T14:03:59.1808103Z Collecting iniconfig>=1.0.1 (from pytest)
2026-10-08T14:03:59.1906489Z   Downloading iniconfig-2.3.1-py3-none-any.whl.metadata (2.8 kB)
2026-10-08T14:03:59.3323393Z Collecting packaging>=22 (from pytest)
2026-10-08T14:03:59.3419178Z   Downloading packaging-26.3-py3-none-any.whl.metadata (3.5 kB)
2026-10-08T14:03:59.4715954Z Collecting pluggy<2,>=1.5 (from pytest)
2026-10-08T14:03:59.4809292Z   Downloading pluggy-1.6.0-py3-none-any.whl.metadata (4.8 kB)
2026-10-08T14:03:59.6339289Z Collecting pygments>=2.7.2 (from pytest)
2026-10-08T14:03:59.6433207Z   Downloading pygments-2.21.0-py3-none-any.whl.metadata (2.5 kB)
2026-10-08T14:03:59.6808266Z Downloading pytest-9.1.1-py3-none-any.whl (386 kB)
2026-10-08T14:03:59.7496603Z Downloading pluggy-1.6.0-py3-none-any.whl (20 kB)
2026-10-08T14:03:59.7706379Z Downloading iniconfig-2.3.1-py3-none-any.whl (7.6 kB)
2026-10-08T14:04:00.0595439Z Downloading packaging-26.3-py3-none-any.whl (129 kB)
2026-10-08T14:04:00.3687177Z Downloading pygments-2.21.0-py3-none-any.whl (1.3 MB)
2026-10-08T14:04:00.4102529Z    ━━━━━━━━━━━━━━━━━━━━━━━━━━━━━━━━━━━━━━━━ 1.3/1.3 MB 34.3 MB/s  0:00:00
2026-10-08T14:04:00.4483334Z Installing collected packages: pygments, pluggy, packaging, iniconfig, pytest
2026-10-08T14:04:01.1212972Z 
2026-10-08T14:04:01.1224388Z Successfully installed iniconfig-2.3.1 packaging-26.3 pluggy-1.6.0 pygments-2.21.0 pytest-9.1.1
2026-10-08T14:04:01.1721239Z ##[group]Run python -m pytest -q
2026-10-08T14:04:01.1721444Z [36;1mpython -m pytest -q[0m
2026-10-08T14:04:01.1776766Z shell: /usr/bin/bash -e {0}
2026-10-08T14:04:01.1776909Z env:
2026-10-08T14:04:01.1777227Z   pythonLocation: /opt/hostedtoolcache/Python/3.12.15/x64
2026-10-08T14:04:01.1777466Z   PKG_CONFIG_PATH: /opt/hostedtoolcache/Python/3.12.15/x64/lib/pkgconfig
2026-10-08T14:04:01.1777700Z   Python_ROOT_DIR: /opt/hostedtoolcache/Python/3.12.15/x64
2026-10-08T14:04:01.1777918Z   Python2_ROOT_DIR: /opt/hostedtoolcache/Python/3.12.15/x64
2026-10-08T14:04:01.1778135Z   Python3_ROOT_DIR: /opt/hostedtoolcache/Python/3.12.15/x64
2026-10-08T14:04:01.1778345Z   LD_LIBRARY_PATH: /opt/hostedtoolcache/Python/3.12.15/x64/lib
2026-10-08T14:04:01.1778566Z ##[endgroup]
2026-10-08T14:04:01.8098755Z ................................................................... [ 34%]
2026-10-08T14:04:01.8363890Z ........................................ [ 55%]
2026-10-08T14:04:01.8961602Z .............................................. [ 79%]
2026-10-08T14:04:01.9585370Z ........................................                                 [100%]
2026-10-08T14:04:01.9585901Z 193 passed, 63 subtests passed in 0.58s
2026-10-08T14:04:01.9885828Z Post job cleanup.
2026-10-08T14:04:02.0648368Z (node:2129) [DEP0040] DeprecationWarning: The `punycode` module is deprecated. Please use a userland alternative instead.
2026-10-08T14:04:02.0648857Z (Use `node --trace-deprecation ...` to show where the warning was created)
2026-10-08T14:04:02.0830604Z Post job cleanup.
2026-10-08T14:04:02.1384865Z [command]/usr/bin/git version
2026-10-08T14:04:02.1417943Z git version 2.55.0
2026-10-08T14:04:02.1442511Z Temporarily overriding HOME='/home/runner/work/_temp/9003f2b4-e507-4e79-baed-e7c20c874007' before making global git config changes
2026-10-08T14:04:02.1443203Z Adding repository directory to the temporary git global config as a safe directory
2026-10-08T14:04:02.1446517Z [command]/usr/bin/git config --global --add safe.directory /home/runner/work/ledgerly/ledgerly
2026-10-08T14:04:02.1476624Z [command]/usr/bin/git config --local --name-only --get-regexp core\.sshCommand
2026-10-08T14:04:02.1503245Z [command]/usr/bin/git submodule foreach --recursive sh -c "git config --local --name-only --get-regexp 'core\.sshCommand' && git config --local --unset-all 'core.sshCommand' || :"
2026-10-08T14:04:02.1711007Z [command]/usr/bin/git config --local --name-only --get-regexp http\.https\:\/\/github\.com\/\.extraheader
2026-10-08T14:04:02.1743719Z http.https://github.com/.extraheader
2026-10-08T14:04:02.1750434Z [command]/usr/bin/git config --local --unset-all http.https://github.com/.extraheader
2026-10-08T14:04:02.1782056Z [command]/usr/bin/git submodule foreach --recursive sh -c "git config --local --name-only --get-regexp 'http\.https\:\/\/github\.com\/\.extraheader' && git config --local --unset-all 'http.https://github.com/.extraheader' || :"
2026-10-08T14:04:02.1988228Z [command]/usr/bin/git config --local --name-only --get-regexp ^includeIf\.gitdir:
2026-10-08T14:04:02.2020737Z [command]/usr/bin/git submodule foreach --recursive git config --local --show-origin --name-only --get-regexp remote.origin.url
2026-10-08T14:04:02.2328283Z Cleaning up orphan processes
2026-10-08T14:04:02.2549797Z ##[warning]Node.js 20 is deprecated. The following actions target Node.js 20 but are being forced to run on Node.js 24: actions/checkout@v4, actions/setup-python@v5. For more information see: https://github.blog/changelog/2025-09-19-deprecation-of-node-20-on-github-actions-runners/
