2026-10-08T08:50:26.1859546Z Current runner version: '2.337.0'
2026-10-08T08:50:26.1886363Z ##[group]Runner Image Provisioner
2026-10-08T08:50:26.1887374Z Hosted Compute Agent
2026-10-08T08:50:26.1888008Z Version: 20261002.596
2026-10-08T08:50:26.1888622Z Commit: c3d12f3313a95f25162a1503be624f3b0617f8c0
2026-10-08T08:50:26.1889437Z Build Date: 2026-10-02T22:28:27Z
2026-10-08T08:50:26.1890124Z Worker ID: {896314e7-3df0-4a01-92f4-b9bff829ae1a}
2026-10-08T08:50:26.1890973Z Region: westus2
2026-10-08T08:50:26.1891543Z Cloud: Azure
2026-10-08T08:50:26.1892118Z ##[endgroup]
2026-10-08T08:50:26.1893916Z ##[group]Operating System
2026-10-08T08:50:26.1894585Z Ubuntu
2026-10-08T08:50:26.1895204Z 24.04.5
2026-10-08T08:50:26.1895760Z LTS
2026-10-08T08:50:26.1896264Z ##[endgroup]
2026-10-08T08:50:26.1896853Z ##[group]Runner Image
2026-10-08T08:50:26.1897443Z Image: ubuntu-24.04
2026-10-08T08:50:26.1898026Z Version: 20261004.327.1
2026-10-08T08:50:26.1899401Z Included Software: https://github.com/actions/runner-images/blob/ubuntu24/20261004.327/images/ubuntu/Ubuntu2404-Readme.md
2026-10-08T08:50:26.1901023Z Image Release: https://github.com/actions/runner-images/releases/tag/ubuntu24%2F20261004.327
2026-10-08T08:50:26.1902021Z ##[endgroup]
2026-10-08T08:50:26.1903177Z ##[group]GITHUB_TOKEN Permissions
2026-10-08T08:50:26.1905612Z Contents: read
2026-10-08T08:50:26.1906204Z Metadata: read
2026-10-08T08:50:26.1906875Z ##[endgroup]
2026-10-08T08:50:26.1909104Z Secret source: Actions
2026-10-08T08:50:26.1910183Z Cache mode: write
2026-10-08T08:50:26.1910881Z Prepare workflow directory
2026-10-08T08:50:26.2310529Z Prepare all required actions
2026-10-08T08:50:26.2372412Z Getting action download info
2026-10-08T08:50:26.5881548Z Download action repository 'actions/checkout@v4' (SHA:11d5960a326750d5838078e36cf38b85af677262)
2026-10-08T08:50:26.7205683Z Download action repository 'actions/setup-python@v5' (SHA:a26af69be951a213d495a4c3e4e4022e16d87065)
2026-10-08T08:50:26.9577592Z Complete job name: python-core
2026-10-08T08:50:27.0432989Z ##[group]Run actions/checkout@v4
2026-10-08T08:50:27.0434193Z with:
2026-10-08T08:50:27.0434665Z   repository: Jacob-Met/ledgerly
2026-10-08T08:50:27.0438774Z   token: ***
2026-10-08T08:50:27.0439211Z   ssh-strict: true
2026-10-08T08:50:27.0439662Z   ssh-user: git
2026-10-08T08:50:27.0440116Z   persist-credentials: true
2026-10-08T08:50:27.0440605Z   clean: true
2026-10-08T08:50:27.0441049Z   sparse-checkout-cone-mode: true
2026-10-08T08:50:27.0441640Z   fetch-depth: 1
2026-10-08T08:50:27.0442078Z   fetch-tags: false
2026-10-08T08:50:27.0442532Z   show-progress: true
2026-10-08T08:50:27.0442992Z   lfs: false
2026-10-08T08:50:27.0443404Z   submodules: false
2026-10-08T08:50:27.0444188Z   set-safe-directory: true
2026-10-08T08:50:27.0444701Z   allow-unsafe-pr-checkout: false
2026-10-08T08:50:27.0445529Z ##[endgroup]
2026-10-08T08:50:27.1616369Z Syncing repository: Jacob-Met/ledgerly
2026-10-08T08:50:27.1619369Z ##[group]Getting Git version info
2026-10-08T08:50:27.1620736Z Working directory is '/home/runner/work/ledgerly/ledgerly'
2026-10-08T08:50:27.1622551Z [command]/usr/bin/git version
2026-10-08T08:50:27.1734624Z git version 2.55.0
2026-10-08T08:50:27.1766198Z ##[endgroup]
2026-10-08T08:50:27.1786684Z Temporarily overriding HOME='/home/runner/work/_temp/a8e05b16-f232-4e3d-bd8c-d6a2250b7f61' before making global git config changes
2026-10-08T08:50:27.1789111Z Adding repository directory to the temporary git global config as a safe directory
2026-10-08T08:50:27.1792584Z [command]/usr/bin/git config --global --add safe.directory /home/runner/work/ledgerly/ledgerly
2026-10-08T08:50:27.1854677Z Deleting the contents of '/home/runner/work/ledgerly/ledgerly'
2026-10-08T08:50:27.1859540Z ##[group]Initializing the repository
2026-10-08T08:50:27.1866028Z [command]/usr/bin/git init /home/runner/work/ledgerly/ledgerly
2026-10-08T08:50:27.2002958Z hint: Using 'master' as the name for the initial branch. This default branch name
2026-10-08T08:50:27.2005532Z hint: will change to "main" in Git 3.0. To configure the initial branch name
2026-10-08T08:50:27.2007440Z hint: to use in all of your new repositories, which will suppress this warning,
2026-10-08T08:50:27.2008379Z hint: call:
2026-10-08T08:50:27.2009257Z hint:
2026-10-08T08:50:27.2009919Z hint: 	git config --global init.defaultBranch <name>
2026-10-08T08:50:27.2010686Z hint:
2026-10-08T08:50:27.2011423Z hint: Names commonly chosen instead of 'master' are 'main', 'trunk' and
2026-10-08T08:50:27.2012434Z hint: 'development'. The just-created branch can be renamed via this command:
2026-10-08T08:50:27.2013252Z hint:
2026-10-08T08:50:27.2014191Z hint: 	git branch -m <name>
2026-10-08T08:50:27.2015039Z hint:
2026-10-08T08:50:27.2016193Z hint: Disable this message with "git config set advice.defaultBranchName false"
2026-10-08T08:50:27.2017658Z Initialized empty Git repository in /home/runner/work/ledgerly/ledgerly/.git/
2026-10-08T08:50:27.2019558Z [command]/usr/bin/git remote add origin https://github.com/Jacob-Met/ledgerly
2026-10-08T08:50:27.2080362Z ##[endgroup]
2026-10-08T08:50:27.2081369Z ##[group]Disabling automatic garbage collection
2026-10-08T08:50:27.2087653Z [command]/usr/bin/git config --local gc.auto 0
2026-10-08T08:50:27.2134316Z ##[endgroup]
2026-10-08T08:50:27.2135649Z ##[group]Setting up auth
2026-10-08T08:50:27.2144913Z [command]/usr/bin/git config --local --name-only --get-regexp core\.sshCommand
2026-10-08T08:50:27.2203614Z [command]/usr/bin/git submodule foreach --recursive sh -c "git config --local --name-only --get-regexp 'core\.sshCommand' && git config --local --unset-all 'core.sshCommand' || :"
2026-10-08T08:50:27.2680348Z [command]/usr/bin/git config --local --name-only --get-regexp http\.https\:\/\/github\.com\/\.extraheader
2026-10-08T08:50:27.2734507Z [command]/usr/bin/git submodule foreach --recursive sh -c "git config --local --name-only --get-regexp 'http\.https\:\/\/github\.com\/\.extraheader' && git config --local --unset-all 'http.https://github.com/.extraheader' || :"
2026-10-08T08:50:27.2999454Z [command]/usr/bin/git config --local --name-only --get-regexp ^includeIf\.gitdir:
2026-10-08T08:50:27.3042158Z [command]/usr/bin/git submodule foreach --recursive git config --local --show-origin --name-only --get-regexp remote.origin.url
2026-10-08T08:50:27.3312080Z [command]/usr/bin/git config --local http.https://github.com/.extraheader AUTHORIZATION: basic ***
2026-10-08T08:50:27.3362655Z ##[endgroup]
2026-10-08T08:50:27.3363965Z ##[group]Fetching the repository
2026-10-08T08:50:27.3374410Z [command]/usr/bin/git -c protocol.version=2 fetch --no-tags --prune --no-recurse-submodules --depth=1 origin +ce2885001b79dfdc66dcf3428512d4083a4a16c3:refs/remotes/pull/10/merge
2026-10-08T08:50:27.7102861Z From https://github.com/Jacob-Met/ledgerly
2026-10-08T08:50:27.7105144Z  * [new ref]         ce2885001b79dfdc66dcf3428512d4083a4a16c3 -> pull/10/merge
2026-10-08T08:50:27.7108815Z ##[endgroup]
2026-10-08T08:50:27.7110395Z ##[group]Determining the checkout info
2026-10-08T08:50:27.7112270Z ##[endgroup]
2026-10-08T08:50:27.7119789Z [command]/usr/bin/git sparse-checkout disable
2026-10-08T08:50:27.7183132Z [command]/usr/bin/git config --local --unset-all extensions.worktreeConfig
2026-10-08T08:50:27.7225961Z ##[group]Checking out the ref
2026-10-08T08:50:27.7231634Z [command]/usr/bin/git checkout --progress --force refs/remotes/pull/10/merge
2026-10-08T08:50:27.7382632Z Note: switching to 'refs/remotes/pull/10/merge'.
2026-10-08T08:50:27.7383205Z 
2026-10-08T08:50:27.7383961Z You are in 'detached HEAD' state. You can look around, make experimental
2026-10-08T08:50:27.7385047Z changes and commit them, and you can discard any commits you make in this
2026-10-08T08:50:27.7386029Z state without impacting any branches by switching back to a branch.
2026-10-08T08:50:27.7386603Z 
2026-10-08T08:50:27.7386997Z If you want to create a new branch to retain commits you create, you may
2026-10-08T08:50:27.7387906Z do so (now or later) by using -c with the switch command. Example:
2026-10-08T08:50:27.7388523Z 
2026-10-08T08:50:27.7388935Z   git switch -c <new-branch-name>
2026-10-08T08:50:27.7389520Z 
2026-10-08T08:50:27.7390287Z Or undo this operation with:
2026-10-08T08:50:27.7390927Z 
2026-10-08T08:50:27.7391306Z   git switch -
2026-10-08T08:50:27.7391768Z 
2026-10-08T08:50:27.7392452Z Turn off this advice by setting config variable advice.detachedHead to false
2026-10-08T08:50:27.7393680Z 
2026-10-08T08:50:27.7394715Z HEAD is now at ce28850 Merge 62db7077bad5b74f01f0dd65f65fca2139362f1a into dc5e188c062bb7b45a8ddbbd23a3da75126e17a8
2026-10-08T08:50:27.7398337Z ##[endgroup]
2026-10-08T08:50:27.7449915Z [command]/usr/bin/git log -1 --format=%H
2026-10-08T08:50:27.7480458Z ce2885001b79dfdc66dcf3428512d4083a4a16c3
2026-10-08T08:50:27.7796754Z ##[group]Run actions/setup-python@v5
2026-10-08T08:50:27.7797425Z with:
2026-10-08T08:50:27.7797840Z   python-version: 3.12
2026-10-08T08:50:27.7798306Z   check-latest: false
2026-10-08T08:50:27.7802227Z   token: ***
2026-10-08T08:50:27.7802659Z   update-environment: true
2026-10-08T08:50:27.7803216Z   allow-prereleases: false
2026-10-08T08:50:27.7803888Z   freethreaded: false
2026-10-08T08:50:27.7804364Z ##[endgroup]
2026-10-08T08:50:27.9321255Z ##[group]Installed versions
2026-10-08T08:50:27.9991257Z (node:2295) [DEP0040] DeprecationWarning: The `punycode` module is deprecated. Please use a userland alternative instead.
2026-10-08T08:50:27.9993888Z (Use `node --trace-deprecation ...` to show where the warning was created)
2026-10-08T08:50:27.9997321Z Successfully set up CPython (3.12.15)
2026-10-08T08:50:27.9998879Z ##[endgroup]
2026-10-08T08:50:28.0291529Z ##[group]Run python -m pip install pytest
2026-10-08T08:50:28.0292885Z [36;1mpython -m pip install pytest[0m
2026-10-08T08:50:28.0749697Z shell: /usr/bin/bash -e {0}
2026-10-08T08:50:28.0750676Z env:
2026-10-08T08:50:28.0751569Z   pythonLocation: /opt/hostedtoolcache/Python/3.12.15/x64
2026-10-08T08:50:28.0753094Z   PKG_CONFIG_PATH: /opt/hostedtoolcache/Python/3.12.15/x64/lib/pkgconfig
2026-10-08T08:50:28.0754826Z   Python_ROOT_DIR: /opt/hostedtoolcache/Python/3.12.15/x64
2026-10-08T08:50:28.0756177Z   Python2_ROOT_DIR: /opt/hostedtoolcache/Python/3.12.15/x64
2026-10-08T08:50:28.0757606Z   Python3_ROOT_DIR: /opt/hostedtoolcache/Python/3.12.15/x64
2026-10-08T08:50:28.0758775Z   LD_LIBRARY_PATH: /opt/hostedtoolcache/Python/3.12.15/x64/lib
2026-10-08T08:50:28.0759752Z ##[endgroup]
2026-10-08T08:50:31.3110936Z Collecting pytest
2026-10-08T08:50:31.3706145Z   Downloading pytest-9.1.1-py3-none-any.whl.metadata (7.6 kB)
2026-10-08T08:50:31.3887415Z Collecting iniconfig>=1.0.1 (from pytest)
2026-10-08T08:50:31.3958491Z   Downloading iniconfig-2.3.1-py3-none-any.whl.metadata (2.8 kB)
2026-10-08T08:50:31.4160339Z Collecting packaging>=22 (from pytest)
2026-10-08T08:50:31.4229983Z   Downloading packaging-26.3-py3-none-any.whl.metadata (3.5 kB)
2026-10-08T08:50:31.4397489Z Collecting pluggy<2,>=1.5 (from pytest)
2026-10-08T08:50:31.4467429Z   Downloading pluggy-1.6.0-py3-none-any.whl.metadata (4.8 kB)
2026-10-08T08:50:31.4713394Z Collecting pygments>=2.7.2 (from pytest)
2026-10-08T08:50:31.4780885Z   Downloading pygments-2.21.0-py3-none-any.whl.metadata (2.5 kB)
2026-10-08T08:50:31.4905050Z Downloading pytest-9.1.1-py3-none-any.whl (386 kB)
2026-10-08T08:50:31.5225469Z Downloading pluggy-1.6.0-py3-none-any.whl (20 kB)
2026-10-08T08:50:31.5326189Z Downloading iniconfig-2.3.1-py3-none-any.whl (7.6 kB)
2026-10-08T08:50:31.5423108Z Downloading packaging-26.3-py3-none-any.whl (129 kB)
2026-10-08T08:50:31.5534839Z Downloading pygments-2.21.0-py3-none-any.whl (1.3 MB)
2026-10-08T08:50:31.5930651Z    ━━━━━━━━━━━━━━━━━━━━━━━━━━━━━━━━━━━━━━━━ 1.3/1.3 MB 33.9 MB/s  0:00:00
2026-10-08T08:50:31.8004624Z Installing collected packages: pygments, pluggy, packaging, iniconfig, pytest
2026-10-08T08:50:33.1365705Z 
2026-10-08T08:50:33.1379633Z Successfully installed iniconfig-2.3.1 packaging-26.3 pluggy-1.6.0 pygments-2.21.0 pytest-9.1.1
2026-10-08T08:50:33.2094416Z ##[group]Run python -m pytest -q
2026-10-08T08:50:33.2094816Z [36;1mpython -m pytest -q[0m
2026-10-08T08:50:33.2164962Z shell: /usr/bin/bash -e {0}
2026-10-08T08:50:33.2165288Z env:
2026-10-08T08:50:33.2165903Z   pythonLocation: /opt/hostedtoolcache/Python/3.12.15/x64
2026-10-08T08:50:33.2166429Z   PKG_CONFIG_PATH: /opt/hostedtoolcache/Python/3.12.15/x64/lib/pkgconfig
2026-10-08T08:50:33.2166950Z   Python_ROOT_DIR: /opt/hostedtoolcache/Python/3.12.15/x64
2026-10-08T08:50:33.2167422Z   Python2_ROOT_DIR: /opt/hostedtoolcache/Python/3.12.15/x64
2026-10-08T08:50:33.2167902Z   Python3_ROOT_DIR: /opt/hostedtoolcache/Python/3.12.15/x64
2026-10-08T08:50:33.2168367Z   LD_LIBRARY_PATH: /opt/hostedtoolcache/Python/3.12.15/x64/lib
2026-10-08T08:50:33.2168770Z ##[endgroup]
2026-10-08T08:50:34.5048376Z 
2026-10-08T08:50:34.5049426Z ==================================== ERRORS ====================================
2026-10-08T08:50:34.5050711Z ___________ ERROR collecting tests/test_reminder_provider_changes.py ___________
2026-10-08T08:50:34.5052503Z ImportError while importing test module '/home/runner/work/ledgerly/ledgerly/tests/test_reminder_provider_changes.py'.
2026-10-08T08:50:34.5055206Z Hint: make sure your test modules/packages have valid Python names.
2026-10-08T08:50:34.5056030Z Traceback:
2026-10-08T08:50:34.5056897Z /opt/hostedtoolcache/Python/3.12.15/x64/lib/python3.12/importlib/__init__.py:90: in import_module
2026-10-08T08:50:34.5058605Z     return _bootstrap._gcd_import(name[level:], package, level)
2026-10-08T08:50:34.5059681Z            ^^^^^^^^^^^^^^^^^^^^^^^^^^^^^^^^^^^^^^^^^^^^^^^^^^^^
2026-10-08T08:50:34.5061665Z tests/test_reminder_provider_changes.py:6: in <module>
2026-10-08T08:50:34.5063048Z     import test_reminder_receiving as receiving
2026-10-08T08:50:34.5064416Z tests/test_reminder_receiving.py:32: in <module>
2026-10-08T08:50:34.5065195Z     spec.loader.exec_module(bridge)
2026-10-08T08:50:34.5065904Z web-demo/python/bridge.py:7: in <module>
2026-10-08T08:50:34.5067016Z     from review import ReviewableExtractor, prepare_review
2026-10-08T08:50:34.5068188Z E   ModuleNotFoundError: No module named 'review'
2026-10-08T08:50:34.5069024Z ______________ ERROR collecting tests/test_reminder_receiving.py _______________
2026-10-08T08:50:34.5070363Z ImportError while importing test module '/home/runner/work/ledgerly/ledgerly/tests/test_reminder_receiving.py'.
2026-10-08T08:50:34.5071615Z Hint: make sure your test modules/packages have valid Python names.
2026-10-08T08:50:34.5072232Z Traceback:
2026-10-08T08:50:34.5072994Z /opt/hostedtoolcache/Python/3.12.15/x64/lib/python3.12/importlib/__init__.py:90: in import_module
2026-10-08T08:50:34.5074299Z     return _bootstrap._gcd_import(name[level:], package, level)
2026-10-08T08:50:34.5074846Z            ^^^^^^^^^^^^^^^^^^^^^^^^^^^^^^^^^^^^^^^^^^^^^^^^^^^^
2026-10-08T08:50:34.5075442Z tests/test_reminder_receiving.py:32: in <module>
2026-10-08T08:50:34.5076041Z     spec.loader.exec_module(bridge)
2026-10-08T08:50:34.5076604Z web-demo/python/bridge.py:7: in <module>
2026-10-08T08:50:34.5077289Z     from review import ReviewableExtractor, prepare_review
2026-10-08T08:50:34.5077981Z E   ModuleNotFoundError: No module named 'review'
2026-10-08T08:50:34.5078681Z =========================== short test summary info ============================
2026-10-08T08:50:34.5079379Z ERROR tests/test_reminder_provider_changes.py
2026-10-08T08:50:34.5079996Z ERROR tests/test_reminder_receiving.py
2026-10-08T08:50:34.5080711Z !!!!!!!!!!!!!!!!!!! Interrupted: 2 errors during collection !!!!!!!!!!!!!!!!!!!!
2026-10-08T08:50:34.5081371Z 2 errors in 0.73s
2026-10-08T08:50:34.5464771Z ##[error]Process completed with exit code 2.
2026-10-08T08:50:34.5616956Z Post job cleanup.
2026-10-08T08:50:34.6574453Z [command]/usr/bin/git version
2026-10-08T08:50:34.6631763Z git version 2.55.0
2026-10-08T08:50:34.6681389Z Temporarily overriding HOME='/home/runner/work/_temp/b93928db-123d-4352-a7da-9abd7587bc3a' before making global git config changes
2026-10-08T08:50:34.6689217Z Adding repository directory to the temporary git global config as a safe directory
2026-10-08T08:50:34.6690299Z [command]/usr/bin/git config --global --add safe.directory /home/runner/work/ledgerly/ledgerly
2026-10-08T08:50:34.6742743Z [command]/usr/bin/git config --local --name-only --get-regexp core\.sshCommand
2026-10-08T08:50:34.6799552Z [command]/usr/bin/git submodule foreach --recursive sh -c "git config --local --name-only --get-regexp 'core\.sshCommand' && git config --local --unset-all 'core.sshCommand' || :"
2026-10-08T08:50:34.7061895Z [command]/usr/bin/git config --local --name-only --get-regexp http\.https\:\/\/github\.com\/\.extraheader
2026-10-08T08:50:34.7096297Z http.https://github.com/.extraheader
2026-10-08T08:50:34.7110094Z [command]/usr/bin/git config --local --unset-all http.https://github.com/.extraheader
2026-10-08T08:50:34.7152112Z [command]/usr/bin/git submodule foreach --recursive sh -c "git config --local --name-only --get-regexp 'http\.https\:\/\/github\.com\/\.extraheader' && git config --local --unset-all 'http.https://github.com/.extraheader' || :"
2026-10-08T08:50:34.7422551Z [command]/usr/bin/git config --local --name-only --get-regexp ^includeIf\.gitdir:
2026-10-08T08:50:34.7476776Z [command]/usr/bin/git submodule foreach --recursive git config --local --show-origin --name-only --get-regexp remote.origin.url
2026-10-08T08:50:34.8102808Z Cleaning up orphan processes
2026-10-08T08:50:34.8394764Z ##[warning]Node.js 20 is deprecated. The following actions target Node.js 20 but are being forced to run on Node.js 24: actions/checkout@v4, actions/setup-python@v5. For more information see: https://github.blog/changelog/2025-09-19-deprecation-of-node-20-on-github-actions-runners/
