test_changed_provider_recipient_cannot_be_approved_with_old_review_name (test_provider_changes.ProviderChangeReceiving.test_changed_provider_recipient_cannot_be_approved_with_old_review_name) ... ok
test_delivery_metadata_and_money_format_do_not_churn_same_review (test_provider_changes.ProviderChangeReceiving.test_delivery_metadata_and_money_format_do_not_churn_same_review) ... ok
test_future_provider_due_date_blocks_redraft_as_overdue (test_provider_changes.ProviderChangeReceiving.test_future_provider_due_date_blocks_redraft_as_overdue) ... ok
test_missing_provider_due_amount_cannot_create_approval (test_provider_changes.ProviderChangeReceiving.test_missing_provider_due_amount_cannot_create_approval) ... ok
test_nonfinite_provider_read_leaves_cached_facts_and_permit_unchanged (test_provider_changes.ProviderChangeReceiving.test_nonfinite_provider_read_leaves_cached_facts_and_permit_unchanged) ... ok
test_preflight_outage_recovery_needs_explicit_retry_and_sends_once (test_provider_changes.ProviderChangeReceiving.test_preflight_outage_recovery_needs_explicit_retry_and_sends_once) ... ok
test_provider_total_edit_cannot_be_rebound_to_old_local_amount (test_provider_changes.ProviderChangeReceiving.test_provider_total_edit_cannot_be_rebound_to_old_local_amount) ... ok
test_returned_pending_snapshot_cannot_mutate_reviewed_payload (test_provider_changes.ProviderChangeReceiving.test_returned_pending_snapshot_cannot_mutate_reviewed_payload) ... ok
test_wrong_invoice_identity_read_cannot_create_approval (test_provider_changes.ProviderChangeReceiving.test_wrong_invoice_identity_read_cannot_create_approval) ... ok
test_aged_firm_reminder_requires_fresh_review (test_reminder_receiving.AgentReceiving.test_aged_firm_reminder_requires_fresh_review) ... ok
test_approval_read_failure_fails_without_outgoing_or_permit (test_reminder_receiving.AgentReceiving.test_approval_read_failure_fails_without_outgoing_or_permit) ... ok
test_delayed_old_payment_event_cannot_restore_obsolete_balance_draft (test_reminder_receiving.AgentReceiving.test_delayed_old_payment_event_cannot_restore_obsolete_balance_draft) ... ok
test_draft_read_failure_does_not_create_unverified_approval (test_reminder_receiving.AgentReceiving.test_draft_read_failure_does_not_create_unverified_approval) ... ok
test_drafting_refreshes_provider_after_missed_webhook (test_reminder_receiving.AgentReceiving.test_drafting_refreshes_provider_after_missed_webhook) ... ok
test_invoice_send_approval_unchanged_when_status_refreshed (test_reminder_receiving.AgentReceiving.test_invoice_send_approval_unchanged_when_status_refreshed) ... ok
test_missed_full_payment_stops_before_outgoing_request (test_reminder_receiving.AgentReceiving.test_missed_full_payment_stops_before_outgoing_request) ... ok
test_missed_payment_webhook_cannot_send_stale_balance (test_reminder_receiving.AgentReceiving.test_missed_payment_webhook_cannot_send_stale_balance) ... ok
test_paid_status_refresh_removes_reminder_from_pending_ui (test_reminder_receiving.AgentReceiving.test_paid_status_refresh_removes_reminder_from_pending_ui) ... ok
test_partial_payment_webhook_invalidates_old_approval (test_reminder_receiving.AgentReceiving.test_partial_payment_webhook_invalidates_old_approval) ... ok
test_provider_cancel_without_webhook_stops_before_request (test_reminder_receiving.AgentReceiving.test_provider_cancel_without_webhook_stops_before_request) ... ok
test_same_state_preserves_exact_reviewed_text_one_shot (test_reminder_receiving.AgentReceiving.test_same_state_preserves_exact_reviewed_text_one_shot) ... ok
test_status_refresh_invalidates_old_partial_payment_approval (test_reminder_receiving.AgentReceiving.test_status_refresh_invalidates_old_partial_payment_approval) ... ok
test_unchanged_verified_webhook_does_not_churn_approval (test_reminder_receiving.AgentReceiving.test_unchanged_verified_webhook_does_not_churn_approval) ... ok
test_browser_aged_approval_returns_error_and_no_false_success (test_reminder_receiving.BrowserBridgeReceiving.test_browser_aged_approval_returns_error_and_no_false_success) ... ok
test_browser_failed_preflight_read_returns_error_without_send (test_reminder_receiving.BrowserBridgeReceiving.test_browser_failed_preflight_read_returns_error_without_send) ... ok
test_browser_full_payment_existing_cancel_and_replay_preserved (test_reminder_receiving.BrowserBridgeReceiving.test_browser_full_payment_existing_cancel_and_replay_preserved) ... ok
test_browser_partial_payment_disables_old_approval_and_fresh_draft_sends_500 (test_reminder_receiving.BrowserBridgeReceiving.test_browser_partial_payment_disables_old_approval_and_fresh_draft_sends_500) ... ok

----------------------------------------------------------------------
Ran 27 tests in 0.019s

OK
