2026-10-08T14:23:43.4134461Z Current runner version: '2.337.0'
2026-10-08T14:23:43.4152326Z ##[group]Runner Image Provisioner
2026-10-08T14:23:43.4153039Z Hosted Compute Agent
2026-10-08T14:23:43.4153635Z Version: 20261002.596
2026-10-08T14:23:43.4154148Z Commit: c3d12f3313a95f25162a1503be624f3b0617f8c0
2026-10-08T14:23:43.4154787Z Build Date: 2026-10-02T22:28:27Z
2026-10-08T14:23:43.4155398Z Worker ID: {719c5e49-6981-4108-bb39-4551aa1c7310}
2026-10-08T14:23:43.4155968Z Region: centralus
2026-10-08T14:23:43.4156445Z Cloud: Azure
2026-10-08T14:23:43.4156896Z ##[endgroup]
2026-10-08T14:23:43.4157931Z ##[group]Operating System
2026-10-08T14:23:43.4158454Z Ubuntu
2026-10-08T14:23:43.4158882Z 24.04.5
2026-10-08T14:23:43.4159534Z LTS
2026-10-08T14:23:43.4159974Z ##[endgroup]
2026-10-08T14:23:43.4160427Z ##[group]Runner Image
2026-10-08T14:23:43.4160926Z Image: ubuntu-24.04
2026-10-08T14:23:43.4161386Z Version: 20261004.327.1
2026-10-08T14:23:43.4162437Z Included Software: https://github.com/actions/runner-images/blob/ubuntu24/20261004.327/images/ubuntu/Ubuntu2404-Readme.md
2026-10-08T14:23:43.4163658Z Image Release: https://github.com/actions/runner-images/releases/tag/ubuntu24%2F20261004.327
2026-10-08T14:23:43.4164446Z ##[endgroup]
2026-10-08T14:23:43.4165363Z ##[group]GITHUB_TOKEN Permissions
2026-10-08T14:23:43.4166919Z Contents: read
2026-10-08T14:23:43.4167370Z Metadata: read
2026-10-08T14:23:43.4167800Z ##[endgroup]
2026-10-08T14:23:43.4169841Z Secret source: Actions
2026-10-08T14:23:43.4170619Z Cache mode: write
2026-10-08T14:23:43.4171232Z Prepare workflow directory
2026-10-08T14:23:43.5325235Z Prepare all required actions
2026-10-08T14:23:43.5365215Z Getting action download info
2026-10-08T14:23:43.7350928Z Download action repository 'actions/checkout@v4' (SHA:11d5960a326750d5838078e36cf38b85af677262)
2026-10-08T14:23:44.4287420Z Download action repository 'actions/setup-python@v5' (SHA:a26af69be951a213d495a4c3e4e4022e16d87065)
2026-10-08T14:23:45.0104332Z Complete job name: python-core
2026-10-08T14:23:45.0836512Z ##[group]Run actions/checkout@v4
2026-10-08T14:23:45.0837770Z with:
2026-10-08T14:23:45.0838553Z   repository: Jacob-Met/ledgerly
2026-10-08T14:23:45.0846435Z   token: ***
2026-10-08T14:23:45.0847202Z   ssh-strict: true
2026-10-08T14:23:45.0847993Z   ssh-user: git
2026-10-08T14:23:45.0848813Z   persist-credentials: true
2026-10-08T14:23:45.0849791Z   clean: true
2026-10-08T14:23:45.0850651Z   sparse-checkout-cone-mode: true
2026-10-08T14:23:45.0851583Z   fetch-depth: 1
2026-10-08T14:23:45.0852347Z   fetch-tags: false
2026-10-08T14:23:45.0853160Z   show-progress: true
2026-10-08T14:23:45.0853967Z   lfs: false
2026-10-08T14:23:45.0854720Z   submodules: false
2026-10-08T14:23:45.0855545Z   set-safe-directory: true
2026-10-08T14:23:45.0856451Z   allow-unsafe-pr-checkout: false
2026-10-08T14:23:45.0857565Z ##[endgroup]
2026-10-08T14:23:45.1738620Z Syncing repository: Jacob-Met/ledgerly
2026-10-08T14:23:45.1741538Z ##[group]Getting Git version info
2026-10-08T14:23:45.1743183Z Working directory is '/home/runner/work/ledgerly/ledgerly'
2026-10-08T14:23:45.1745123Z [command]/usr/bin/git version
2026-10-08T14:23:45.1803880Z git version 2.55.0
2026-10-08T14:23:45.1836833Z ##[endgroup]
2026-10-08T14:23:45.1845596Z Temporarily overriding HOME='/home/runner/work/_temp/12cab808-5fdc-46f8-94a1-0b484c3c5de4' before making global git config changes
2026-10-08T14:23:45.1848222Z Adding repository directory to the temporary git global config as a safe directory
2026-10-08T14:23:45.1851369Z [command]/usr/bin/git config --global --add safe.directory /home/runner/work/ledgerly/ledgerly
2026-10-08T14:23:45.1884375Z Deleting the contents of '/home/runner/work/ledgerly/ledgerly'
2026-10-08T14:23:45.1888144Z ##[group]Initializing the repository
2026-10-08T14:23:45.1890700Z [command]/usr/bin/git init /home/runner/work/ledgerly/ledgerly
2026-10-08T14:23:45.1982340Z hint: Using 'master' as the name for the initial branch. This default branch name
2026-10-08T14:23:45.1984872Z hint: will change to "main" in Git 3.0. To configure the initial branch name
2026-10-08T14:23:45.1987839Z hint: to use in all of your new repositories, which will suppress this warning,
2026-10-08T14:23:45.1990174Z hint: call:
2026-10-08T14:23:45.1991911Z hint:
2026-10-08T14:23:45.1993733Z hint: 	git config --global init.defaultBranch <name>
2026-10-08T14:23:45.1995652Z hint:
2026-10-08T14:23:45.1997483Z hint: Names commonly chosen instead of 'master' are 'main', 'trunk' and
2026-10-08T14:23:45.2000431Z hint: 'development'. The just-created branch can be renamed via this command:
2026-10-08T14:23:45.2002606Z hint:
2026-10-08T14:23:45.2004085Z hint: 	git branch -m <name>
2026-10-08T14:23:45.2005433Z hint:
2026-10-08T14:23:45.2007203Z hint: Disable this message with "git config set advice.defaultBranchName false"
2026-10-08T14:23:45.2010063Z Initialized empty Git repository in /home/runner/work/ledgerly/ledgerly/.git/
2026-10-08T14:23:45.2014607Z [command]/usr/bin/git remote add origin https://github.com/Jacob-Met/ledgerly
2026-10-08T14:23:45.2034810Z ##[endgroup]
2026-10-08T14:23:45.2036714Z ##[group]Disabling automatic garbage collection
2026-10-08T14:23:45.2038069Z [command]/usr/bin/git config --local gc.auto 0
2026-10-08T14:23:45.2066189Z ##[endgroup]
2026-10-08T14:23:45.2067532Z ##[group]Setting up auth
2026-10-08T14:23:45.2072228Z [command]/usr/bin/git config --local --name-only --get-regexp core\.sshCommand
2026-10-08T14:23:45.2108251Z [command]/usr/bin/git submodule foreach --recursive sh -c "git config --local --name-only --get-regexp 'core\.sshCommand' && git config --local --unset-all 'core.sshCommand' || :"
2026-10-08T14:23:45.2406183Z [command]/usr/bin/git config --local --name-only --get-regexp http\.https\:\/\/github\.com\/\.extraheader
2026-10-08T14:23:45.2433226Z [command]/usr/bin/git submodule foreach --recursive sh -c "git config --local --name-only --get-regexp 'http\.https\:\/\/github\.com\/\.extraheader' && git config --local --unset-all 'http.https://github.com/.extraheader' || :"
2026-10-08T14:23:45.2604922Z [command]/usr/bin/git config --local --name-only --get-regexp ^includeIf\.gitdir:
2026-10-08T14:23:45.2628414Z [command]/usr/bin/git submodule foreach --recursive git config --local --show-origin --name-only --get-regexp remote.origin.url
2026-10-08T14:23:45.2784981Z [command]/usr/bin/git config --local http.https://github.com/.extraheader AUTHORIZATION: basic ***
2026-10-08T14:23:45.2813879Z ##[endgroup]
2026-10-08T14:23:45.2816006Z ##[group]Fetching the repository
2026-10-08T14:23:45.2823930Z [command]/usr/bin/git -c protocol.version=2 fetch --no-tags --prune --no-recurse-submodules --depth=1 origin +01fc8a6b9677160ec9417845c492af74d741640d:refs/remotes/pull/35/merge
2026-10-08T14:23:46.0852774Z From https://github.com/Jacob-Met/ledgerly
2026-10-08T14:23:46.0853431Z  * [new ref]         01fc8a6b9677160ec9417845c492af74d741640d -> pull/35/merge
2026-10-08T14:23:46.0857482Z ##[endgroup]
2026-10-08T14:23:46.0861075Z ##[group]Determining the checkout info
2026-10-08T14:23:46.0861689Z ##[endgroup]
2026-10-08T14:23:46.0867765Z [command]/usr/bin/git sparse-checkout disable
2026-10-08T14:23:46.0913873Z [command]/usr/bin/git config --local --unset-all extensions.worktreeConfig
2026-10-08T14:23:46.0951287Z ##[group]Checking out the ref
2026-10-08T14:23:46.0954680Z [command]/usr/bin/git checkout --progress --force refs/remotes/pull/35/merge
2026-10-08T14:23:46.1311249Z Note: switching to 'refs/remotes/pull/35/merge'.
2026-10-08T14:23:46.1311671Z 
2026-10-08T14:23:46.1312158Z You are in 'detached HEAD' state. You can look around, make experimental
2026-10-08T14:23:46.1313059Z changes and commit them, and you can discard any commits you make in this
2026-10-08T14:23:46.1313809Z state without impacting any branches by switching back to a branch.
2026-10-08T14:23:46.1314288Z 
2026-10-08T14:23:46.1314592Z If you want to create a new branch to retain commits you create, you may
2026-10-08T14:23:46.1315286Z do so (now or later) by using -c with the switch command. Example:
2026-10-08T14:23:46.1315628Z 
2026-10-08T14:23:46.1315964Z   git switch -c <new-branch-name>
2026-10-08T14:23:46.1316252Z 
2026-10-08T14:23:46.1316644Z Or undo this operation with:
2026-10-08T14:23:46.1316922Z 
2026-10-08T14:23:46.1317055Z   git switch -
2026-10-08T14:23:46.1317294Z 
2026-10-08T14:23:46.1317650Z Turn off this advice by setting config variable advice.detachedHead to false
2026-10-08T14:23:46.1318087Z 
2026-10-08T14:23:46.1318410Z HEAD is now at 01fc8a6 Merge 43bc2a7d7614dd61d0197835d454487769e9cd1b into b9c24ace6b57a17215a53c50b674bd187d13f8ed
2026-10-08T14:23:46.1322197Z ##[endgroup]
2026-10-08T14:23:46.1356839Z [command]/usr/bin/git log -1 --format=%H
2026-10-08T14:23:46.1376548Z 01fc8a6b9677160ec9417845c492af74d741640d
2026-10-08T14:23:46.1606086Z ##[group]Run actions/setup-python@v5
2026-10-08T14:23:46.1606430Z with:
2026-10-08T14:23:46.1606689Z   python-version: 3.12
2026-10-08T14:23:46.1606969Z   check-latest: false
2026-10-08T14:23:46.1609709Z   token: ***
2026-10-08T14:23:46.1610023Z   update-environment: true
2026-10-08T14:23:46.1610314Z   allow-prereleases: false
2026-10-08T14:23:46.1610592Z   freethreaded: false
2026-10-08T14:23:46.1610873Z ##[endgroup]
2026-10-08T14:23:46.2679664Z ##[group]Installed versions
2026-10-08T14:23:46.2793608Z (node:2100) [DEP0040] DeprecationWarning: The `punycode` module is deprecated. Please use a userland alternative instead.
2026-10-08T14:23:46.2794538Z (Use `node --trace-deprecation ...` to show where the warning was created)
2026-10-08T14:23:46.2795105Z Successfully set up CPython (3.12.15)
2026-10-08T14:23:46.2795728Z ##[endgroup]
2026-10-08T14:23:46.2927562Z ##[group]Run python -m pip install pytest
2026-10-08T14:23:46.2927996Z [36;1mpython -m pip install pytest[0m
2026-10-08T14:23:46.3131544Z shell: /usr/bin/bash -e {0}
2026-10-08T14:23:46.3131899Z env:
2026-10-08T14:23:46.3132330Z   pythonLocation: /opt/hostedtoolcache/Python/3.12.15/x64
2026-10-08T14:23:46.3132829Z   PKG_CONFIG_PATH: /opt/hostedtoolcache/Python/3.12.15/x64/lib/pkgconfig
2026-10-08T14:23:46.3133299Z   Python_ROOT_DIR: /opt/hostedtoolcache/Python/3.12.15/x64
2026-10-08T14:23:46.3133707Z   Python2_ROOT_DIR: /opt/hostedtoolcache/Python/3.12.15/x64
2026-10-08T14:23:46.3134135Z   Python3_ROOT_DIR: /opt/hostedtoolcache/Python/3.12.15/x64
2026-10-08T14:23:46.3134561Z   LD_LIBRARY_PATH: /opt/hostedtoolcache/Python/3.12.15/x64/lib
2026-10-08T14:23:46.3134908Z ##[endgroup]
2026-10-08T14:23:47.0441292Z Collecting pytest
2026-10-08T14:23:47.1214173Z   Downloading pytest-9.1.1-py3-none-any.whl.metadata (7.6 kB)
2026-10-08T14:23:47.1409365Z Collecting iniconfig>=1.0.1 (from pytest)
2026-10-08T14:23:47.1507021Z   Downloading iniconfig-2.3.1-py3-none-any.whl.metadata (2.8 kB)
2026-10-08T14:23:47.1725921Z Collecting packaging>=22 (from pytest)
2026-10-08T14:23:47.1830519Z   Downloading packaging-26.3-py3-none-any.whl.metadata (3.5 kB)
2026-10-08T14:23:47.2078248Z Collecting pluggy<2,>=1.5 (from pytest)
2026-10-08T14:23:47.2176081Z   Downloading pluggy-1.6.0-py3-none-any.whl.metadata (4.8 kB)
2026-10-08T14:23:47.2463914Z Collecting pygments>=2.7.2 (from pytest)
2026-10-08T14:23:47.2579890Z   Downloading pygments-2.21.0-py3-none-any.whl.metadata (2.5 kB)
2026-10-08T14:23:47.2755463Z Downloading pytest-9.1.1-py3-none-any.whl (386 kB)
2026-10-08T14:23:47.3925085Z Downloading pluggy-1.6.0-py3-none-any.whl (20 kB)
2026-10-08T14:23:47.4044208Z Downloading iniconfig-2.3.1-py3-none-any.whl (7.6 kB)
2026-10-08T14:23:47.4176621Z Downloading packaging-26.3-py3-none-any.whl (129 kB)
2026-10-08T14:23:47.4596324Z Downloading pygments-2.21.0-py3-none-any.whl (1.3 MB)
2026-10-08T14:23:47.7664755Z    ━━━━━━━━━━━━━━━━━━━━━━━━━━━━━━━━━━━━━━━━ 1.3/1.3 MB 4.8 MB/s  0:00:00
2026-10-08T14:23:47.8106473Z Installing collected packages: pygments, pluggy, packaging, iniconfig, pytest
2026-10-08T14:23:48.5852365Z 
2026-10-08T14:23:48.5863156Z Successfully installed iniconfig-2.3.1 packaging-26.3 pluggy-1.6.0 pygments-2.21.0 pytest-9.1.1
2026-10-08T14:23:48.6368486Z ##[group]Run python -m pytest -q
2026-10-08T14:23:48.6368847Z [36;1mpython -m pytest -q[0m
2026-10-08T14:23:48.6403570Z shell: /usr/bin/bash -e {0}
2026-10-08T14:23:48.6403896Z env:
2026-10-08T14:23:48.6404417Z   pythonLocation: /opt/hostedtoolcache/Python/3.12.15/x64
2026-10-08T14:23:48.6404884Z   PKG_CONFIG_PATH: /opt/hostedtoolcache/Python/3.12.15/x64/lib/pkgconfig
2026-10-08T14:23:48.6405312Z   Python_ROOT_DIR: /opt/hostedtoolcache/Python/3.12.15/x64
2026-10-08T14:23:48.6405713Z   Python2_ROOT_DIR: /opt/hostedtoolcache/Python/3.12.15/x64
2026-10-08T14:23:48.6406112Z   Python3_ROOT_DIR: /opt/hostedtoolcache/Python/3.12.15/x64
2026-10-08T14:23:48.6406508Z   LD_LIBRARY_PATH: /opt/hostedtoolcache/Python/3.12.15/x64/lib
2026-10-08T14:23:48.6406893Z ##[endgroup]
2026-10-08T14:23:49.5375870Z ................................................................... [ 32%]
2026-10-08T14:23:49.5732893Z ........................................ [ 52%]
2026-10-08T14:23:49.6554177Z .............................................. [ 74%]
2026-10-08T14:23:49.7738719Z ....................................... [ 93%]
2026-10-08T14:23:49.8103280Z .............                                                            [100%]
2026-10-08T14:23:49.8104095Z 205 passed, 96 subtests passed in 0.82s
2026-10-08T14:23:49.8514990Z Post job cleanup.
2026-10-08T14:23:49.9487154Z (node:2139) [DEP0040] DeprecationWarning: The `punycode` module is deprecated. Please use a userland alternative instead.
2026-10-08T14:23:49.9488117Z (Use `node --trace-deprecation ...` to show where the warning was created)
2026-10-08T14:23:49.9648196Z Post job cleanup.
2026-10-08T14:23:50.0342271Z [command]/usr/bin/git version
2026-10-08T14:23:50.0373190Z git version 2.55.0
2026-10-08T14:23:50.0401908Z Temporarily overriding HOME='/home/runner/work/_temp/ca05da7a-d077-4d8d-9d75-61ae864a2e26' before making global git config changes
2026-10-08T14:23:50.0403265Z Adding repository directory to the temporary git global config as a safe directory
2026-10-08T14:23:50.0406785Z [command]/usr/bin/git config --global --add safe.directory /home/runner/work/ledgerly/ledgerly
2026-10-08T14:23:50.0439752Z [command]/usr/bin/git config --local --name-only --get-regexp core\.sshCommand
2026-10-08T14:23:50.0467342Z [command]/usr/bin/git submodule foreach --recursive sh -c "git config --local --name-only --get-regexp 'core\.sshCommand' && git config --local --unset-all 'core.sshCommand' || :"
2026-10-08T14:23:50.0648671Z [command]/usr/bin/git config --local --name-only --get-regexp http\.https\:\/\/github\.com\/\.extraheader
2026-10-08T14:23:50.0667910Z http.https://github.com/.extraheader
2026-10-08T14:23:50.0677905Z [command]/usr/bin/git config --local --unset-all http.https://github.com/.extraheader
2026-10-08T14:23:50.0705439Z [command]/usr/bin/git submodule foreach --recursive sh -c "git config --local --name-only --get-regexp 'http\.https\:\/\/github\.com\/\.extraheader' && git config --local --unset-all 'http.https://github.com/.extraheader' || :"
2026-10-08T14:23:50.0875974Z [command]/usr/bin/git config --local --name-only --get-regexp ^includeIf\.gitdir:
2026-10-08T14:23:50.0903377Z [command]/usr/bin/git submodule foreach --recursive git config --local --show-origin --name-only --get-regexp remote.origin.url
2026-10-08T14:23:50.1198429Z Cleaning up orphan processes
2026-10-08T14:23:50.1392672Z ##[warning]Node.js 20 is deprecated. The following actions target Node.js 20 but are being forced to run on Node.js 24: actions/checkout@v4, actions/setup-python@v5. For more information see: https://github.blog/changelog/2025-09-19-deprecation-of-node-20-on-github-actions-runners/
