2026-10-08T14:53:35.3585549Z Current runner version: '2.337.0'
2026-10-08T14:53:35.3622396Z ##[group]Runner Image Provisioner
2026-10-08T14:53:35.3623919Z Hosted Compute Agent
2026-10-08T14:53:35.3625044Z Version: 20261002.596
2026-10-08T14:53:35.3626118Z Commit: c3d12f3313a95f25162a1503be624f3b0617f8c0
2026-10-08T14:53:35.3627591Z Build Date: 2026-10-02T22:28:27Z
2026-10-08T14:53:35.3628873Z Worker ID: {c443e0fc-a4fe-4a9d-bcd2-843ea6bf762b}
2026-10-08T14:53:35.3630274Z Region: eastus
2026-10-08T14:53:35.3631591Z Cloud: Azure
2026-10-08T14:53:35.3632727Z ##[endgroup]
2026-10-08T14:53:35.3635608Z ##[group]Operating System
2026-10-08T14:53:35.3636837Z Ubuntu
2026-10-08T14:53:35.3638569Z 24.04.5
2026-10-08T14:53:35.3639791Z LTS
2026-10-08T14:53:35.3640913Z ##[endgroup]
2026-10-08T14:53:35.3642452Z ##[group]Runner Image
2026-10-08T14:53:35.3643636Z Image: ubuntu-24.04
2026-10-08T14:53:35.3644618Z Version: 20261004.327.1
2026-10-08T14:53:35.3647364Z Included Software: https://github.com/actions/runner-images/blob/ubuntu24/20261004.327/images/ubuntu/Ubuntu2404-Readme.md
2026-10-08T14:53:35.3650391Z Image Release: https://github.com/actions/runner-images/releases/tag/ubuntu24%2F20261004.327
2026-10-08T14:53:35.3652467Z ##[endgroup]
2026-10-08T14:53:35.3654541Z ##[group]GITHUB_TOKEN Permissions
2026-10-08T14:53:35.3657533Z Contents: read
2026-10-08T14:53:35.3658550Z Metadata: read
2026-10-08T14:53:35.3659620Z ##[endgroup]
2026-10-08T14:53:35.3663085Z Secret source: Actions
2026-10-08T14:53:35.3664847Z Cache mode: write
2026-10-08T14:53:35.3666370Z Prepare workflow directory
2026-10-08T14:53:35.4149283Z Prepare all required actions
2026-10-08T14:53:35.4215026Z Getting action download info
2026-10-08T14:53:35.5967768Z Download action repository 'actions/checkout@v4' (SHA:11d5960a326750d5838078e36cf38b85af677262)
2026-10-08T14:53:35.7032397Z Download action repository 'actions/setup-python@v5' (SHA:a26af69be951a213d495a4c3e4e4022e16d87065)
2026-10-08T14:53:35.9164186Z Complete job name: python-core
2026-10-08T14:53:36.0016200Z ##[group]Run actions/checkout@v4
2026-10-08T14:53:36.0017153Z with:
2026-10-08T14:53:36.0017745Z   repository: Jacob-Met/ledgerly
2026-10-08T14:53:36.0022198Z   token: ***
2026-10-08T14:53:36.0022692Z   ssh-strict: true
2026-10-08T14:53:36.0023168Z   ssh-user: git
2026-10-08T14:53:36.0023646Z   persist-credentials: true
2026-10-08T14:53:36.0024159Z   clean: true
2026-10-08T14:53:36.0024620Z   sparse-checkout-cone-mode: true
2026-10-08T14:53:36.0025158Z   fetch-depth: 1
2026-10-08T14:53:36.0025596Z   fetch-tags: false
2026-10-08T14:53:36.0026050Z   show-progress: true
2026-10-08T14:53:36.0026865Z   lfs: false
2026-10-08T14:53:36.0027322Z   submodules: false
2026-10-08T14:53:36.0027791Z   set-safe-directory: true
2026-10-08T14:53:36.0028336Z   allow-unsafe-pr-checkout: false
2026-10-08T14:53:36.0029449Z ##[endgroup]
2026-10-08T14:53:36.1330162Z Syncing repository: Jacob-Met/ledgerly
2026-10-08T14:53:36.1333113Z ##[group]Getting Git version info
2026-10-08T14:53:36.1334419Z Working directory is '/home/runner/work/ledgerly/ledgerly'
2026-10-08T14:53:36.1336086Z [command]/usr/bin/git version
2026-10-08T14:53:36.1398363Z git version 2.55.0
2026-10-08T14:53:36.1421825Z ##[endgroup]
2026-10-08T14:53:36.1437378Z Temporarily overriding HOME='/home/runner/work/_temp/913b32fd-c8f6-4669-a5e0-cf6124952965' before making global git config changes
2026-10-08T14:53:36.1439826Z Adding repository directory to the temporary git global config as a safe directory
2026-10-08T14:53:36.1443201Z [command]/usr/bin/git config --global --add safe.directory /home/runner/work/ledgerly/ledgerly
2026-10-08T14:53:36.1506381Z Deleting the contents of '/home/runner/work/ledgerly/ledgerly'
2026-10-08T14:53:36.1508757Z ##[group]Initializing the repository
2026-10-08T14:53:36.1511756Z [command]/usr/bin/git init /home/runner/work/ledgerly/ledgerly
2026-10-08T14:53:36.1639918Z hint: Using 'master' as the name for the initial branch. This default branch name
2026-10-08T14:53:36.1642348Z hint: will change to "main" in Git 3.0. To configure the initial branch name
2026-10-08T14:53:36.1644400Z hint: to use in all of your new repositories, which will suppress this warning,
2026-10-08T14:53:36.1645789Z hint: call:
2026-10-08T14:53:36.1646525Z hint:
2026-10-08T14:53:36.1652627Z hint: 	git config --global init.defaultBranch <name>
2026-10-08T14:53:36.1653659Z hint:
2026-10-08T14:53:36.1654578Z hint: Names commonly chosen instead of 'master' are 'main', 'trunk' and
2026-10-08T14:53:36.1656183Z hint: 'development'. The just-created branch can be renamed via this command:
2026-10-08T14:53:36.1657568Z hint:
2026-10-08T14:53:36.1658326Z hint: 	git branch -m <name>
2026-10-08T14:53:36.1659217Z hint:
2026-10-08T14:53:36.1660309Z hint: Disable this message with "git config set advice.defaultBranchName false"
2026-10-08T14:53:36.1662283Z Initialized empty Git repository in /home/runner/work/ledgerly/ledgerly/.git/
2026-10-08T14:53:36.1670425Z [command]/usr/bin/git remote add origin https://github.com/Jacob-Met/ledgerly
2026-10-08T14:53:36.1726694Z ##[endgroup]
2026-10-08T14:53:36.1728366Z ##[group]Disabling automatic garbage collection
2026-10-08T14:53:36.1731204Z [command]/usr/bin/git config --local gc.auto 0
2026-10-08T14:53:36.1774881Z ##[endgroup]
2026-10-08T14:53:36.1776103Z ##[group]Setting up auth
2026-10-08T14:53:36.1784609Z [command]/usr/bin/git config --local --name-only --get-regexp core\.sshCommand
2026-10-08T14:53:36.1822990Z [command]/usr/bin/git submodule foreach --recursive sh -c "git config --local --name-only --get-regexp 'core\.sshCommand' && git config --local --unset-all 'core.sshCommand' || :"
2026-10-08T14:53:36.2251821Z [command]/usr/bin/git config --local --name-only --get-regexp http\.https\:\/\/github\.com\/\.extraheader
2026-10-08T14:53:36.2292669Z [command]/usr/bin/git submodule foreach --recursive sh -c "git config --local --name-only --get-regexp 'http\.https\:\/\/github\.com\/\.extraheader' && git config --local --unset-all 'http.https://github.com/.extraheader' || :"
2026-10-08T14:53:36.2533252Z [command]/usr/bin/git config --local --name-only --get-regexp ^includeIf\.gitdir:
2026-10-08T14:53:36.2569923Z [command]/usr/bin/git submodule foreach --recursive git config --local --show-origin --name-only --get-regexp remote.origin.url
2026-10-08T14:53:36.2804685Z [command]/usr/bin/git config --local http.https://github.com/.extraheader AUTHORIZATION: basic ***
2026-10-08T14:53:36.2847632Z ##[endgroup]
2026-10-08T14:53:36.2849111Z ##[group]Fetching the repository
2026-10-08T14:53:36.2859132Z [command]/usr/bin/git -c protocol.version=2 fetch --no-tags --prune --no-recurse-submodules --depth=1 origin +8a122cf637610880e23716823a5eb71d78187391:refs/remotes/origin/main
2026-10-08T14:53:36.5839619Z From https://github.com/Jacob-Met/ledgerly
2026-10-08T14:53:36.5842373Z  * [new ref]         8a122cf637610880e23716823a5eb71d78187391 -> origin/main
2026-10-08T14:53:36.5846168Z ##[endgroup]
2026-10-08T14:53:36.5847876Z ##[group]Determining the checkout info
2026-10-08T14:53:36.5849938Z ##[endgroup]
2026-10-08T14:53:36.5856857Z [command]/usr/bin/git sparse-checkout disable
2026-10-08T14:53:36.5911085Z [command]/usr/bin/git config --local --unset-all extensions.worktreeConfig
2026-10-08T14:53:36.5944382Z ##[group]Checking out the ref
2026-10-08T14:53:36.5948386Z [command]/usr/bin/git checkout --progress --force -B main refs/remotes/origin/main
2026-10-08T14:53:36.6463182Z Switched to a new branch 'main'
2026-10-08T14:53:36.6466758Z branch 'main' set up to track 'origin/main'.
2026-10-08T14:53:36.6476373Z ##[endgroup]
2026-10-08T14:53:36.6525820Z [command]/usr/bin/git log -1 --format=%H
2026-10-08T14:53:36.6552872Z 8a122cf637610880e23716823a5eb71d78187391
2026-10-08T14:53:36.6858013Z ##[group]Run actions/setup-python@v5
2026-10-08T14:53:36.6858737Z with:
2026-10-08T14:53:36.6859222Z   python-version: 3.12
2026-10-08T14:53:36.6859760Z   check-latest: false
2026-10-08T14:53:36.6864145Z   token: ***
2026-10-08T14:53:36.6864663Z   update-environment: true
2026-10-08T14:53:36.6865223Z   allow-prereleases: false
2026-10-08T14:53:36.6865768Z   freethreaded: false
2026-10-08T14:53:36.6866278Z ##[endgroup]
2026-10-08T14:53:36.8223464Z ##[group]Installed versions
2026-10-08T14:53:36.8334793Z (node:2298) [DEP0040] DeprecationWarning: The `punycode` module is deprecated. Please use a userland alternative instead.
2026-10-08T14:53:36.8337028Z (Use `node --trace-deprecation ...` to show where the warning was created)
2026-10-08T14:53:36.8338093Z Successfully set up CPython (3.12.15)
2026-10-08T14:53:36.8339367Z ##[endgroup]
2026-10-08T14:53:36.8564049Z ##[group]Run python -m pip install pytest
2026-10-08T14:53:36.8565209Z [36;1mpython -m pip install pytest[0m
2026-10-08T14:53:36.8862524Z shell: /usr/bin/bash -e {0}
2026-10-08T14:53:36.8863349Z env:
2026-10-08T14:53:36.8864166Z   pythonLocation: /opt/hostedtoolcache/Python/3.12.15/x64
2026-10-08T14:53:36.8865781Z   PKG_CONFIG_PATH: /opt/hostedtoolcache/Python/3.12.15/x64/lib/pkgconfig
2026-10-08T14:53:36.8867368Z   Python_ROOT_DIR: /opt/hostedtoolcache/Python/3.12.15/x64
2026-10-08T14:53:36.8868739Z   Python2_ROOT_DIR: /opt/hostedtoolcache/Python/3.12.15/x64
2026-10-08T14:53:36.8870118Z   Python3_ROOT_DIR: /opt/hostedtoolcache/Python/3.12.15/x64
2026-10-08T14:53:36.8936996Z   LD_LIBRARY_PATH: /opt/hostedtoolcache/Python/3.12.15/x64/lib
2026-10-08T14:53:36.8938318Z ##[endgroup]
2026-10-08T14:53:37.7737291Z Collecting pytest
2026-10-08T14:53:37.8461771Z   Downloading pytest-9.1.1-py3-none-any.whl.metadata (7.6 kB)
2026-10-08T14:53:37.8623123Z Collecting iniconfig>=1.0.1 (from pytest)
2026-10-08T14:53:37.8663796Z   Downloading iniconfig-2.3.1-py3-none-any.whl.metadata (2.8 kB)
2026-10-08T14:53:37.8818570Z Collecting packaging>=22 (from pytest)
2026-10-08T14:53:37.8856858Z   Downloading packaging-26.3-py3-none-any.whl.metadata (3.5 kB)
2026-10-08T14:53:37.8979820Z Collecting pluggy<2,>=1.5 (from pytest)
2026-10-08T14:53:37.9015459Z   Downloading pluggy-1.6.0-py3-none-any.whl.metadata (4.8 kB)
2026-10-08T14:53:37.9220285Z Collecting pygments>=2.7.2 (from pytest)
2026-10-08T14:53:37.9280759Z   Downloading pygments-2.21.0-py3-none-any.whl.metadata (2.5 kB)
2026-10-08T14:53:37.9365426Z Downloading pytest-9.1.1-py3-none-any.whl (386 kB)
2026-10-08T14:53:37.9583160Z Downloading pluggy-1.6.0-py3-none-any.whl (20 kB)
2026-10-08T14:53:37.9663541Z Downloading iniconfig-2.3.1-py3-none-any.whl (7.6 kB)
2026-10-08T14:53:37.9726049Z Downloading packaging-26.3-py3-none-any.whl (129 kB)
2026-10-08T14:53:37.9791703Z Downloading pygments-2.21.0-py3-none-any.whl (1.3 MB)
2026-10-08T14:53:37.9932100Z    ━━━━━━━━━━━━━━━━━━━━━━━━━━━━━━━━━━━━━━━━ 1.3/1.3 MB 108.1 MB/s  0:00:00
2026-10-08T14:53:38.0510163Z Installing collected packages: pygments, pluggy, packaging, iniconfig, pytest
2026-10-08T14:53:39.1680833Z 
2026-10-08T14:53:39.1694555Z Successfully installed iniconfig-2.3.1 packaging-26.3 pluggy-1.6.0 pygments-2.21.0 pytest-9.1.1
2026-10-08T14:53:39.2231057Z ##[group]Run python -m pytest -q
2026-10-08T14:53:39.2231849Z [36;1mpython -m pytest -q[0m
2026-10-08T14:53:39.2298169Z shell: /usr/bin/bash -e {0}
2026-10-08T14:53:39.2298434Z env:
2026-10-08T14:53:39.2298721Z   pythonLocation: /opt/hostedtoolcache/Python/3.12.15/x64
2026-10-08T14:53:39.2299195Z   PKG_CONFIG_PATH: /opt/hostedtoolcache/Python/3.12.15/x64/lib/pkgconfig
2026-10-08T14:53:39.2299645Z   Python_ROOT_DIR: /opt/hostedtoolcache/Python/3.12.15/x64
2026-10-08T14:53:39.2300038Z   Python2_ROOT_DIR: /opt/hostedtoolcache/Python/3.12.15/x64
2026-10-08T14:53:39.2300423Z   Python3_ROOT_DIR: /opt/hostedtoolcache/Python/3.12.15/x64
2026-10-08T14:53:39.2300805Z   LD_LIBRARY_PATH: /opt/hostedtoolcache/Python/3.12.15/x64/lib
2026-10-08T14:53:39.2301129Z ##[endgroup]
2026-10-08T14:53:40.2914961Z ................................................................... [ 32%]
2026-10-08T14:53:40.3447442Z ........................................ [ 52%]
2026-10-08T14:53:40.4572203Z .............................................. [ 74%]
2026-10-08T14:53:40.6144080Z ....................................... [ 93%]
2026-10-08T14:53:40.6584087Z .............                                                            [100%]
2026-10-08T14:53:40.6585021Z 205 passed, 96 subtests passed in 1.10s
2026-10-08T14:53:40.7012481Z Post job cleanup.
2026-10-08T14:53:40.8193176Z (node:2336) [DEP0040] DeprecationWarning: The `punycode` module is deprecated. Please use a userland alternative instead.
2026-10-08T14:53:40.8194165Z (Use `node --trace-deprecation ...` to show where the warning was created)
2026-10-08T14:53:40.8419037Z Post job cleanup.
2026-10-08T14:53:40.9308054Z [command]/usr/bin/git version
2026-10-08T14:53:40.9350247Z git version 2.55.0
2026-10-08T14:53:40.9393501Z Temporarily overriding HOME='/home/runner/work/_temp/cc78c0b3-7880-41df-a5ad-ee65e496de64' before making global git config changes
2026-10-08T14:53:40.9394963Z Adding repository directory to the temporary git global config as a safe directory
2026-10-08T14:53:40.9398336Z [command]/usr/bin/git config --global --add safe.directory /home/runner/work/ledgerly/ledgerly
2026-10-08T14:53:40.9439771Z [command]/usr/bin/git config --local --name-only --get-regexp core\.sshCommand
2026-10-08T14:53:40.9476357Z [command]/usr/bin/git submodule foreach --recursive sh -c "git config --local --name-only --get-regexp 'core\.sshCommand' && git config --local --unset-all 'core.sshCommand' || :"
2026-10-08T14:53:40.9724025Z [command]/usr/bin/git config --local --name-only --get-regexp http\.https\:\/\/github\.com\/\.extraheader
2026-10-08T14:53:40.9756630Z http.https://github.com/.extraheader
2026-10-08T14:53:40.9769045Z [command]/usr/bin/git config --local --unset-all http.https://github.com/.extraheader
2026-10-08T14:53:40.9810045Z [command]/usr/bin/git submodule foreach --recursive sh -c "git config --local --name-only --get-regexp 'http\.https\:\/\/github\.com\/\.extraheader' && git config --local --unset-all 'http.https://github.com/.extraheader' || :"
2026-10-08T14:53:41.0072341Z [command]/usr/bin/git config --local --name-only --get-regexp ^includeIf\.gitdir:
2026-10-08T14:53:41.0107333Z [command]/usr/bin/git submodule foreach --recursive git config --local --show-origin --name-only --get-regexp remote.origin.url
2026-10-08T14:53:41.0534387Z Cleaning up orphan processes
2026-10-08T14:53:41.0934540Z ##[warning]Node.js 20 is deprecated. The following actions target Node.js 20 but are being forced to run on Node.js 24: actions/checkout@v4, actions/setup-python@v5. For more information see: https://github.blog/changelog/2025-09-19-deprecation-of-node-20-on-github-actions-runners/
