test_approved_prior_deposit_still_uses_the_existing_gate (test_sandbox_payment_admission.SandboxPaymentAdmissionTests.test_approved_prior_deposit_still_uses_the_existing_gate) ... ok
test_blank_null_and_absent_amount_keep_explicit_full_balance_behavior (test_sandbox_payment_admission.SandboxPaymentAdmissionTests.test_blank_null_and_absent_amount_keep_explicit_full_balance_behavior) ... ok
test_currency_exact_partial_and_full_payments_preserve_existing_values (test_sandbox_payment_admission.SandboxPaymentAdmissionTests.test_currency_exact_partial_and_full_payments_preserve_existing_values) ... ok
test_decimal_recalculation_failure_preserves_record_for_normal_context_retry (test_sandbox_payment_admission.SandboxPaymentAdmissionTests.test_decimal_recalculation_failure_preserves_record_for_normal_context_retry) ... ok
test_external_payment_uses_the_same_refusal_before_record_mutation (test_sandbox_payment_admission.SandboxPaymentAdmissionTests.test_external_payment_uses_the_same_refusal_before_record_mutation) ... ok
test_invalid_native_amounts_leave_invoice_unchanged_and_allow_same_instance_retry (test_sandbox_payment_admission.SandboxPaymentAdmissionTests.test_invalid_native_amounts_leave_invoice_unchanged_and_allow_same_instance_retry) ... ok
test_postcommit_webhook_read_failure_keeps_existing_replay_semantics (test_sandbox_payment_admission.SandboxPaymentAdmissionTests.test_postcommit_webhook_read_failure_keeps_existing_replay_semantics) ... ok
test_recalculation_exception_preserves_record_and_valid_retry (test_sandbox_payment_admission.SandboxPaymentAdmissionTests.test_recalculation_exception_preserves_record_and_valid_retry) ... ok
test_refusal_keeps_existing_webhook_and_pending_reminder_review (test_sandbox_payment_admission.SandboxPaymentAdmissionTests.test_refusal_keeps_existing_webhook_and_pending_reminder_review) ... ok
test_rounded_invoice_total_remains_payable_after_repeated_input_refusals (test_sandbox_payment_admission.SandboxPaymentAdmissionTests.test_rounded_invoice_total_remains_payable_after_repeated_input_refusals) ... ok
test_supplied_zero_and_malformed_json_do_not_become_full_payments (test_sandbox_payment_admission.SandboxPaymentAdmissionTests.test_supplied_zero_and_malformed_json_do_not_become_full_payments) ... ok
test_zero_decimal_currency_refuses_fraction_without_changing_the_invoice (test_sandbox_payment_admission.SandboxPaymentAdmissionTests.test_zero_decimal_currency_refuses_fraction_without_changing_the_invoice) ... ok
test_detached_nested_records_do_not_expose_other_invoices_or_mutate_state (test_browser_invoice_details.InvoiceDetailsTests.test_detached_nested_records_do_not_expose_other_invoices_or_mutate_state) ... ok
test_missing_or_mismatched_retained_identity_is_not_substituted (test_browser_invoice_details.InvoiceDetailsTests.test_missing_or_mismatched_retained_identity_is_not_substituted) ... ok
test_multi_currency_identity_and_zero_decimal_values_stay_separate (test_browser_invoice_details.InvoiceDetailsTests.test_multi_currency_identity_and_zero_decimal_values_stay_separate) ... ok
test_new_analysis_and_rejected_action_preserve_the_original_record (test_browser_invoice_details.InvoiceDetailsTests.test_new_analysis_and_rejected_action_preserve_the_original_record) ... ok
test_original_items_and_recipient_remain_after_explicit_approval (test_browser_invoice_details.InvoiceDetailsTests.test_original_items_and_recipient_remain_after_explicit_approval) ... ok
test_payments_and_reminders_update_details_without_an_inspection_request (test_browser_invoice_details.InvoiceDetailsTests.test_payments_and_reminders_update_details_without_an_inspection_request) ... ok
test_provider_changes_and_original_decimal_text_are_copied_without_recalculation (test_browser_invoice_details.InvoiceDetailsTests.test_provider_changes_and_original_decimal_text_are_copied_without_recalculation) ... ok
test_reset_removes_details_together_with_the_ledger (test_browser_invoice_details.InvoiceDetailsTests.test_reset_removes_details_together_with_the_ledger) ... ok

----------------------------------------------------------------------
Ran 20 tests in 0.080s

OK
