F                                                                        [100%]
=================================== FAILURES ===================================
_ InvoiceDetailsTests.test_original_items_and_recipient_remain_after_explicit_approval _

self = <test_browser_invoice_details.InvoiceDetailsTests testMethod=test_original_items_and_recipient_remain_after_explicit_approval>

    def test_original_items_and_recipient_remain_after_explicit_approval(self):
        before = self.draft()
        self.assertEqual(before["mock_requests"], 3)
>       original = self.record(before)
                   ^^^^^^^^^^^^^^^^^^^

tests/test_browser_invoice_details.py:41: 
_ _ _ _ _ _ _ _ _ _ _ _ _ _ _ _ _ _ _ _ _ _ _ _ _ _ _ _ _ _ _ _ _ _ _ _ _ _ _ _ 

self = <test_browser_invoice_details.InvoiceDetailsTests testMethod=test_original_items_and_recipient_remain_after_explicit_approval>
snapshot = {'audit': [{'action': 'apv_fe28131baa', 'at': '2026-10-08T12:56:30.559980+00:00', 'event': 'queued', 'invoice': 'INV2-...ce': '1320', 'client_email': 'maya.chen@brightfern.example', 'client_name': 'Maya Chen', 'currency': 'USD', ...}], ...}
invoice_id = 'INV2-MOCK-0001-0A76'

    def record(self, snapshot, invoice_id=None):
        invoice_id = invoice_id or snapshot["ledger"][0]["invoice_id"]
>       return next(row["record"] for row in snapshot["invoice_details"] if row["invoice_id"] == invoice_id)
                                             ^^^^^^^^^^^^^^^^^^^^^^^^^^^
E       KeyError: 'invoice_details'

tests/test_browser_invoice_details.py:31: KeyError
=========================== short test summary info ============================
FAILED tests/test_browser_invoice_details.py::InvoiceDetailsTests::test_original_items_and_recipient_remain_after_explicit_approval
1 failed, 7 deselected in 0.07s
