PASS actual local Python engine starts with an empty inspector and no external calls
PASS keyboard opens original draft details without changing the queued approval, snapshot or request count
PASS details stay open and retain the original invoice when explicit approval removes its queued payload
Traceback (most recent call last):
  File "/srv/hamon-estate/receivers/estate-a3425ebf9874-ledgerly-invoice-details/source/web-demo/tools/check_invoice_details_browser.py", line 190, in main
    load_fixture("02_gbp_proofreading.txt")
    ~~~~~~~~~~~~^^^^^^^^^^^^^^^^^^^^^^^^^^^
  File "/srv/hamon-estate/receivers/estate-a3425ebf9874-ledgerly-invoice-details/source/web-demo/tools/check_invoice_details_browser.py", line 133, in load_fixture
    page.locator("#fixture-select").select_option(name)
    ~~~~~~~~~~~~~~~~~~~~~~~~~~~~~~~~~~~~~~~~~~~~~^^^^^^
  File "/dev/shm/hamon-a3425ebf9874-ledgerly-invoice-details/browser-runtime/playwright/sync_api/_generated.py", line 17531, in select_option
    self._sync(
    ~~~~~~~~~~^
        self._impl_obj.select_option(
        ^^^^^^^^^^^^^^^^^^^^^^^^^^^^^
    ...<7 lines>...
        )
        ^
    )
    ^
  File "/dev/shm/hamon-a3425ebf9874-ledgerly-invoice-details/browser-runtime/playwright/_impl/_sync_base.py", line 115, in _sync
    return task.result()
           ~~~~~~~~~~~^^
  File "/dev/shm/hamon-a3425ebf9874-ledgerly-invoice-details/browser-runtime/playwright/_impl/_locator.py", line 579, in select_option
    return await self._frame.select_option(
           ^^^^^^^^^^^^^^^^^^^^^^^^^^^^^^^^
    ...<3 lines>...
    )
    ^
  File "/dev/shm/hamon-a3425ebf9874-ledgerly-invoice-details/browser-runtime/playwright/_impl/_frame.py", line 763, in select_option
    return await self._channel.send("selectOption", self._timeout, params)
           ^^^^^^^^^^^^^^^^^^^^^^^^^^^^^^^^^^^^^^^^^^^^^^^^^^^^^^^^^^^^^^^
  File "/dev/shm/hamon-a3425ebf9874-ledgerly-invoice-details/browser-runtime/playwright/_impl/_connection.py", line 69, in send
    return await self._connection.wrap_api_call(
           ^^^^^^^^^^^^^^^^^^^^^^^^^^^^^^^^^^^^^
    ...<3 lines>...
    )
    ^
  File "/dev/shm/hamon-a3425ebf9874-ledgerly-invoice-details/browser-runtime/playwright/_impl/_connection.py", line 558, in wrap_api_call
    raise rewrite_error(error, f"{parsed_st['apiName']}: {error}") from None
playwright._impl._errors.TimeoutError: Locator.select_option: Timeout 30000ms exceeded.
Call log:
  - waiting for locator("#fixture-select")
    - locator resolved to <select id="fixture-select">…</select>
  - attempting select option action
    2 × waiting for element to be visible and enabled
      - did not find some options
    - retrying select option action
    - waiting 20ms
    2 × waiting for element to be visible and enabled
      - did not find some options
    - retrying select option action
      - waiting 100ms
    60 × waiting for element to be visible and enabled
       - did not find some options
     - retrying select option action
       - waiting 500ms


Traceback (most recent call last):
  File "/srv/hamon-estate/receivers/estate-a3425ebf9874-ledgerly-invoice-details/source/web-demo/tools/check_invoice_details_browser.py", line 331, in <module>
    main()
    ~~~~^^
  File "/srv/hamon-estate/receivers/estate-a3425ebf9874-ledgerly-invoice-details/source/web-demo/tools/check_invoice_details_browser.py", line 190, in main
    load_fixture("02_gbp_proofreading.txt")
    ~~~~~~~~~~~~^^^^^^^^^^^^^^^^^^^^^^^^^^^
  File "/srv/hamon-estate/receivers/estate-a3425ebf9874-ledgerly-invoice-details/source/web-demo/tools/check_invoice_details_browser.py", line 133, in load_fixture
    page.locator("#fixture-select").select_option(name)
    ~~~~~~~~~~~~~~~~~~~~~~~~~~~~~~~~~~~~~~~~~~~~~^^^^^^
  File "/dev/shm/hamon-a3425ebf9874-ledgerly-invoice-details/browser-runtime/playwright/sync_api/_generated.py", line 17531, in select_option
    self._sync(
    ~~~~~~~~~~^
        self._impl_obj.select_option(
        ^^^^^^^^^^^^^^^^^^^^^^^^^^^^^
    ...<7 lines>...
        )
        ^
    )
    ^
  File "/dev/shm/hamon-a3425ebf9874-ledgerly-invoice-details/browser-runtime/playwright/_impl/_sync_base.py", line 115, in _sync
    return task.result()
           ~~~~~~~~~~~^^
  File "/dev/shm/hamon-a3425ebf9874-ledgerly-invoice-details/browser-runtime/playwright/_impl/_locator.py", line 579, in select_option
    return await self._frame.select_option(
           ^^^^^^^^^^^^^^^^^^^^^^^^^^^^^^^^
    ...<3 lines>...
    )
    ^
  File "/dev/shm/hamon-a3425ebf9874-ledgerly-invoice-details/browser-runtime/playwright/_impl/_frame.py", line 763, in select_option
    return await self._channel.send("selectOption", self._timeout, params)
           ^^^^^^^^^^^^^^^^^^^^^^^^^^^^^^^^^^^^^^^^^^^^^^^^^^^^^^^^^^^^^^^
  File "/dev/shm/hamon-a3425ebf9874-ledgerly-invoice-details/browser-runtime/playwright/_impl/_connection.py", line 69, in send
    return await self._connection.wrap_api_call(
           ^^^^^^^^^^^^^^^^^^^^^^^^^^^^^^^^^^^^^
    ...<3 lines>...
    )
    ^
  File "/dev/shm/hamon-a3425ebf9874-ledgerly-invoice-details/browser-runtime/playwright/_impl/_connection.py", line 558, in wrap_api_call
    raise rewrite_error(error, f"{parsed_st['apiName']}: {error}") from None
playwright._impl._errors.TimeoutError: Locator.select_option: Timeout 30000ms exceeded.
Call log:
  - waiting for locator("#fixture-select")
    - locator resolved to <select id="fixture-select">…</select>
  - attempting select option action
    2 × waiting for element to be visible and enabled
      - did not find some options
    - retrying select option action
    - waiting 20ms
    2 × waiting for element to be visible and enabled
      - did not find some options
    - retrying select option action
      - waiting 100ms
    60 × waiting for element to be visible and enabled
       - did not find some options
     - retrying select option action
       - waiting 500ms

