test_currency_rounding_of_valid_fractional_quantities_remains_payable (__main__.PaymentReview.test_currency_rounding_of_valid_fractional_quantities_remains_payable) ... 
  test_currency_rounding_of_valid_fractional_quantities_remains_payable (__main__.PaymentReview.test_currency_rounding_of_valid_fractional_quantities_remains_payable) (quantity='1.5') ... FAIL
  test_currency_rounding_of_valid_fractional_quantities_remains_payable (__main__.PaymentReview.test_currency_rounding_of_valid_fractional_quantities_remains_payable) (quantity='1.3') ... FAIL
test_same_partial_invoice_survives_six_refusals_and_exact_retries (__main__.PaymentReview.test_same_partial_invoice_survives_six_refusals_and_exact_retries) ... ok

======================================================================
FAIL: test_currency_rounding_of_valid_fractional_quantities_remains_payable (__main__.PaymentReview.test_currency_rounding_of_valid_fractional_quantities_remains_payable) (quantity='1.5')
----------------------------------------------------------------------
Traceback (most recent call last):
  File "/dev/shm/estate-runtime-ledger-payment-review-3dab/test_payment_receiving_v1.py", line 74, in test_currency_rounding_of_valid_fractional_quantities_remains_payable
    self.assertTrue(first["ok"], first)
AssertionError: False is not true : {'ok': False, 'error': 'ValueError', 'message': 'Sandbox payment could not be applied exactly; the invoice was not changed.', 'state': {'today': '2026-10-08', 'ledger': [{'invoice_id': 'INV2-MOCK-0001-7AE1', 'invoice_number': 'LDG-0001', 'client_name': 'Oliver Hughes', 'client_email': 'oliver@thamesreads.example', 'currency': 'GBP', 'total': '0.02', 'paid_amount': '0', 'balance': '0.02', 'status': 'SENT', 'sent_on': '2026-10-08', 'due_on': '2026-11-07', 'reminders_sent': 0}], 'pending': [], 'audit': [{'at': '2026-10-08T13:33:39.458521+00:00', 'event': 'queued', 'action': 'apv_df9d6d1f57', 'kind': 'send_invoice', 'invoice': 'INV2-MOCK-0001-7AE1'}, {'at': '2026-10-08T13:33:39.458533+00:00', 'event': 'tool', 'ok': True}, {'at': '2026-10-08T13:33:39.458659+00:00', 'event': 'tool', 'ok': True}, {'at': '2026-10-08T13:33:39.458925+00:00', 'event': 'approved', 'action': 'apv_df9d6d1f57', 'kind': 'send_invoice', 'invoice': 'INV2-MOCK-0001-7AE1'}], 'mock_requests': 4, 'external_calls': 0, 'can_replay': False}}

======================================================================
FAIL: test_currency_rounding_of_valid_fractional_quantities_remains_payable (__main__.PaymentReview.test_currency_rounding_of_valid_fractional_quantities_remains_payable) (quantity='1.3')
----------------------------------------------------------------------
Traceback (most recent call last):
  File "/dev/shm/estate-runtime-ledger-payment-review-3dab/test_payment_receiving_v1.py", line 74, in test_currency_rounding_of_valid_fractional_quantities_remains_payable
    self.assertTrue(first["ok"], first)
AssertionError: False is not true : {'ok': False, 'error': 'ValueError', 'message': 'Sandbox payment could not be applied exactly; the invoice was not changed.', 'state': {'today': '2026-10-08', 'ledger': [{'invoice_id': 'INV2-MOCK-0001-B268', 'invoice_number': 'LDG-0001', 'client_name': 'Oliver Hughes', 'client_email': 'oliver@thamesreads.example', 'currency': 'GBP', 'total': '0.01', 'paid_amount': '0', 'balance': '0.01', 'status': 'SENT', 'sent_on': '2026-10-08', 'due_on': '2026-11-07', 'reminders_sent': 0}], 'pending': [], 'audit': [{'at': '2026-10-08T13:33:39.460010+00:00', 'event': 'queued', 'action': 'apv_1440c3cbd9', 'kind': 'send_invoice', 'invoice': 'INV2-MOCK-0001-B268'}, {'at': '2026-10-08T13:33:39.460018+00:00', 'event': 'tool', 'ok': True}, {'at': '2026-10-08T13:33:39.460153+00:00', 'event': 'tool', 'ok': True}, {'at': '2026-10-08T13:33:39.460401+00:00', 'event': 'approved', 'action': 'apv_1440c3cbd9', 'kind': 'send_invoice', 'invoice': 'INV2-MOCK-0001-B268'}], 'mock_requests': 4, 'external_calls': 0, 'can_replay': False}}

----------------------------------------------------------------------
Ran 2 tests in 0.015s

FAILED (failures=2)
